Archive member included to satisfy reference by file (symbol)

/usr/lib/gcc/arm-none-eabi/7.3.1/thumb/v6-m/libgcc.a(_dvmd_tls.o)
                              CMakeFiles/seatsensor.dir/home/pi/pico/pico-sdk/src/rp2_common/pico_divider/divider.S.obj (__aeabi_idiv0)
/usr/lib/gcc/arm-none-eabi/7.3.1/../../../arm-none-eabi/lib/thumb/v6-m/libg.a(lib_a-atexit.o)
                              /usr/lib/gcc/arm-none-eabi/7.3.1/../../../arm-none-eabi/lib/thumb/v6-m/crt0.o (atexit)
/usr/lib/gcc/arm-none-eabi/7.3.1/../../../arm-none-eabi/lib/thumb/v6-m/libg.a(lib_a-calloc.o)
                              CMakeFiles/seatsensor.dir/home/pi/pico/pico-sdk/src/rp2_common/pico_malloc/pico_malloc.c.obj (calloc)
/usr/lib/gcc/arm-none-eabi/7.3.1/../../../arm-none-eabi/lib/thumb/v6-m/libg.a(lib_a-callocr.o)
                              /usr/lib/gcc/arm-none-eabi/7.3.1/../../../arm-none-eabi/lib/thumb/v6-m/libg.a(lib_a-calloc.o) (_calloc_r)
/usr/lib/gcc/arm-none-eabi/7.3.1/../../../arm-none-eabi/lib/thumb/v6-m/libg.a(lib_a-ctype_.o)
                              CMakeFiles/seatsensor.dir/home/pi/pico/pico-sdk/lib/tinyusb/src/tusb.c.obj (_ctype_)
/usr/lib/gcc/arm-none-eabi/7.3.1/../../../arm-none-eabi/lib/thumb/v6-m/libg.a(lib_a-fini.o)
                              /usr/lib/gcc/arm-none-eabi/7.3.1/../../../arm-none-eabi/lib/thumb/v6-m/crt0.o (__libc_fini_array)
/usr/lib/gcc/arm-none-eabi/7.3.1/../../../arm-none-eabi/lib/thumb/v6-m/libg.a(lib_a-impure.o)
                              /usr/lib/gcc/arm-none-eabi/7.3.1/../../../arm-none-eabi/lib/thumb/v6-m/libg.a(lib_a-calloc.o) (_impure_ptr)
/usr/lib/gcc/arm-none-eabi/7.3.1/../../../arm-none-eabi/lib/thumb/v6-m/libg.a(lib_a-init.o)
                              /usr/lib/gcc/arm-none-eabi/7.3.1/../../../arm-none-eabi/lib/thumb/v6-m/crt0.o (__libc_init_array)
/usr/lib/gcc/arm-none-eabi/7.3.1/../../../arm-none-eabi/lib/thumb/v6-m/libg.a(lib_a-malloc.o)
                              CMakeFiles/seatsensor.dir/home/pi/pico/pico-sdk/src/rp2_common/pico_malloc/pico_malloc.c.obj (malloc)
/usr/lib/gcc/arm-none-eabi/7.3.1/../../../arm-none-eabi/lib/thumb/v6-m/libg.a(lib_a-mallocr.o)
                              /usr/lib/gcc/arm-none-eabi/7.3.1/../../../arm-none-eabi/lib/thumb/v6-m/libg.a(lib_a-callocr.o) (_malloc_r)
/usr/lib/gcc/arm-none-eabi/7.3.1/../../../arm-none-eabi/lib/thumb/v6-m/libg.a(lib_a-memcmp.o)
                              CMakeFiles/seatsensor.dir/common.c.obj (memcmp)
/usr/lib/gcc/arm-none-eabi/7.3.1/../../../arm-none-eabi/lib/thumb/v6-m/libg.a(lib_a-mlock.o)
                              /usr/lib/gcc/arm-none-eabi/7.3.1/../../../arm-none-eabi/lib/thumb/v6-m/libg.a(lib_a-mallocr.o) (__malloc_lock)
/usr/lib/gcc/arm-none-eabi/7.3.1/../../../arm-none-eabi/lib/thumb/v6-m/libg.a(lib_a-realloc.o)
                              CMakeFiles/seatsensor.dir/home/pi/pico/pico-sdk/src/rp2_common/pico_malloc/pico_malloc.c.obj (realloc)
/usr/lib/gcc/arm-none-eabi/7.3.1/../../../arm-none-eabi/lib/thumb/v6-m/libg.a(lib_a-reallocr.o)
                              /usr/lib/gcc/arm-none-eabi/7.3.1/../../../arm-none-eabi/lib/thumb/v6-m/libg.a(lib_a-realloc.o) (_realloc_r)
/usr/lib/gcc/arm-none-eabi/7.3.1/../../../arm-none-eabi/lib/thumb/v6-m/libg.a(lib_a-sbrkr.o)
                              /usr/lib/gcc/arm-none-eabi/7.3.1/../../../arm-none-eabi/lib/thumb/v6-m/libg.a(lib_a-mallocr.o) (_sbrk_r)
/usr/lib/gcc/arm-none-eabi/7.3.1/../../../arm-none-eabi/lib/thumb/v6-m/libg.a(lib_a-sscanf.o)
                              CMakeFiles/seatsensor.dir/seatsensor.c.obj (sscanf)
/usr/lib/gcc/arm-none-eabi/7.3.1/../../../arm-none-eabi/lib/thumb/v6-m/libg.a(lib_a-stdio.o)
                              /usr/lib/gcc/arm-none-eabi/7.3.1/../../../arm-none-eabi/lib/thumb/v6-m/libg.a(lib_a-sscanf.o) (__seofread)
/usr/lib/gcc/arm-none-eabi/7.3.1/../../../arm-none-eabi/lib/thumb/v6-m/libg.a(lib_a-strcasecmp.o)
                              CMakeFiles/seatsensor.dir/seatsensor.c.obj (strcasecmp)
/usr/lib/gcc/arm-none-eabi/7.3.1/../../../arm-none-eabi/lib/thumb/v6-m/libg.a(lib_a-strcmp.o)
                              CMakeFiles/seatsensor.dir/common.c.obj (strcmp)
/usr/lib/gcc/arm-none-eabi/7.3.1/../../../arm-none-eabi/lib/thumb/v6-m/libg.a(lib_a-strcpy.o)
                              CMakeFiles/seatsensor.dir/common.c.obj (strcpy)
/usr/lib/gcc/arm-none-eabi/7.3.1/../../../arm-none-eabi/lib/thumb/v6-m/libg.a(lib_a-strlen-stub.o)
                              CMakeFiles/seatsensor.dir/home/pi/pico/pico-sdk/src/rp2_common/pico_stdio/stdio.c.obj (strlen)
/usr/lib/gcc/arm-none-eabi/7.3.1/../../../arm-none-eabi/lib/thumb/v6-m/libg.a(lib_a-svfscanf.o)
                              /usr/lib/gcc/arm-none-eabi/7.3.1/../../../arm-none-eabi/lib/thumb/v6-m/libg.a(lib_a-sscanf.o) (__ssvfscanf_r)
/usr/lib/gcc/arm-none-eabi/7.3.1/../../../arm-none-eabi/lib/thumb/v6-m/libg.a(lib_a-writer.o)
                              /usr/lib/gcc/arm-none-eabi/7.3.1/../../../arm-none-eabi/lib/thumb/v6-m/libg.a(lib_a-stdio.o) (_write_r)
[...]
Memory Configuration

Name             Origin             Length             Attributes
FLASH            0x10000000         0x00200000         xr
RAM              0x20000000         0x00040000         xrw
SCRATCH_X        0x20040000         0x00001000         xrw
SCRATCH_Y        0x20041000         0x00001000         xrw
*default*        0x00000000         0xffffffff

Linker script and memory map

LOAD /usr/lib/gcc/arm-none-eabi/7.3.1/thumb/v6-m/crti.o
LOAD /usr/lib/gcc/arm-none-eabi/7.3.1/thumb/v6-m/crtbegin.o
LOAD /usr/lib/gcc/arm-none-eabi/7.3.1/../../../arm-none-eabi/lib/thumb/v6-m/crt0.o

.flash_begin    0x10000000        0x0
                0x10000000                __flash_binary_start = .

.boot2          0x10000000      0x100
                0x10000000                __boot2_start__ = .
 *(.boot2)
 .boot2         0x10000000      0x100 /tmp/ccouagso.o
                0x10000100                __boot2_end__ = .
                0x00000001                ASSERT (((__boot2_end__ - __boot2_start__) == 0x100), ERROR: Pico second stage bootloader must be 256 bytes in size)

.text           0x10000100     0xacc0
                0x10000100                __logical_binary_start = .
 *(.vectors)
 .vectors       0x10000100       0xd4 CMakeFiles/seatsensor.dir/home/pi/pico/pico-sdk/src/rp2_common/pico_standard_link/crt0.S.obj
                0x10000100                __vectors
                0x10000100                __VECTOR_TABLE
                0x100001c0                isr_invalid
                0x100001c0                __default_isrs_start
                0x100001c2                isr_nmi
                0x100001c4                isr_hardfault
                0x100001c6                isr_svcall
                0x100001c8                isr_pendsv
                0x100001ca                isr_systick
                0x100001cc                isr_irq30
                0x100001cc                __unhandled_user_irq
                0x100001cc                isr_irq13
                0x100001cc                isr_irq27
                0x100001cc                isr_irq31
                0x100001cc                isr_irq5
                0x100001cc                isr_irq11
                0x100001cc                isr_irq23
                0x100001cc                isr_irq18
                0x100001cc                isr_irq28
                0x100001cc                isr_irq19
                0x100001cc                isr_irq0
                0x100001cc                isr_irq6
                0x100001cc                isr_irq22
                0x100001cc                isr_irq17
                0x100001cc                isr_irq14
                0x100001cc                isr_irq2
                0x100001cc                isr_irq10
                0x100001cc                isr_irq8
                0x100001cc                isr_irq24
                0x100001cc                isr_irq1
                0x100001cc                isr_irq7
                0x100001cc                isr_irq21
                0x100001cc                isr_irq20
                0x100001cc                isr_irq15
                0x100001cc                isr_irq25
                0x100001cc                isr_irq4
                0x100001cc                isr_irq16
                0x100001cc                isr_irq29
                0x100001cc                isr_irq26
                0x100001cc                __default_isrs_end
                0x100001cc                isr_irq3
                0x100001cc                isr_irq12
                0x100001cc                isr_irq9
                0x100001d2                unhandled_user_irq_num_in_r0
 *(.binary_info_header)
 .binary_info_header
                0x100001d4       0x14 CMakeFiles/seatsensor.dir/home/pi/pico/pico-sdk/src/rp2_common/pico_standard_link/crt0.S.obj
                0x100001e8                __binary_info_header_end = .
 *(.reset)
 .reset         0x100001e8       0xa8 CMakeFiles/seatsensor.dir/home/pi/pico/pico-sdk/src/rp2_common/pico_standard_link/crt0.S.obj
                0x100001e8                _entry_point
                0x10000266                __get_current_exception
 .reset         0x10000290       0x30 CMakeFiles/seatsensor.dir/home/pi/pico/pico-sdk/src/rp2_common/pico_standard_link/binary_info.c.obj
 *(.init)
 .init          0x100002c0        0x4 /usr/lib/gcc/arm-none-eabi/7.3.1/thumb/v6-m/crti.o
                0x100002c0                _init
 *(EXCLUDE_FILE(*libm.a: *libc.a:*lib_a-mem*.o *libgcc.a:) .text*)
 .text          0x100002c4       0x98 /usr/lib/gcc/arm-none-eabi/7.3.1/thumb/v6-m/crtbegin.o
 .text.getMap   0x1000035c       0x3c CMakeFiles/seatsensor.dir/seatsensor.c.obj
                0x1000035c                getMap
 .text.listThresholds
                0x10000398       0x4c CMakeFiles/seatsensor.dir/seatsensor.c.obj
                0x10000398                listThresholds
 .text.System   0x100003e4      0x1c0 CMakeFiles/seatsensor.dir/seatsensor.c.obj
                0x100003e4                System
 .text.selectChannel
                0x100005a4       0xb4 CMakeFiles/seatsensor.dir/seatsensor.c.obj
                0x100005a4                selectChannel
 .text.MeasureADC
                0x10000658       0xbc CMakeFiles/seatsensor.dir/seatsensor.c.obj
                0x10000658                MeasureADC
 .text.main     0x10000714       0xd8 CMakeFiles/seatsensor.dir/seatsensor.c.obj
                0x10000714                main
 .text.GetBoardID
                0x100007ec       0x30 CMakeFiles/seatsensor.dir/common.c.obj
                0x100007ec                GetBoardID
 .text.SaveConfig
                0x1000081c       0x48 CMakeFiles/seatsensor.dir/common.c.obj
                0x1000081c                SaveConfig
 .text.UpdateConfig
                0x10000864       0x28 CMakeFiles/seatsensor.dir/common.c.obj
                0x10000864                UpdateConfig
 .text.initSys  0x1000088c      0x114 CMakeFiles/seatsensor.dir/common.c.obj
                0x1000088c                initSys
 .text.resetPico
                0x100009a0       0x1c CMakeFiles/seatsensor.dir/common.c.obj
                0x100009a0                resetPico
 .text.LoopButton
                0x100009bc      0x128 CMakeFiles/seatsensor.dir/common.c.obj
                0x100009bc                LoopButton
 .text.loopSys  0x10000ae4       0x38 CMakeFiles/seatsensor.dir/common.c.obj
                0x10000ae4                loopSys
 .text.adc_init
                0x10000b1c       0x34 CMakeFiles/seatsensor.dir/home/pi/pico/pico-sdk/src/rp2_common/hardware_adc/adc.c.obj
                0x10000b1c                adc_init
 .text.hw_claim_lock
                0x10000b50       0x18 CMakeFiles/seatsensor.dir/home/pi/pico/pico-sdk/src/rp2_common/hardware_claim/claim.c.obj
                0x10000b50                hw_claim_lock
 .text.hw_claim_unlock
                0x10000b68       0x14 CMakeFiles/seatsensor.dir/home/pi/pico/pico-sdk/src/rp2_common/hardware_claim/claim.c.obj
                0x10000b68                hw_claim_unlock
 .text.hw_claim_or_assert
                0x10000b7c       0x32 CMakeFiles/seatsensor.dir/home/pi/pico/pico-sdk/src/rp2_common/hardware_claim/claim.c.obj
                0x10000b7c                hw_claim_or_assert
 *fill*         0x10000bae        0x2 
 .text.running_on_fpga
                0x10000bb0       0x14 CMakeFiles/seatsensor.dir/home/pi/pico/pico-sdk/src/rp2_common/pico_platform/platform.c.obj
                0x10000bb0                running_on_fpga
 .text.spin_locks_reset
                0x10000bc4       0x20 CMakeFiles/seatsensor.dir/home/pi/pico/pico-sdk/src/rp2_common/hardware_sync/sync.c.obj
                0x10000bc4                spin_locks_reset
 .text.next_striped_spin_lock_num
                0x10000be4       0x1c CMakeFiles/seatsensor.dir/home/pi/pico/pico-sdk/src/rp2_common/hardware_sync/sync.c.obj
                0x10000be4                next_striped_spin_lock_num
 .text.gpio_set_function
                0x10000c00       0x30 CMakeFiles/seatsensor.dir/home/pi/pico/pico-sdk/src/rp2_common/hardware_gpio/gpio.c.obj
                0x10000c00                gpio_set_function
 .text.gpio_set_pulls
                0x10000c30       0x34 CMakeFiles/seatsensor.dir/home/pi/pico/pico-sdk/src/rp2_common/hardware_gpio/gpio.c.obj
                0x10000c30                gpio_set_pulls
 .text.gpio_set_input_enabled
                0x10000c64       0x30 CMakeFiles/seatsensor.dir/home/pi/pico/pico-sdk/src/rp2_common/hardware_gpio/gpio.c.obj
                0x10000c64                gpio_set_input_enabled
 .text.gpio_init
                0x10000c94       0x16 CMakeFiles/seatsensor.dir/home/pi/pico/pico-sdk/src/rp2_common/hardware_gpio/gpio.c.obj
                0x10000c94                gpio_init
 *fill*         0x10000caa        0x2 
 .text.set_raw_irq_handler_and_unlock
                0x10000cac       0x28 CMakeFiles/seatsensor.dir/home/pi/pico/pico-sdk/src/rp2_common/hardware_irq/irq.c.obj
 .text.make_branch
                0x10000cd4       0x48 CMakeFiles/seatsensor.dir/home/pi/pico/pico-sdk/src/rp2_common/hardware_irq/irq.c.obj
 .text.insert_branch_and_link
                0x10000d1c       0x40 CMakeFiles/seatsensor.dir/home/pi/pico/pico-sdk/src/rp2_common/hardware_irq/irq.c.obj
 .text.irq_is_enabled
                0x10000d5c       0x18 CMakeFiles/seatsensor.dir/home/pi/pico/pico-sdk/src/rp2_common/hardware_irq/irq.c.obj
                0x10000d5c                irq_is_enabled
 .text.irq_set_mask_enabled
                0x10000d74       0x20 CMakeFiles/seatsensor.dir/home/pi/pico/pico-sdk/src/rp2_common/hardware_irq/irq.c.obj
                0x10000d74                irq_set_mask_enabled
 .text.irq_set_enabled
                0x10000d94        0xe CMakeFiles/seatsensor.dir/home/pi/pico/pico-sdk/src/rp2_common/hardware_irq/irq.c.obj
                0x10000d94                irq_set_enabled
 *fill*         0x10000da2        0x2 
 .text.irq_get_vtable_handler
                0x10000da4       0x10 CMakeFiles/seatsensor.dir/home/pi/pico/pico-sdk/src/rp2_common/hardware_irq/irq.c.obj
                0x10000da4                irq_get_vtable_handler
 .text.irq_set_exclusive_handler
                0x10000db4       0x54 CMakeFiles/seatsensor.dir/home/pi/pico/pico-sdk/src/rp2_common/hardware_irq/irq.c.obj
                0x10000db4                irq_set_exclusive_handler
 .text.irq_remove_handler
                0x10000e08      0x1ac CMakeFiles/seatsensor.dir/home/pi/pico/pico-sdk/src/rp2_common/hardware_irq/irq.c.obj
                0x10000e08                irq_remove_handler
 .text.irq_add_tail_to_free_list
                0x10000fb4       0xf0 CMakeFiles/seatsensor.dir/home/pi/pico/pico-sdk/src/rp2_common/hardware_irq/irq.c.obj
                0x10000fb4                irq_add_tail_to_free_list
 .text.irq_init_priorities
                0x100010a4       0x1c CMakeFiles/seatsensor.dir/home/pi/pico/pico-sdk/src/rp2_common/hardware_irq/irq.c.obj
                0x100010a4                irq_init_priorities
 .text.lock_init
                0x100010c0       0x10 CMakeFiles/seatsensor.dir/home/pi/pico/pico-sdk/src/common/pico_sync/lock_core.c.obj
                0x100010c0                lock_init
 .text.alarm_pool_post_alloc_init
                0x100010d0       0x40 CMakeFiles/seatsensor.dir/home/pi/pico/pico-sdk/src/common/pico_time/time.c.obj
 .text.sleep_until_callback
                0x10001110       0x30 CMakeFiles/seatsensor.dir/home/pi/pico/pico-sdk/src/common/pico_time/time.c.obj
 .text.timer_pool_entry_comparator
                0x10001140       0x7c CMakeFiles/seatsensor.dir/home/pi/pico/pico-sdk/src/common/pico_time/time.c.obj
                0x10001140                timer_pool_entry_comparator
 .text.ph_add_child_node
                0x100011bc       0xa4 CMakeFiles/seatsensor.dir/home/pi/pico/pico-sdk/src/common/pico_time/time.c.obj
 .text.ph_merge_nodes
                0x10001260       0x3a CMakeFiles/seatsensor.dir/home/pi/pico/pico-sdk/src/common/pico_time/time.c.obj
 *fill*         0x1000129a        0x2 
 .text.add_alarm_under_lock
                0x1000129c      0x180 CMakeFiles/seatsensor.dir/home/pi/pico/pico-sdk/src/common/pico_time/time.c.obj
 .text.alarm_pool_alarm_callback
                0x1000141c      0x344 CMakeFiles/seatsensor.dir/home/pi/pico/pico-sdk/src/common/pico_time/time.c.obj
 .text.alarm_pool_init_default
                0x10001760       0x38 CMakeFiles/seatsensor.dir/home/pi/pico/pico-sdk/src/common/pico_time/time.c.obj
                0x10001760                alarm_pool_init_default
 .text.alarm_pool_get_default
                0x10001798       0x2c CMakeFiles/seatsensor.dir/home/pi/pico/pico-sdk/src/common/pico_time/time.c.obj
                0x10001798                alarm_pool_get_default
 .text.alarm_pool_add_alarm_at
                0x100017c4      0x168 CMakeFiles/seatsensor.dir/home/pi/pico/pico-sdk/src/common/pico_time/time.c.obj
                0x100017c4                alarm_pool_add_alarm_at
 .text.sleep_until
                0x1000192c       0xfc CMakeFiles/seatsensor.dir/home/pi/pico/pico-sdk/src/common/pico_time/time.c.obj
                0x1000192c                sleep_until
 .text.sleep_us
                0x10001a28       0x54 CMakeFiles/seatsensor.dir/home/pi/pico/pico-sdk/src/common/pico_time/time.c.obj
                0x10001a28                sleep_us
 .text.sleep_ms
                0x10001a7c       0x14 CMakeFiles/seatsensor.dir/home/pi/pico/pico-sdk/src/common/pico_time/time.c.obj
                0x10001a7c                sleep_ms
 .text.hardware_alarm_irq_handler
                0x10001a90       0x8c CMakeFiles/seatsensor.dir/home/pi/pico/pico-sdk/src/rp2_common/hardware_timer/timer.c.obj
 .text.hardware_alarm_claim
                0x10001b1c       0x18 CMakeFiles/seatsensor.dir/home/pi/pico/pico-sdk/src/rp2_common/hardware_timer/timer.c.obj
                0x10001b1c                hardware_alarm_claim
 .text.time_us_64
                0x10001b34       0x18 CMakeFiles/seatsensor.dir/home/pi/pico/pico-sdk/src/rp2_common/hardware_timer/timer.c.obj
                0x10001b34                time_us_64
 .text.busy_wait_until
                0x10001b4c       0x28 CMakeFiles/seatsensor.dir/home/pi/pico/pico-sdk/src/rp2_common/hardware_timer/timer.c.obj
                0x10001b4c                busy_wait_until
 .text.busy_wait_us
                0x10001b74       0x48 CMakeFiles/seatsensor.dir/home/pi/pico/pico-sdk/src/rp2_common/hardware_timer/timer.c.obj
                0x10001b74                busy_wait_us
 .text.hardware_alarm_set_callback
                0x10001bbc       0x90 CMakeFiles/seatsensor.dir/home/pi/pico/pico-sdk/src/rp2_common/hardware_timer/timer.c.obj
                0x10001bbc                hardware_alarm_set_callback
 .text.hardware_alarm_set_target
                0x10001c4c       0xe8 CMakeFiles/seatsensor.dir/home/pi/pico/pico-sdk/src/rp2_common/hardware_timer/timer.c.obj
                0x10001c4c                hardware_alarm_set_target
 .text.hardware_alarm_cancel
                0x10001d34       0x40 CMakeFiles/seatsensor.dir/home/pi/pico/pico-sdk/src/rp2_common/hardware_timer/timer.c.obj
                0x10001d34                hardware_alarm_cancel
 .text.ph_add_child_node
                0x10001d74       0xa4 CMakeFiles/seatsensor.dir/home/pi/pico/pico-sdk/src/common/pico_util/pheap.c.obj
 .text.ph_merge_nodes
                0x10001e18       0x3a CMakeFiles/seatsensor.dir/home/pi/pico/pico-sdk/src/common/pico_util/pheap.c.obj
 *fill*         0x10001e52        0x2 
 .text.ph_clear
                0x10001e54       0x70 CMakeFiles/seatsensor.dir/home/pi/pico/pico-sdk/src/common/pico_util/pheap.c.obj
                0x10001e54                ph_clear
 .text.ph_post_alloc_init
                0x10001ec4        0xe CMakeFiles/seatsensor.dir/home/pi/pico/pico-sdk/src/common/pico_util/pheap.c.obj
                0x10001ec4                ph_post_alloc_init
 *fill*         0x10001ed2        0x2 
 .text.ph_merge_two_pass
                0x10001ed4       0xac CMakeFiles/seatsensor.dir/home/pi/pico/pico-sdk/src/common/pico_util/pheap.c.obj
                0x10001ed4                ph_merge_two_pass
 .text.ph_remove_any_head
                0x10001f80      0x108 CMakeFiles/seatsensor.dir/home/pi/pico/pico-sdk/src/common/pico_util/pheap.c.obj
 .text.ph_remove_head
                0x10002088       0x14 CMakeFiles/seatsensor.dir/home/pi/pico/pico-sdk/src/common/pico_util/pheap.c.obj
                0x10002088                ph_remove_head
 .text.ph_remove_and_free_node
                0x1000209c       0xf8 CMakeFiles/seatsensor.dir/home/pi/pico/pico-sdk/src/common/pico_util/pheap.c.obj
                0x1000209c                ph_remove_and_free_node
 .text.mutex_init
                0x10002194       0x1a CMakeFiles/seatsensor.dir/home/pi/pico/pico-sdk/src/common/pico_sync/mutex.c.obj
                0x10002194                mutex_init
 .text.recursive_mutex_init
                0x100021ae       0x1e CMakeFiles/seatsensor.dir/home/pi/pico/pico-sdk/src/common/pico_sync/mutex.c.obj
                0x100021ae                recursive_mutex_init
 .text.uart_set_baudrate
                0x100021cc       0x5c CMakeFiles/seatsensor.dir/home/pi/pico/pico-sdk/src/rp2_common/hardware_uart/uart.c.obj
                0x100021cc                uart_set_baudrate
 .text.uart_set_translate_crlf
                0x10002228       0x28 CMakeFiles/seatsensor.dir/home/pi/pico/pico-sdk/src/rp2_common/hardware_uart/uart.c.obj
                0x10002228                uart_set_translate_crlf
 .text.uart_init
                0x10002250       0x84 CMakeFiles/seatsensor.dir/home/pi/pico/pico-sdk/src/rp2_common/hardware_uart/uart.c.obj
                0x10002250                uart_init
 .text._exit    0x100022d4        0x4 CMakeFiles/seatsensor.dir/home/pi/pico/pico-sdk/src/rp2_common/pico_runtime/runtime.c.obj
                0x100022d4                _exit
 .text._sbrk    0x100022d8       0x38 CMakeFiles/seatsensor.dir/home/pi/pico/pico-sdk/src/rp2_common/pico_runtime/runtime.c.obj
                0x100022d8                _sbrk
 .text.exit     0x10002310        0x6 CMakeFiles/seatsensor.dir/home/pi/pico/pico-sdk/src/rp2_common/pico_runtime/runtime.c.obj
                0x10002310                exit
 *fill*         0x10002316        0x2 
 .text.__assert_func
                0x10002318       0x3c CMakeFiles/seatsensor.dir/home/pi/pico/pico-sdk/src/rp2_common/pico_runtime/runtime.c.obj
                0x10002318                __assert_func
 .text.runtime_init
                0x10002354       0xf8 CMakeFiles/seatsensor.dir/home/pi/pico/pico-sdk/src/rp2_common/pico_runtime/runtime.c.obj
                0x10002354                runtime_init
 .text.panic    0x1000244c       0x30 CMakeFiles/seatsensor.dir/home/pi/pico/pico-sdk/src/rp2_common/pico_runtime/runtime.c.obj
                0x1000244c                panic
 .text.clock_configure
                0x1000247c       0xfc CMakeFiles/seatsensor.dir/home/pi/pico/pico-sdk/src/rp2_common/hardware_clocks/clocks.c.obj
                0x1000247c                clock_configure
 .text.clocks_init
                0x10002578      0x100 CMakeFiles/seatsensor.dir/home/pi/pico/pico-sdk/src/rp2_common/hardware_clocks/clocks.c.obj
                0x10002578                clocks_init
 .text.clock_get_hz
                0x10002678        0xc CMakeFiles/seatsensor.dir/home/pi/pico/pico-sdk/src/rp2_common/hardware_clocks/clocks.c.obj
                0x10002678                clock_get_hz
 .text.pll_init
                0x10002684      0x140 CMakeFiles/seatsensor.dir/home/pi/pico/pico-sdk/src/rp2_common/hardware_pll/pll.c.obj
                0x10002684                pll_init
 .text.watchdog_start_tick
                0x100027c4       0x10 CMakeFiles/seatsensor.dir/home/pi/pico/pico-sdk/src/rp2_common/hardware_watchdog/watchdog.c.obj
                0x100027c4                watchdog_start_tick
 .text.watchdog_update
                0x100027d4       0x14 CMakeFiles/seatsensor.dir/home/pi/pico/pico-sdk/src/rp2_common/hardware_watchdog/watchdog.c.obj
                0x100027d4                watchdog_update
 .text._watchdog_enable
                0x100027e8       0x74 CMakeFiles/seatsensor.dir/home/pi/pico/pico-sdk/src/rp2_common/hardware_watchdog/watchdog.c.obj
                0x100027e8                _watchdog_enable
 .text.watchdog_reboot
                0x1000285c       0x44 CMakeFiles/seatsensor.dir/home/pi/pico/pico-sdk/src/rp2_common/hardware_watchdog/watchdog.c.obj
                0x1000285c                watchdog_reboot
 .text.xosc_init
                0x100028a0       0x28 CMakeFiles/seatsensor.dir/home/pi/pico/pico-sdk/src/rp2_common/hardware_xosc/xosc.c.obj
                0x100028a0                xosc_init
 .text._out_buffer
                0x100028c8        0x8 CMakeFiles/seatsensor.dir/home/pi/pico/pico-sdk/src/rp2_common/pico_printf/printf.c.obj
 .text._out_null
                0x100028d0        0x2 CMakeFiles/seatsensor.dir/home/pi/pico/pico-sdk/src/rp2_common/pico_printf/printf.c.obj
 .text._out_fct
                0x100028d2        0xe CMakeFiles/seatsensor.dir/home/pi/pico/pico-sdk/src/rp2_common/pico_printf/printf.c.obj
 .text._atoi    0x100028e0       0x24 CMakeFiles/seatsensor.dir/home/pi/pico/pico-sdk/src/rp2_common/pico_printf/printf.c.obj
 .text._out_rev
                0x10002904       0x8c CMakeFiles/seatsensor.dir/home/pi/pico/pico-sdk/src/rp2_common/pico_printf/printf.c.obj
 .text._ntoa_format
                0x10002990      0x112 CMakeFiles/seatsensor.dir/home/pi/pico/pico-sdk/src/rp2_common/pico_printf/printf.c.obj
 .text._ntoa_long
                0x10002aa2       0x9e CMakeFiles/seatsensor.dir/home/pi/pico/pico-sdk/src/rp2_common/pico_printf/printf.c.obj
 .text._ntoa_long_long
                0x10002b40       0xe2 CMakeFiles/seatsensor.dir/home/pi/pico/pico-sdk/src/rp2_common/pico_printf/printf.c.obj
 *fill*         0x10002c22        0x2 
 .text._etoa    0x10002c24      0x424 CMakeFiles/seatsensor.dir/home/pi/pico/pico-sdk/src/rp2_common/pico_printf/printf.c.obj
 .text._ftoa    0x10003048      0x340 CMakeFiles/seatsensor.dir/home/pi/pico/pico-sdk/src/rp2_common/pico_printf/printf.c.obj
 .text._vsnprintf
                0x10003388      0x640 CMakeFiles/seatsensor.dir/home/pi/pico/pico-sdk/src/rp2_common/pico_printf/printf.c.obj
 .text.__wrap_sprintf
                0x100039c8       0x28 CMakeFiles/seatsensor.dir/home/pi/pico/pico-sdk/src/rp2_common/pico_printf/printf.c.obj
                0x100039c8                __wrap_sprintf
 .text.vfctprintf
                0x100039f0       0x20 CMakeFiles/seatsensor.dir/home/pi/pico/pico-sdk/src/rp2_common/pico_printf/printf.c.obj
                0x100039f0                vfctprintf
 .text          0x10003a10       0x10 CMakeFiles/seatsensor.dir/home/pi/pico/pico-sdk/src/rp2_common/pico_bit_ops/bit_ops_aeabi.S.obj
 .text.rom_func_lookup
                0x10003a20       0x10 CMakeFiles/seatsensor.dir/home/pi/pico/pico-sdk/src/rp2_common/pico_bootrom/bootrom.c.obj
                0x10003a20                rom_func_lookup
 .text.rom_data_lookup
                0x10003a30       0x10 CMakeFiles/seatsensor.dir/home/pi/pico/pico-sdk/src/rp2_common/pico_bootrom/bootrom.c.obj
                0x10003a30                rom_data_lookup
 .text.rom_funcs_lookup
                0x10003a40       0x36 CMakeFiles/seatsensor.dir/home/pi/pico/pico-sdk/src/rp2_common/pico_bootrom/bootrom.c.obj
                0x10003a40                rom_funcs_lookup
 *fill*         0x10003a76        0x2 
 .text.__wrap___aeabi_idiv
                0x10003a78       0x50 CMakeFiles/seatsensor.dir/home/pi/pico/pico-sdk/src/rp2_common/pico_divider/divider.S.obj
                0x10003a78                __wrap___aeabi_idivmod
                0x10003a78                divmod_s32s32
                0x10003a78                div_s32s32
                0x10003a78                __wrap___aeabi_idiv
                0x10003a80                divmod_s32s32_unsafe
                0x10003aac                divmod_s32s32_savestate
 .text.__wrap___aeabi_uidiv
                0x10003ac8       0x4c CMakeFiles/seatsensor.dir/home/pi/pico/pico-sdk/src/rp2_common/pico_divider/divider.S.obj
                0x10003ac8                __wrap___aeabi_uidiv
                0x10003ac8                __wrap___aeabi_uidivmod
                0x10003ac8                div_u32u32
                0x10003ac8                divmod_u32u32
                0x10003ad0                divmod_u32u32_unsafe
                0x10003af8                divmod_u32u32_savestate
 .text.__wrap___aeabi_ldiv
                0x10003b14      0x434 CMakeFiles/seatsensor.dir/home/pi/pico/pico-sdk/src/rp2_common/pico_divider/divider.S.obj
                0x10003b14                div_s64s64
                0x10003b14                divmod_s64s64
                0x10003b14                __wrap___aeabi_ldivmod
                0x10003b4c                div_u64u64
                0x10003b4c                divmod_u64u64
                0x10003b4c                __wrap___aeabi_uldivmod
                0x10003b5c                divmod_u64u64_savestate
                0x10003b84                divmod_s64s64_unsafe
                0x10003c0c                divmod_u64u64_unsafe
 .text.__wrap___aeabi_darithmetic
                0x10003f48       0x80 CMakeFiles/seatsensor.dir/home/pi/pico/pico-sdk/src/rp2_common/pico_double/double_aeabi.S.obj
                0x10003f48                __wrap___aeabi_drsub
                0x10003f4e                __wrap___aeabi_dsub
                0x10003f60                __wrap___aeabi_dadd
                0x10003f72                __wrap___aeabi_ddiv
                0x10003fae                __wrap___aeabi_dmul
 .text.__wrap___aeabi_cdcmple
                0x10003fc8       0x6c CMakeFiles/seatsensor.dir/home/pi/pico/pico-sdk/src/rp2_common/pico_double/double_aeabi.S.obj
                0x10003fc8                __wrap___aeabi_cdrcmple
                0x10003fd8                __wrap___aeabi_cdcmple
                0x10003fd8                __wrap___aeabi_cdcmpeq
 .text.__wrap___aeabi_dcmpeq
                0x10004034       0x10 CMakeFiles/seatsensor.dir/home/pi/pico/pico-sdk/src/rp2_common/pico_double/double_aeabi.S.obj
                0x10004034                __wrap___aeabi_dcmpeq
 .text.__wrap___aeabi_dcmplt
                0x10004044        0xc CMakeFiles/seatsensor.dir/home/pi/pico/pico-sdk/src/rp2_common/pico_double/double_aeabi.S.obj
                0x10004044                __wrap___aeabi_dcmplt
 .text.__wrap___aeabi_dcmple
                0x10004050       0x10 CMakeFiles/seatsensor.dir/home/pi/pico/pico-sdk/src/rp2_common/pico_double/double_aeabi.S.obj
                0x10004050                __wrap___aeabi_dcmple
 .text.__wrap___aeabi_dcmpge
                0x10004060       0x10 CMakeFiles/seatsensor.dir/home/pi/pico/pico-sdk/src/rp2_common/pico_double/double_aeabi.S.obj
                0x10004060                __wrap___aeabi_dcmpge
 .text.__wrap___aeabi_dcmpgt
                0x10004070        0xa CMakeFiles/seatsensor.dir/home/pi/pico/pico-sdk/src/rp2_common/pico_double/double_aeabi.S.obj
                0x10004070                __wrap___aeabi_dcmpgt
 .text.__wrap___aeabi_dcmpun
                0x1000407a       0x1c CMakeFiles/seatsensor.dir/home/pi/pico/pico-sdk/src/rp2_common/pico_double/double_aeabi.S.obj
                0x1000407a                __wrap___aeabi_dcmpun
 *fill*         0x10004096        0x2 
 .text.__wrap___aeabi_i2d
                0x10004098       0x38 CMakeFiles/seatsensor.dir/home/pi/pico/pico-sdk/src/rp2_common/pico_double/double_aeabi.S.obj
                0x10004098                __wrap___aeabi_ui2d
                0x100040a0                __wrap___aeabi_i2d
 .text.__wrap___aeabi_d2iz
                0x100040d0       0x48 CMakeFiles/seatsensor.dir/home/pi/pico/pico-sdk/src/rp2_common/pico_double/double_aeabi.S.obj
                0x100040d0                __wrap___aeabi_d2iz
                0x100040d0                double2int_z
 .text.__wrap___aeabi_d2uiz
                0x10004118       0x18 CMakeFiles/seatsensor.dir/home/pi/pico/pico-sdk/src/rp2_common/pico_double/double_aeabi.S.obj
                0x10004118                double2uint
                0x10004118                __wrap___aeabi_d2uiz
 .text.__wrap___aeabi_l2d
                0x10004130       0x18 CMakeFiles/seatsensor.dir/home/pi/pico/pico-sdk/src/rp2_common/pico_double/double_aeabi.S.obj
                0x10004130                __wrap___aeabi_l2d
 .text.__wrap___aeabi_d2lz
                0x10004148       0x26 CMakeFiles/seatsensor.dir/home/pi/pico/pico-sdk/src/rp2_common/pico_double/double_aeabi.S.obj
                0x10004148                __wrap___aeabi_d2lz
                0x10004148                double2int64_z
 *fill*         0x1000416e        0x2 
 .text.double2int64
                0x10004170       0x18 CMakeFiles/seatsensor.dir/home/pi/pico/pico-sdk/src/rp2_common/pico_double/double_aeabi.S.obj
                0x10004170                double2int64
 .text.double2ufix64
                0x10004188       0x18 CMakeFiles/seatsensor.dir/home/pi/pico/pico-sdk/src/rp2_common/pico_double/double_aeabi.S.obj
                0x10004188                double2ufix64
 .text.__wrap___aeabi_d2f
                0x100041a0       0x18 CMakeFiles/seatsensor.dir/home/pi/pico/pico-sdk/src/rp2_common/pico_double/double_aeabi.S.obj
                0x100041a0                __wrap___aeabi_d2f
 .text.__aeabi_double_init
                0x100041b8       0xc8 CMakeFiles/seatsensor.dir/home/pi/pico/pico-sdk/src/rp2_common/pico_double/double_init_rom.c.obj
                0x100041b8                __aeabi_double_init
 .text.double_table_shim_on_use_helper
                0x10004280       0x34 CMakeFiles/seatsensor.dir/home/pi/pico/pico-sdk/src/rp2_common/pico_double/double_v1_rom_shim.S.obj
                0x10004280                double_table_shim_on_use_helper
 .text.__wrap___aeabi_dsub
                0x100042b4       0x10 CMakeFiles/seatsensor.dir/home/pi/pico/pico-sdk/src/rp2_common/pico_double/double_v1_rom_shim.S.obj
                0x100042b4                drsub_shim
                0x100042ba                dsub_shim
 .text.dadd_shim
                0x100042c4      0x15c CMakeFiles/seatsensor.dir/home/pi/pico/pico-sdk/src/rp2_common/pico_double/double_v1_rom_shim.S.obj
                0x100042c4                dadd_shim
 .text.dmul_shim
                0x10004420      0x15c CMakeFiles/seatsensor.dir/home/pi/pico/pico-sdk/src/rp2_common/pico_double/double_v1_rom_shim.S.obj
                0x10004420                dmul_shim
 .text.ddiv_shim
                0x1000457c      0x1b0 CMakeFiles/seatsensor.dir/home/pi/pico/pico-sdk/src/rp2_common/pico_double/double_v1_rom_shim.S.obj
                0x1000457c                ddiv_shim
 .text.double2uint_shim
                0x1000472c        0xe CMakeFiles/seatsensor.dir/home/pi/pico/pico-sdk/src/rp2_common/pico_double/double_v1_rom_shim.S.obj
                0x1000472c                double2uint_shim
                0x1000472e                double2ufix_shim
 .text.double2int64_shim
                0x1000473a       0x1a CMakeFiles/seatsensor.dir/home/pi/pico/pico-sdk/src/rp2_common/pico_double/double_v1_rom_shim.S.obj
                0x1000473a                double2int64_shim
                0x1000473c                double2fix64_shim
 .text.double2uint64_shim
                0x10004754       0x70 CMakeFiles/seatsensor.dir/home/pi/pico/pico-sdk/src/rp2_common/pico_double/double_v1_rom_shim.S.obj
                0x10004754                double2uint64_shim
                0x10004756                double2ufix64_shim
                0x10004776                d2fix_a
 .text.double2float_shim
                0x100047c4       0x5c CMakeFiles/seatsensor.dir/home/pi/pico/pico-sdk/src/rp2_common/pico_double/double_v1_rom_shim.S.obj
                0x100047c4                double2float_shim
 .text.x2double_shims
                0x10004820       0x90 CMakeFiles/seatsensor.dir/home/pi/pico/pico-sdk/src/rp2_common/pico_double/double_v1_rom_shim.S.obj
                0x10004820                uint2double_shim
                0x10004822                ufix2double_shim
                0x10004828                int2double_shim
                0x1000482a                fix2double_shim
                0x10004830                uint642double_shim
                0x10004832                ufix642double_shim
                0x10004838                int642double_shim
                0x1000483a                fix642double_shim
 .text.dunpacks
                0x100048b0       0x3c CMakeFiles/seatsensor.dir/home/pi/pico/pico-sdk/src/rp2_common/pico_double/double_v1_rom_shim.S.obj
                0x100048b0                dunpacks
 .text.__aeabi_lmul
                0x100048ec       0x32 CMakeFiles/seatsensor.dir/home/pi/pico/pico-sdk/src/rp2_common/pico_int64_ops/pico_int64_ops_aeabi.S.obj
                0x100048ec                __wrap___aeabi_lmul
 *fill*         0x1000491e        0x2 
 .text.__wrap___aeabi_cfcmple
                0x10004920       0x50 CMakeFiles/seatsensor.dir/home/pi/pico/pico-sdk/src/rp2_common/pico_float/float_aeabi.S.obj
                0x10004920                __wrap___aeabi_cfrcmple
                0x1000492c                __wrap___aeabi_cfcmpeq
                0x1000492c                __wrap___aeabi_cfcmple
 .text.__wrap___aeabi_fcmple
                0x10004970       0x10 CMakeFiles/seatsensor.dir/home/pi/pico/pico-sdk/src/rp2_common/pico_float/float_aeabi.S.obj
                0x10004970                __wrap___aeabi_fcmple
 .text.__wrap___aeabi_fcmpun
                0x10004980       0x18 CMakeFiles/seatsensor.dir/home/pi/pico/pico-sdk/src/rp2_common/pico_float/float_aeabi.S.obj
                0x10004980                __wrap___aeabi_fcmpun
 .text.__aeabi_float_init
                0x10004998       0xfc CMakeFiles/seatsensor.dir/home/pi/pico/pico-sdk/src/rp2_common/pico_float/float_init_rom.c.obj
                0x10004998                __aeabi_float_init
 .text.float_table_shim_on_use_helper
                0x10004a94       0x34 CMakeFiles/seatsensor.dir/home/pi/pico/pico-sdk/src/rp2_common/pico_float/float_v1_rom_shim.S.obj
                0x10004a94                float_table_shim_on_use_helper
 .text          0x10004ac8       0x10 CMakeFiles/seatsensor.dir/home/pi/pico/pico-sdk/src/rp2_common/pico_mem_ops/mem_ops_aeabi.S.obj
                0x10004ac8                __aeabi_mem_init
 .text.memset   0x10004ad8        0xc CMakeFiles/seatsensor.dir/home/pi/pico/pico-sdk/src/rp2_common/pico_mem_ops/mem_ops_aeabi.S.obj
                0x10004ad8                __wrap_memset
 .text.memcpy   0x10004ae4        0xc CMakeFiles/seatsensor.dir/home/pi/pico/pico-sdk/src/rp2_common/pico_mem_ops/mem_ops_aeabi.S.obj
                0x10004ae4                __wrap___aeabi_memcpy
                0x10004ae4                __wrap_memcpy
 .text.stdio_out_chars_no_crlf
                0x10004af0        0xe CMakeFiles/seatsensor.dir/home/pi/pico/pico-sdk/src/rp2_common/pico_stdio/stdio.c.obj
 *fill*         0x10004afe        0x2 
 .text.stdio_out_chars_crlf
                0x10004b00       0x80 CMakeFiles/seatsensor.dir/home/pi/pico/pico-sdk/src/rp2_common/pico_stdio/stdio.c.obj
 .text.stdio_stack_buffer_flush
                0x10004b80       0x44 CMakeFiles/seatsensor.dir/home/pi/pico/pico-sdk/src/rp2_common/pico_stdio/stdio.c.obj
 .text.stdio_buffered_printer
                0x10004bc4       0x20 CMakeFiles/seatsensor.dir/home/pi/pico/pico-sdk/src/rp2_common/pico_stdio/stdio.c.obj
 .text.stdio_get_until
                0x10004be4       0x7c CMakeFiles/seatsensor.dir/home/pi/pico/pico-sdk/src/rp2_common/pico_stdio/stdio.c.obj
 .text.stdout_serialize_begin
                0x10004c60       0x30 CMakeFiles/seatsensor.dir/home/pi/pico/pico-sdk/src/rp2_common/pico_stdio/stdio.c.obj
                0x10004c60                stdout_serialize_begin
 .text.stdout_serialize_end
                0x10004c90       0x10 CMakeFiles/seatsensor.dir/home/pi/pico/pico-sdk/src/rp2_common/pico_stdio/stdio.c.obj
                0x10004c90                stdout_serialize_end
 .text.stdio_put_string
                0x10004ca0       0x94 CMakeFiles/seatsensor.dir/home/pi/pico/pico-sdk/src/rp2_common/pico_stdio/stdio.c.obj
 .text._read    0x10004d34       0x24 CMakeFiles/seatsensor.dir/home/pi/pico/pico-sdk/src/rp2_common/pico_stdio/stdio.c.obj
                0x10004d34                _read
 .text._write   0x10004d58       0x22 CMakeFiles/seatsensor.dir/home/pi/pico/pico-sdk/src/rp2_common/pico_stdio/stdio.c.obj
                0x10004d58                _write
 *fill*         0x10004d7a        0x2 
 .text.stdio_set_driver_enabled
                0x10004d7c       0x2c CMakeFiles/seatsensor.dir/home/pi/pico/pico-sdk/src/rp2_common/pico_stdio/stdio.c.obj
                0x10004d7c                stdio_set_driver_enabled
 .text.stdio_flush
                0x10004da8       0x20 CMakeFiles/seatsensor.dir/home/pi/pico/pico-sdk/src/rp2_common/pico_stdio/stdio.c.obj
                0x10004da8                stdio_flush
 .text.__wrap_puts
                0x10004dc8       0x1e CMakeFiles/seatsensor.dir/home/pi/pico/pico-sdk/src/rp2_common/pico_stdio/stdio.c.obj
                0x10004dc8                __wrap_puts
 *fill*         0x10004de6        0x2 
 .text.__wrap_vprintf
                0x10004de8       0x44 CMakeFiles/seatsensor.dir/home/pi/pico/pico-sdk/src/rp2_common/pico_stdio/stdio.c.obj
                0x10004de8                __wrap_vprintf
 .text.__wrap_printf
                0x10004e2c       0x18 CMakeFiles/seatsensor.dir/home/pi/pico/pico-sdk/src/rp2_common/pico_stdio/stdio.c.obj
                0x10004e2c                __wrap_printf
 .text.stdio_uart_out_chars
                0x10004e44       0x70 CMakeFiles/seatsensor.dir/home/pi/pico/pico-sdk/src/rp2_common/pico_stdio_uart/stdio_uart.c.obj
 .text.stdio_uart_in_chars
                0x10004eb4       0x50 CMakeFiles/seatsensor.dir/home/pi/pico/pico-sdk/src/rp2_common/pico_stdio_uart/stdio_uart.c.obj
                0x10004eb4                stdio_uart_in_chars
 .text.stdio_uart_init_full
                0x10004f04       0x3c CMakeFiles/seatsensor.dir/home/pi/pico/pico-sdk/src/rp2_common/pico_stdio_uart/stdio_uart.c.obj
                0x10004f04                stdio_uart_init_full
 .text._retrieve_unique_id_on_boot
                0x10004f40       0x10 CMakeFiles/seatsensor.dir/home/pi/pico/pico-sdk/src/rp2_common/pico_unique_id/unique_id.c.obj
 .text.pico_get_unique_board_id
                0x10004f50       0x10 CMakeFiles/seatsensor.dir/home/pi/pico/pico-sdk/src/rp2_common/pico_unique_id/unique_id.c.obj
                0x10004f50                pico_get_unique_board_id
 .text.flash_get_unique_id
                0x10004f60       0x40 CMakeFiles/seatsensor.dir/home/pi/pico/pico-sdk/src/rp2_common/hardware_flash/flash.c.obj
                0x10004f60                flash_get_unique_id
 .text          0x10004fa0       0x58 /usr/lib/gcc/arm-none-eabi/7.3.1/../../../arm-none-eabi/lib/thumb/v6-m/libg.a(lib_a-callocr.o)
                0x10004fa0                _calloc_r
 .text          0x10004ff8      0x570 /usr/lib/gcc/arm-none-eabi/7.3.1/../../../arm-none-eabi/lib/thumb/v6-m/libg.a(lib_a-mallocr.o)
                0x10004ff8                _malloc_r
 .text          0x10005568       0x4c /usr/lib/gcc/arm-none-eabi/7.3.1/../../../arm-none-eabi/lib/thumb/v6-m/libg.a(lib_a-memcmp.o)
                0x10005568                memcmp
 .text          0x100055b4        0x8 /usr/lib/gcc/arm-none-eabi/7.3.1/../../../arm-none-eabi/lib/thumb/v6-m/libg.a(lib_a-mlock.o)
                0x100055b4                __malloc_lock
                0x100055b8                __malloc_unlock
 .text          0x100055bc      0x3b0 /usr/lib/gcc/arm-none-eabi/7.3.1/../../../arm-none-eabi/lib/thumb/v6-m/libg.a(lib_a-reallocr.o)
                0x100055bc                _realloc_r
 .text          0x1000596c       0x24 /usr/lib/gcc/arm-none-eabi/7.3.1/../../../arm-none-eabi/lib/thumb/v6-m/libg.a(lib_a-sbrkr.o)
                0x1000596c                _sbrk_r
 .text          0x10005990       0x9c /usr/lib/gcc/arm-none-eabi/7.3.1/../../../arm-none-eabi/lib/thumb/v6-m/libg.a(lib_a-sscanf.o)
                0x10005990                sscanf
                0x100059e0                _sscanf_r
 .text          0x10005a2c       0xa0 /usr/lib/gcc/arm-none-eabi/7.3.1/../../../arm-none-eabi/lib/thumb/v6-m/libg.a(lib_a-stdio.o)
                0x10005a2c                __sread
                0x10005a54                __seofread
                0x10005a58                __swrite
                0x10005a94                __sseek
                0x10005ac0                __sclose
 .text          0x10005acc       0x38 /usr/lib/gcc/arm-none-eabi/7.3.1/../../../arm-none-eabi/lib/thumb/v6-m/libg.a(lib_a-strcasecmp.o)
                0x10005acc                strcasecmp
 .text          0x10005b04       0x88 /usr/lib/gcc/arm-none-eabi/7.3.1/../../../arm-none-eabi/lib/thumb/v6-m/libg.a(lib_a-strcmp.o)
                0x10005b04                strcmp
 .text          0x10005b8c       0x10 /usr/lib/gcc/arm-none-eabi/7.3.1/../../../arm-none-eabi/lib/thumb/v6-m/libg.a(lib_a-strcpy.o)
                0x10005b8c                strcpy
 .text          0x10005b9c       0x64 /usr/lib/gcc/arm-none-eabi/7.3.1/../../../arm-none-eabi/lib/thumb/v6-m/libg.a(lib_a-strlen-stub.o)
                0x10005b9c                strlen
 .text          0x10005c00      0xfb0 /usr/lib/gcc/arm-none-eabi/7.3.1/../../../arm-none-eabi/lib/thumb/v6-m/libg.a(lib_a-svfscanf.o)
                0x10005c00                __ssvfscanf_r
 .text          0x10006bb0       0x28 /usr/lib/gcc/arm-none-eabi/7.3.1/../../../arm-none-eabi/lib/thumb/v6-m/libg.a(lib_a-writer.o)
                0x10006bb0                _write_r
 .text          0x10006bd8       0x24 /usr/lib/gcc/arm-none-eabi/7.3.1/../../../arm-none-eabi/lib/thumb/v6-m/libg.a(lib_a-closer.o)
                0x10006bd8                _close_r
 .text          0x10006bfc      0x274 /usr/lib/gcc/arm-none-eabi/7.3.1/../../../arm-none-eabi/lib/thumb/v6-m/libg.a(lib_a-freer.o)
                0x10006bfc                _malloc_trim_r
                0x10006c9c                _free_r
 .text          0x10006e70        0xc /usr/lib/gcc/arm-none-eabi/7.3.1/../../../arm-none-eabi/lib/thumb/v6-m/libg.a(lib_a-iswspace.o)
                0x10006e70                iswspace
 .text          0x10006e7c       0x18 /usr/lib/gcc/arm-none-eabi/7.3.1/../../../arm-none-eabi/lib/thumb/v6-m/libg.a(lib_a-iswspace_l.o)
                0x10006e7c                iswspace_l
 .text          0x10006e94       0x6c /usr/lib/gcc/arm-none-eabi/7.3.1/../../../arm-none-eabi/lib/thumb/v6-m/libg.a(lib_a-locale.o)
                0x10006e94                _setlocale_r
                0x10006ed8                __locale_mb_cur_max
                0x10006ee8                setlocale
 .text          0x10006f00       0x14 /usr/lib/gcc/arm-none-eabi/7.3.1/../../../arm-none-eabi/lib/thumb/v6-m/libg.a(lib_a-localeconv.o)
                0x10006f00                __localeconv_l
                0x10006f04                _localeconv_r
                0x10006f0c                localeconv
 .text          0x10006f14       0x28 /usr/lib/gcc/arm-none-eabi/7.3.1/../../../arm-none-eabi/lib/thumb/v6-m/libg.a(lib_a-lseekr.o)
                0x10006f14                _lseek_r
 .text          0x10006f3c       0x94 /usr/lib/gcc/arm-none-eabi/7.3.1/../../../arm-none-eabi/lib/thumb/v6-m/libg.a(lib_a-mbrtowc.o)
                0x10006f3c                _mbrtowc_r
                0x10006f84                mbrtowc
 .text          0x10006fd0       0x44 /usr/lib/gcc/arm-none-eabi/7.3.1/../../../arm-none-eabi/lib/thumb/v6-m/libg.a(lib_a-mbtowc_r.o)
                0x10006fd0                _mbtowc_r
                0x10006fe8                __ascii_mbtowc
 .text          0x10007014       0x9c /usr/lib/gcc/arm-none-eabi/7.3.1/../../../arm-none-eabi/lib/thumb/v6-m/libg.a(lib_a-memmove.o)
                0x10007014                memmove
 .text          0x100070b0       0x28 /usr/lib/gcc/arm-none-eabi/7.3.1/../../../arm-none-eabi/lib/thumb/v6-m/libg.a(lib_a-readr.o)
                0x100070b0                _read_r
 .text          0x100070d8       0x6c /usr/lib/gcc/arm-none-eabi/7.3.1/../../../arm-none-eabi/lib/thumb/v6-m/libg.a(lib_a-sccl.o)
                0x100070d8                __sccl
 .text          0x10007144        0x8 /usr/lib/gcc/arm-none-eabi/7.3.1/../../../arm-none-eabi/lib/thumb/v6-m/libg.a(lib_a-sf_nan.o)
                0x10007144                nanf
 .text          0x1000714c     0x1034 /usr/lib/gcc/arm-none-eabi/7.3.1/../../../arm-none-eabi/lib/thumb/v6-m/libg.a(lib_a-strtod.o)
                0x1000714c                _strtod_l
                0x10007fd8                _strtod_r
                0x10007fe8                strtod_l
                0x10008000                strtod
                0x1000801c                strtof_l
                0x100080cc                strtof
 .text.unlikely
                0x10008180       0x30 /usr/lib/gcc/arm-none-eabi/7.3.1/../../../arm-none-eabi/lib/thumb/v6-m/libg.a(lib_a-strtod.o)
 .text          0x100081b0      0x170 /usr/lib/gcc/arm-none-eabi/7.3.1/../../../arm-none-eabi/lib/thumb/v6-m/libg.a(lib_a-strtol.o)
                0x100082e8                _strtol_r
                0x100082f0                strtol_l
                0x10008308                strtol
 .text          0x10008320      0x1e4 /usr/lib/gcc/arm-none-eabi/7.3.1/../../../arm-none-eabi/lib/thumb/v6-m/libg.a(lib_a-strtoll.o)
                0x100084cc                _strtoll_r
                0x100084d4                strtoll_l
                0x100084ec                strtoll
 .text          0x10008504      0x180 /usr/lib/gcc/arm-none-eabi/7.3.1/../../../arm-none-eabi/lib/thumb/v6-m/libg.a(lib_a-strtoul.o)
                0x1000864c                _strtoul_r
                0x10008654                strtoul_l
                0x1000866c                strtoul
 .text          0x10008684      0x204 /usr/lib/gcc/arm-none-eabi/7.3.1/../../../arm-none-eabi/lib/thumb/v6-m/libg.a(lib_a-strtoull.o)
                0x10008850                _strtoull_r
                0x10008858                strtoull_l
                0x10008870                strtoull
 .text          0x10008888      0xc00 /usr/lib/gcc/arm-none-eabi/7.3.1/../../../arm-none-eabi/lib/thumb/v6-m/libg.a(lib_a-svfiscanf.o)
                0x10008888                _sungetc_r
                0x10008908                __ssrefill_r
                0x10008948                _sfread_r
                0x100089d4                __ssvfiscanf_r
 .text          0x10009488      0x184 /usr/lib/gcc/arm-none-eabi/7.3.1/../../../arm-none-eabi/lib/thumb/v6-m/libg.a(lib_a-ungetc.o)
                0x10009488                __submore
                0x1000950c                _ungetc_r
                0x100095f4                ungetc
 .text          0x1000960c       0x2c /usr/lib/gcc/arm-none-eabi/7.3.1/../../../arm-none-eabi/lib/thumb/v6-m/libg.a(lib_a-wctomb_r.o)
                0x1000960c                _wctomb_r
                0x1000961c                __ascii_wctomb
 .text          0x10009638      0x1a4 /usr/lib/gcc/arm-none-eabi/7.3.1/../../../arm-none-eabi/lib/thumb/v6-m/libg.a(lib_a-fflush.o)
                0x10009638                __sflush_r
                0x10009788                _fflush_r
                0x100097b4                fflush
 .text          0x100097dc      0x224 /usr/lib/gcc/arm-none-eabi/7.3.1/../../../arm-none-eabi/lib/thumb/v6-m/libg.a(lib_a-findfp.o)
                0x100097e0                _cleanup_r
                0x100098dc                __sfmoreglue
                0x1000990c                __sfp
                0x10009998                _cleanup
                0x100099b0                __sinit
                0x100099c0                __sfp_lock_acquire
                0x100099c4                __sfp_lock_release
                0x100099c8                __sinit_lock_acquire
                0x100099cc                __sinit_lock_release
                0x100099d0                __fp_lock_all
                0x100099e8                __fp_unlock_all
 .text          0x10009a00       0x90 /usr/lib/gcc/arm-none-eabi/7.3.1/../../../arm-none-eabi/lib/thumb/v6-m/libg.a(lib_a-fwalk.o)
                0x10009a00                _fwalk
                0x10009a44                _fwalk_reent
 .text          0x10009a90      0x5ec /usr/lib/gcc/arm-none-eabi/7.3.1/../../../arm-none-eabi/lib/thumb/v6-m/libg.a(lib_a-gdtoa-gethex.o)
                0x10009b38                __gethex
 .text          0x1000a07c      0x1cc /usr/lib/gcc/arm-none-eabi/7.3.1/../../../arm-none-eabi/lib/thumb/v6-m/libg.a(lib_a-gdtoa-hexnan.o)
                0x1000a07c                __match
                0x1000a0a8                __hexnan
 .text          0x1000a248      0x984 /usr/lib/gcc/arm-none-eabi/7.3.1/../../../arm-none-eabi/lib/thumb/v6-m/libg.a(lib_a-mprec.o)
                0x1000a248                _Balloc
                0x1000a298                _Bfree
                0x1000a2ac                __multadd
                0x1000a338                __s2b
                0x1000a3c8                __hi0bits
                0x1000a400                __lo0bits
                0x1000a45c                __i2b
                0x1000a470                __multiply
                0x1000a5e8                __pow5mult
                0x1000a6a8                __lshift
                0x1000a770                __mcmp
                0x1000a7a4                __mdiff
                0x1000a8c8                __ulp
                0x1000a914                __b2d
                0x1000a9d0                __d2b
                0x1000aa8c                __ratio
                0x1000ab00                _mprec_log10
                0x1000ab34                __copybits
                0x1000ab74                __any_on
 .text          0x1000abcc        0xc /usr/lib/gcc/arm-none-eabi/7.3.1/../../../arm-none-eabi/lib/thumb/v6-m/libg.a(lib_a-s_nan.o)
                0x1000abcc                nan
 .text          0x1000abd8       0x8c /usr/lib/gcc/arm-none-eabi/7.3.1/../../../arm-none-eabi/lib/thumb/v6-m/libg.a(lib_a-strncmp.o)
                0x1000abd8                strncmp
 .text          0x1000ac64       0xa8 /usr/lib/gcc/arm-none-eabi/7.3.1/../../../arm-none-eabi/lib/thumb/v6-m/libg.a(lib_a-fclose.o)
                0x1000ac64                _fclose_r
                0x1000acf8                fclose
 .text          0x1000ad0c       0x10 /usr/lib/gcc/arm-none-eabi/7.3.1/../../../arm-none-eabi/lib/thumb/v6-m/libnosys.a(close.o)
                0x1000ad0c                _close
 .text          0x1000ad1c       0x10 /usr/lib/gcc/arm-none-eabi/7.3.1/../../../arm-none-eabi/lib/thumb/v6-m/libnosys.a(lseek.o)
                0x1000ad1c                _lseek
 *(.fini)
 .fini          0x1000ad2c        0x4 /usr/lib/gcc/arm-none-eabi/7.3.1/thumb/v6-m/crti.o
                0x1000ad2c                _fini
 .fini.__stub   0x1000ad30       0x90 linker stubs
 *crtbegin.o(.ctors)
 *crtbegin?.o(.ctors)
 *(EXCLUDE_FILE(*crtend.o *crtend?.o) .ctors)
 *(SORT_BY_NAME(.ctors.*))
 *(.ctors)
 *crtbegin.o(.dtors)
 *crtbegin?.o(.dtors)
 *(EXCLUDE_FILE(*crtend.o *crtend?.o) .dtors)
 *(SORT_BY_NAME(.dtors.*))
 *(.dtors)
 *(.eh_frame*)
 .eh_frame      0x1000adc0        0x0 /usr/lib/gcc/arm-none-eabi/7.3.1/thumb/v6-m/crtbegin.o
                0x1000adc0                . = ALIGN (0x4)

.glue_7         0x1000adc0        0x0
 .glue_7        0x1000adc0        0x0 linker stubs

.glue_7t        0x1000adc0        0x0
 .glue_7t       0x1000adc0        0x0 linker stubs

.vfp11_veneer   0x1000adc0        0x0
 .vfp11_veneer  0x1000adc0        0x0 linker stubs

.v4_bx          0x1000adc0        0x0
 .v4_bx         0x1000adc0        0x0 linker stubs

.iplt           0x1000adc0        0x0
 .iplt          0x1000adc0        0x0 /usr/lib/gcc/arm-none-eabi/7.3.1/thumb/v6-m/crtbegin.o

.rodata         0x1000adc0     0x1d58
 *(EXCLUDE_FILE(*libm.a: *libc.a:*lib_a-mem*.o *libgcc.a:) .rodata*)
 .rodata.System
                0x1000adc0       0x1c CMakeFiles/seatsensor.dir/seatsensor.c.obj
 .rodata.System.str1.4
                0x1000addc      0x11b CMakeFiles/seatsensor.dir/seatsensor.c.obj
 *fill*         0x1000aef7        0x1 
 .rodata.getMap.str1.4
                0x1000aef8        0x3 CMakeFiles/seatsensor.dir/seatsensor.c.obj
 *fill*         0x1000aefb        0x1 
 .rodata.listThresholds.str1.4
                0x1000aefc       0x5e CMakeFiles/seatsensor.dir/seatsensor.c.obj
 *fill*         0x1000af5a        0x2 
 .rodata.main.str1.4
                0x1000af5c       0x45 CMakeFiles/seatsensor.dir/seatsensor.c.obj
 *fill*         0x1000afa1        0x3 
 .rodata.selectChannel.str1.4
                0x1000afa4       0x48 CMakeFiles/seatsensor.dir/seatsensor.c.obj
 .rodata.GetBoardID.str1.4
                0x1000afec        0x5 CMakeFiles/seatsensor.dir/common.c.obj
 *fill*         0x1000aff1        0x3 
 .rodata.__func__.4737
                0x1000aff4       0x1a CMakeFiles/seatsensor.dir/home/pi/pico/pico-sdk/src/rp2_common/hardware_irq/irq.c.obj
 *fill*         0x1000b00e        0x2 
 .rodata.__func__.4751
                0x1000b010        0xc CMakeFiles/seatsensor.dir/home/pi/pico/pico-sdk/src/rp2_common/hardware_irq/irq.c.obj
 .rodata.__func__.4759
                0x1000b01c       0x17 CMakeFiles/seatsensor.dir/home/pi/pico/pico-sdk/src/rp2_common/hardware_irq/irq.c.obj
 *fill*         0x1000b033        0x1 
 .rodata.__func__.4763
                0x1000b034        0xf CMakeFiles/seatsensor.dir/home/pi/pico/pico-sdk/src/rp2_common/hardware_irq/irq.c.obj
 *fill*         0x1000b043        0x1 
 .rodata.__func__.4802
                0x1000b044       0x13 CMakeFiles/seatsensor.dir/home/pi/pico/pico-sdk/src/rp2_common/hardware_irq/irq.c.obj
 *fill*         0x1000b057        0x1 
 .rodata.__func__.4824
                0x1000b058       0x1a CMakeFiles/seatsensor.dir/home/pi/pico/pico-sdk/src/rp2_common/hardware_irq/irq.c.obj
 *fill*         0x1000b072        0x2 
 .rodata.insert_branch_and_link.str1.4
                0x1000b074       0x10 CMakeFiles/seatsensor.dir/home/pi/pico/pico-sdk/src/rp2_common/hardware_irq/irq.c.obj
 .rodata.irq_add_shared_handler.str1.4
                0x1000b084       0xd9 CMakeFiles/seatsensor.dir/home/pi/pico/pico-sdk/src/rp2_common/hardware_irq/irq.c.obj
 *fill*         0x1000b15d        0x3 
 .rodata.irq_add_tail_to_free_list.str1.4
                0x1000b160       0x3a CMakeFiles/seatsensor.dir/home/pi/pico/pico-sdk/src/rp2_common/hardware_irq/irq.c.obj
 *fill*         0x1000b19a        0x2 
 .rodata.irq_remove_handler.str1.4
                0x1000b19c       0x2a CMakeFiles/seatsensor.dir/home/pi/pico/pico-sdk/src/rp2_common/hardware_irq/irq.c.obj
 *fill*         0x1000b1c6        0x2 
 .rodata.irq_set_exclusive_handler.str1.4
                0x1000b1c8       0x36 CMakeFiles/seatsensor.dir/home/pi/pico/pico-sdk/src/rp2_common/hardware_irq/irq.c.obj
 *fill*         0x1000b1fe        0x2 
 .rodata.make_branch.str1.4
                0x1000b200       0x69 CMakeFiles/seatsensor.dir/home/pi/pico/pico-sdk/src/rp2_common/hardware_irq/irq.c.obj
 *fill*         0x1000b269        0x3 
 .rodata.__func__.5648
                0x1000b26c       0x15 CMakeFiles/seatsensor.dir/home/pi/pico/pico-sdk/src/common/pico_time/time.c.obj
 *fill*         0x1000b281        0x3 
 .rodata.__func__.5966
                0x1000b284        0xc CMakeFiles/seatsensor.dir/home/pi/pico/pico-sdk/src/common/pico_time/time.c.obj
 .rodata.__func__.5973
                0x1000b290       0x12 CMakeFiles/seatsensor.dir/home/pi/pico/pico-sdk/src/common/pico_time/time.c.obj
 *fill*         0x1000b2a2        0x2 
 .rodata.__func__.5989
                0x1000b2a4        0xf CMakeFiles/seatsensor.dir/home/pi/pico/pico-sdk/src/common/pico_time/time.c.obj
 *fill*         0x1000b2b3        0x1 
 .rodata.__func__.6011
                0x1000b2b4        0xd CMakeFiles/seatsensor.dir/home/pi/pico/pico-sdk/src/common/pico_time/time.c.obj
 *fill*         0x1000b2c1        0x3 
 .rodata.__func__.6234
                0x1000b2c4        0xa CMakeFiles/seatsensor.dir/home/pi/pico/pico-sdk/src/common/pico_time/time.c.obj
 *fill*         0x1000b2ce        0x2 
 .rodata.__func__.6239
                0x1000b2d0       0x12 CMakeFiles/seatsensor.dir/home/pi/pico/pico-sdk/src/common/pico_time/time.c.obj
 *fill*         0x1000b2e2        0x2 
 .rodata.__func__.6254
                0x1000b2e4       0x17 CMakeFiles/seatsensor.dir/home/pi/pico/pico-sdk/src/common/pico_time/time.c.obj
 *fill*         0x1000b2fb        0x1 
 .rodata.__func__.6265
                0x1000b2fc       0x15 CMakeFiles/seatsensor.dir/home/pi/pico/pico-sdk/src/common/pico_time/time.c.obj
 *fill*         0x1000b311        0x3 
 .rodata.__func__.6282
                0x1000b314       0x1a CMakeFiles/seatsensor.dir/home/pi/pico/pico-sdk/src/common/pico_time/time.c.obj
 *fill*         0x1000b32e        0x2 
 .rodata.add_alarm_under_lock.str1.4
                0x1000b330       0x28 CMakeFiles/seatsensor.dir/home/pi/pico/pico-sdk/src/common/pico_time/time.c.obj
                                 0x2b (size before relaxing)
 .rodata.alarm_pool_alarm_callback.str1.4
                0x1000b358       0xe2 CMakeFiles/seatsensor.dir/home/pi/pico/pico-sdk/src/common/pico_time/time.c.obj
 *fill*         0x1000b43a        0x2 
 .rodata.alarm_pool_dump_key.str1.4
                0x1000b43c       0x33 CMakeFiles/seatsensor.dir/home/pi/pico/pico-sdk/src/common/pico_time/time.c.obj
 *fill*         0x1000b46f        0x1 
 .rodata.alarm_pool_get_default.str1.4
                0x1000b470       0x21 CMakeFiles/seatsensor.dir/home/pi/pico/pico-sdk/src/common/pico_time/time.c.obj
 *fill*         0x1000b491        0x7 
 .rodata.at_the_end_of_time
                0x1000b498        0x8 CMakeFiles/seatsensor.dir/home/pi/pico/pico-sdk/src/common/pico_time/time.c.obj
                0x1000b498                at_the_end_of_time
 .rodata.ph_add_child_node.str1.4
                0x1000b4a0       0x92 CMakeFiles/seatsensor.dir/home/pi/pico/pico-sdk/src/common/pico_time/time.c.obj
 *fill*         0x1000b532        0x2 
 .rodata.repeating_timer_callback.str1.4
                0x1000b534       0x47 CMakeFiles/seatsensor.dir/home/pi/pico/pico-sdk/src/common/pico_time/time.c.obj
 *fill*         0x1000b57b        0x1 
 .rodata.sleep_until.str1.4
                0x1000b57c       0x4d CMakeFiles/seatsensor.dir/home/pi/pico/pico-sdk/src/common/pico_time/time.c.obj
 *fill*         0x1000b5c9        0x3 
 .rodata.__func__.4173
                0x1000b5cc       0x15 CMakeFiles/seatsensor.dir/home/pi/pico/pico-sdk/src/rp2_common/hardware_timer/timer.c.obj
 *fill*         0x1000b5e1        0x3 
 .rodata.__func__.4535
                0x1000b5e4       0x1a CMakeFiles/seatsensor.dir/home/pi/pico/pico-sdk/src/rp2_common/hardware_timer/timer.c.obj
 .rodata.busy_wait_us.str1.4
                0x1000b5fe       0x5d CMakeFiles/seatsensor.dir/home/pi/pico/pico-sdk/src/rp2_common/hardware_timer/timer.c.obj
 *fill*         0x1000b5fe        0x2 
 .rodata.hardware_alarm_claim.str1.4
                0x1000b600       0x22 CMakeFiles/seatsensor.dir/home/pi/pico/pico-sdk/src/rp2_common/hardware_timer/timer.c.obj
 *fill*         0x1000b622        0x2 
 .rodata.hardware_alarm_set_target.str1.4
                0x1000b624       0x61 CMakeFiles/seatsensor.dir/home/pi/pico/pico-sdk/src/rp2_common/hardware_timer/timer.c.obj
 *fill*         0x1000b685        0x3 
 .rodata.__func__.5664
                0x1000b688        0xc CMakeFiles/seatsensor.dir/home/pi/pico/pico-sdk/src/common/pico_util/pheap.c.obj
 .rodata.__func__.5671
                0x1000b694       0x12 CMakeFiles/seatsensor.dir/home/pi/pico/pico-sdk/src/common/pico_util/pheap.c.obj
 *fill*         0x1000b6a6        0x2 
 .rodata.__func__.5757
                0x1000b6a8       0x13 CMakeFiles/seatsensor.dir/home/pi/pico/pico-sdk/src/common/pico_util/pheap.c.obj
 *fill*         0x1000b6bb        0x1 
 .rodata.__func__.5775
                0x1000b6bc       0x18 CMakeFiles/seatsensor.dir/home/pi/pico/pico-sdk/src/common/pico_util/pheap.c.obj
 .rodata.ph_add_child_node.str1.4
                0x1000b6d4       0x92 CMakeFiles/seatsensor.dir/home/pi/pico/pico-sdk/src/common/pico_util/pheap.c.obj
 .rodata.ph_remove_and_free_node.str1.4
                0x1000b6d4       0x1e CMakeFiles/seatsensor.dir/home/pi/pico/pico-sdk/src/common/pico_util/pheap.c.obj
                                 0x26 (size before relaxing)
 *fill*         0x1000b6f2        0x2 
 .rodata.ph_remove_any_head.str1.4
                0x1000b6f4       0x88 CMakeFiles/seatsensor.dir/home/pi/pico/pico-sdk/src/common/pico_util/pheap.c.obj
 .rodata.__func__.4669
                0x1000b77c        0xb CMakeFiles/seatsensor.dir/home/pi/pico/pico-sdk/src/common/pico_sync/mutex.c.obj
 *fill*         0x1000b787        0x1 
 .rodata.str1.4
                0x1000b788       0x85 CMakeFiles/seatsensor.dir/home/pi/pico/pico-sdk/src/common/pico_sync/mutex.c.obj
                                 0xe5 (size before relaxing)
 *fill*         0x1000b80d        0x3 
 .rodata.__assert_func.str1.4
                0x1000b810       0x3f CMakeFiles/seatsensor.dir/home/pi/pico/pico-sdk/src/rp2_common/pico_runtime/runtime.c.obj
                                 0x43 (size before relaxing)
 *fill*         0x1000b84f        0x1 
 .rodata.__func__.5782
                0x1000b850        0xd CMakeFiles/seatsensor.dir/home/pi/pico/pico-sdk/src/rp2_common/pico_runtime/runtime.c.obj
 *fill*         0x1000b85d        0x3 
 .rodata.panic.str1.4
                0x1000b860       0x10 CMakeFiles/seatsensor.dir/home/pi/pico/pico-sdk/src/rp2_common/pico_runtime/runtime.c.obj
                                 0x12 (size before relaxing)
 .rodata.runtime_init.str1.4
                0x1000b870       0x5d CMakeFiles/seatsensor.dir/home/pi/pico/pico-sdk/src/rp2_common/pico_runtime/runtime.c.obj
 *fill*         0x1000b8cd        0x3 
 .rodata.__func__.4719
                0x1000b8d0       0x10 CMakeFiles/seatsensor.dir/home/pi/pico/pico-sdk/src/rp2_common/hardware_clocks/clocks.c.obj
 .rodata.clock_configure.str1.4
                0x1000b8e0       0x53 CMakeFiles/seatsensor.dir/home/pi/pico/pico-sdk/src/rp2_common/hardware_clocks/clocks.c.obj
 *fill*         0x1000b933        0x1 
 .rodata.__func__.4376
                0x1000b934        0x9 CMakeFiles/seatsensor.dir/home/pi/pico/pico-sdk/src/rp2_common/hardware_pll/pll.c.obj
 *fill*         0x1000b93d        0x3 
 .rodata.pll_init.str1.4
                0x1000b940      0x137 CMakeFiles/seatsensor.dir/home/pi/pico/pico-sdk/src/rp2_common/hardware_pll/pll.c.obj
 *fill*         0x1000ba77        0x1 
 .rodata._vsnprintf
                0x1000ba78      0x1e0 CMakeFiles/seatsensor.dir/home/pi/pico/pico-sdk/src/rp2_common/pico_printf/printf.c.obj
 .rodata._ftoa.str1.4
                0x1000bc58       0x15 CMakeFiles/seatsensor.dir/home/pi/pico/pico-sdk/src/rp2_common/pico_printf/printf.c.obj
 *fill*         0x1000bc6d        0x3 
 .rodata.pow10.5378
                0x1000bc70       0x50 CMakeFiles/seatsensor.dir/home/pi/pico/pico-sdk/src/rp2_common/pico_printf/printf.c.obj
 .rodata.__aeabi_double_init.str1.4
                0x1000bcc0       0xa4 CMakeFiles/seatsensor.dir/home/pi/pico/pico-sdk/src/rp2_common/pico_double/double_init_rom.c.obj
 .rodata.__func__.4688
                0x1000bd64       0x14 CMakeFiles/seatsensor.dir/home/pi/pico/pico-sdk/src/rp2_common/pico_double/double_init_rom.c.obj
 .rodata.__aeabi_float_init.str1.4
                0x1000bd78       0x76 CMakeFiles/seatsensor.dir/home/pi/pico/pico-sdk/src/rp2_common/pico_float/float_init_rom.c.obj
                                 0x7a (size before relaxing)
 *fill*         0x1000bdee        0x2 
 .rodata.__func__.4689
                0x1000bdf0       0x13 CMakeFiles/seatsensor.dir/home/pi/pico/pico-sdk/src/rp2_common/pico_float/float_init_rom.c.obj
 *fill*         0x1000be03        0x1 
 .rodata.__bi_44
                0x1000be04        0xc CMakeFiles/seatsensor.dir/home/pi/pico/pico-sdk/src/rp2_common/pico_standard_link/binary_info.c.obj
 .rodata.__bi_75
                0x1000be10        0xc CMakeFiles/seatsensor.dir/home/pi/pico/pico-sdk/src/rp2_common/pico_standard_link/binary_info.c.obj
 .rodata.__bi_81
                0x1000be1c        0xc CMakeFiles/seatsensor.dir/home/pi/pico/pico-sdk/src/rp2_common/pico_standard_link/binary_info.c.obj
 .rodata.str1.4
                0x1000be28       0x40 CMakeFiles/seatsensor.dir/home/pi/pico/pico-sdk/src/rp2_common/pico_standard_link/binary_info.c.obj
 .rodata.crlf_str.6012
                0x1000be68        0x2 CMakeFiles/seatsensor.dir/home/pi/pico/pico-sdk/src/rp2_common/pico_stdio/stdio.c.obj
 *fill*         0x1000be6a        0x2 
 .rodata.__func__.4403
                0x1000be6c       0x12 CMakeFiles/seatsensor.dir/home/pi/pico/pico-sdk/src/rp2_common/hardware_flash/flash.c.obj
 *fill*         0x1000be7e        0x2 
 .rodata.__func__.4413
                0x1000be80       0x14 CMakeFiles/seatsensor.dir/home/pi/pico/pico-sdk/src/rp2_common/hardware_flash/flash.c.obj
 .rodata.__func__.4430
                0x1000be94        0xd CMakeFiles/seatsensor.dir/home/pi/pico/pico-sdk/src/rp2_common/hardware_flash/flash.c.obj
 *fill*         0x1000bea1        0x3 
 .rodata.str1.4
                0x1000bea4      0x156 CMakeFiles/seatsensor.dir/home/pi/pico/pico-sdk/src/rp2_common/hardware_flash/flash.c.obj
 *fill*         0x1000bffa        0x2 
 .rodata        0x1000bffc      0x101 /usr/lib/gcc/arm-none-eabi/7.3.1/../../../arm-none-eabi/lib/thumb/v6-m/libg.a(lib_a-ctype_.o)
                0x1000bffc                _ctype_
 *fill*         0x1000c0fd        0x3 
 .rodata        0x1000c100        0x4 /usr/lib/gcc/arm-none-eabi/7.3.1/../../../arm-none-eabi/lib/thumb/v6-m/libg.a(lib_a-impure.o)
                0x1000c100                _global_impure_ptr
 .rodata        0x1000c104      0x3e6 /usr/lib/gcc/arm-none-eabi/7.3.1/../../../arm-none-eabi/lib/thumb/v6-m/libg.a(lib_a-svfscanf.o)
 *fill*         0x1000c4ea        0x2 
 .rodata.str1.4
                0x1000c4ec        0x5 /usr/lib/gcc/arm-none-eabi/7.3.1/../../../arm-none-eabi/lib/thumb/v6-m/libg.a(lib_a-svfscanf.o)
                                  0x9 (size before relaxing)
 *fill*         0x1000c4f1        0x3 
 .rodata.str1.4
                0x1000c4f4        0xe /usr/lib/gcc/arm-none-eabi/7.3.1/../../../arm-none-eabi/lib/thumb/v6-m/libg.a(lib_a-locale.o)
                                 0x12 (size before relaxing)
 .rodata.str1.4
                0x1000c502        0x1 /usr/lib/gcc/arm-none-eabi/7.3.1/../../../arm-none-eabi/lib/thumb/v6-m/libg.a(lib_a-mbrtowc.o)
 *fill*         0x1000c502        0x6 
 .rodata        0x1000c508      0x120 /usr/lib/gcc/arm-none-eabi/7.3.1/../../../arm-none-eabi/lib/thumb/v6-m/libg.a(lib_a-strtod.o)
 .rodata.str1.4
                0x1000c628       0x10 /usr/lib/gcc/arm-none-eabi/7.3.1/../../../arm-none-eabi/lib/thumb/v6-m/libg.a(lib_a-strtod.o)
                                 0x11 (size before relaxing)
 .rodata        0x1000c638      0x2aa /usr/lib/gcc/arm-none-eabi/7.3.1/../../../arm-none-eabi/lib/thumb/v6-m/libg.a(lib_a-svfiscanf.o)
 *fill*         0x1000c8e2        0x2 
 .rodata        0x1000c8e4      0x100 /usr/lib/gcc/arm-none-eabi/7.3.1/../../../arm-none-eabi/lib/thumb/v6-m/libg.a(lib_a-gdtoa-gethex.o)
                0x1000c8e4                __hexdig
 .rodata        0x1000c9e4        0xc /usr/lib/gcc/arm-none-eabi/7.3.1/../../../arm-none-eabi/lib/thumb/v6-m/libg.a(lib_a-lnumeric.o)
                0x1000c9e4                _C_numeric_locale
 .rodata.str1.4
                0x1000c9f0        0x5 /usr/lib/gcc/arm-none-eabi/7.3.1/../../../arm-none-eabi/lib/thumb/v6-m/libg.a(lib_a-lnumeric.o)
 .rodata        0x1000c9f0      0x128 /usr/lib/gcc/arm-none-eabi/7.3.1/../../../arm-none-eabi/lib/thumb/v6-m/libg.a(lib_a-mprec.o)
                0x1000ca00                __mprec_tinytens
                0x1000ca28                __mprec_bigtens
                0x1000ca50                __mprec_tens
                0x1000cb18                . = ALIGN (0x4)
 *(SORT_BY_ALIGNMENT(SORT_BY_NAME(.flashdata*)))
                0x1000cb18                . = ALIGN (0x4)

.rel.dyn        0x1000cb18        0x0
 .rel.iplt      0x1000cb18        0x0 /usr/lib/gcc/arm-none-eabi/7.3.1/thumb/v6-m/crtbegin.o

.ARM.extab
 *(.ARM.extab* .gnu.linkonce.armextab.*)
                0x1000cb18                __exidx_start = .

.ARM.exidx
 *(.ARM.exidx* .gnu.linkonce.armexidx.*)
                0x1000cb18                __exidx_end = .
                0x1000cb18                . = ALIGN (0x4)
                0x1000cb18                __binary_info_start = .

.binary_info    0x1000cb18       0x1c
 *(.binary_info.keep.*)
 .binary_info.keep.__bi_ptr22
                0x1000cb18        0x4 CMakeFiles/seatsensor.dir/home/pi/pico/pico-sdk/src/rp2_common/pico_standard_link/binary_info.c.obj
 .binary_info.keep.__bi_ptr30
                0x1000cb1c        0x4 CMakeFiles/seatsensor.dir/home/pi/pico/pico-sdk/src/rp2_common/pico_standard_link/binary_info.c.obj
 .binary_info.keep.__bi_ptr38
                0x1000cb20        0x4 CMakeFiles/seatsensor.dir/home/pi/pico/pico-sdk/src/rp2_common/pico_standard_link/binary_info.c.obj
 .binary_info.keep.__bi_ptr44
                0x1000cb24        0x4 CMakeFiles/seatsensor.dir/home/pi/pico/pico-sdk/src/rp2_common/pico_standard_link/binary_info.c.obj
 .binary_info.keep.__bi_ptr50
                0x1000cb28        0x4 CMakeFiles/seatsensor.dir/home/pi/pico/pico-sdk/src/rp2_common/pico_standard_link/binary_info.c.obj
 .binary_info.keep.__bi_ptr75
                0x1000cb2c        0x4 CMakeFiles/seatsensor.dir/home/pi/pico/pico-sdk/src/rp2_common/pico_standard_link/binary_info.c.obj
 .binary_info.keep.__bi_ptr81
                0x1000cb30        0x4 CMakeFiles/seatsensor.dir/home/pi/pico/pico-sdk/src/rp2_common/pico_standard_link/binary_info.c.obj
 *(.binary_info.*)
                0x1000cb34                __binary_info_end = .
                0x1000cb34                . = ALIGN (0x4)
                0x1000cb34                __etext = .

.ram_vector_table
                0x20000000       0xc0
 *(.ram_vector_table)
 .ram_vector_table
                0x20000000       0xc0 CMakeFiles/seatsensor.dir/home/pi/pico/pico-sdk/src/rp2_common/pico_runtime/runtime.c.obj
                0x20000000                ram_vector_table

.data           0x200000c0      0xf58 load address 0x1000cb34
                0x200000c0                __data_start__ = .
 *(vtable)
 *(.time_critical*)
 .time_critical.get_bootsel_button
                0x200000c0       0x64 CMakeFiles/seatsensor.dir/common.c.obj
                0x200000c0                get_bootsel_button
 .time_critical.mutex_enter_blocking
                0x20000124       0x48 CMakeFiles/seatsensor.dir/home/pi/pico/pico-sdk/src/common/pico_sync/mutex.c.obj
                0x20000124                mutex_enter_blocking
 .time_critical.mutex_try_enter
                0x2000016c       0x48 CMakeFiles/seatsensor.dir/home/pi/pico/pico-sdk/src/common/pico_sync/mutex.c.obj
                0x2000016c                mutex_try_enter
 .time_critical.mutex_exit
                0x200001b4       0x4c CMakeFiles/seatsensor.dir/home/pi/pico/pico-sdk/src/common/pico_sync/mutex.c.obj
                0x200001b4                mutex_exit
 .time_critical.flash_init_boot2_copyout
                0x20000200       0x30 CMakeFiles/seatsensor.dir/home/pi/pico/pico-sdk/src/rp2_common/hardware_flash/flash.c.obj
 .time_critical.flash_enable_xip_via_boot2
                0x20000230       0x10 CMakeFiles/seatsensor.dir/home/pi/pico/pico-sdk/src/rp2_common/hardware_flash/flash.c.obj
 .time_critical.flash_cs_force
                0x20000240       0x28 CMakeFiles/seatsensor.dir/home/pi/pico/pico-sdk/src/rp2_common/hardware_flash/flash.c.obj
 .time_critical.flash_range_erase
                0x20000268       0xb4 CMakeFiles/seatsensor.dir/home/pi/pico/pico-sdk/src/rp2_common/hardware_flash/flash.c.obj
                0x20000268                flash_range_erase
 .time_critical.flash_range_program
                0x2000031c       0xb4 CMakeFiles/seatsensor.dir/home/pi/pico/pico-sdk/src/rp2_common/hardware_flash/flash.c.obj
                0x2000031c                flash_range_program
 .time_critical.flash_do_cmd
                0x200003d0       0xd4 CMakeFiles/seatsensor.dir/home/pi/pico/pico-sdk/src/rp2_common/hardware_flash/flash.c.obj
                0x200003d0                flash_do_cmd
 *(.text*)
 .text          0x200004a4        0x4 /usr/lib/gcc/arm-none-eabi/7.3.1/thumb/v6-m/libgcc.a(_dvmd_tls.o)
                0x200004a4                __aeabi_ldiv0
                0x200004a4                __aeabi_idiv0
 .text.__stub   0x200004a8       0x10 linker stubs
                0x200004b8                . = ALIGN (0x4)
 *(.rodata*)
                0x200004b8                . = ALIGN (0x4)
 *(.data*)
 .data.config   0x200004b8       0xe0 CMakeFiles/seatsensor.dir/seatsensor.c.obj
                0x200004b8                config
 .data.flash_start
                0x20000598        0x4 CMakeFiles/seatsensor.dir/common.c.obj
                0x20000598                flash_start
 .data.striped_spin_lock_num
                0x2000059c        0x1 CMakeFiles/seatsensor.dir/home/pi/pico/pico-sdk/src/rp2_common/hardware_sync/sync.c.obj
 *fill*         0x2000059d        0x3 
 .data          0x200005a0       0x48 CMakeFiles/seatsensor.dir/home/pi/pico/pico-sdk/src/rp2_common/hardware_irq/irq_handler_chain.S.obj
                0x200005a0                irq_handler_chain_slots
                0x200005d0                irq_handler_chain_first_slot
                0x200005da                irq_handler_chain_remove_tail
 .data.default_alarm_pool
                0x200005e8       0x18 CMakeFiles/seatsensor.dir/home/pi/pico/pico-sdk/src/common/pico_time/time.c.obj
 .data.default_alarm_pool_heap
                0x20000600       0x10 CMakeFiles/seatsensor.dir/home/pi/pico/pico-sdk/src/common/pico_time/time.c.obj
 .data.aeabi_bits_funcs
                0x20000610       0x10 CMakeFiles/seatsensor.dir/home/pi/pico/pico-sdk/src/rp2_common/pico_bit_ops/bit_ops_aeabi.S.obj
                0x20000610                aeabi_bits_funcs
                0x20000620                aeabi_bits_funcs_end
 .data.aeabi_mem_funcs
                0x20000620       0x10 CMakeFiles/seatsensor.dir/home/pi/pico/pico-sdk/src/rp2_common/pico_mem_ops/mem_ops_aeabi.S.obj
                0x20000620                aeabi_mem_funcs
                0x20000630                aeabi_mem_funcs_end
 .data.stdio_uart
                0x20000630       0x14 CMakeFiles/seatsensor.dir/home/pi/pico/pico-sdk/src/rp2_common/pico_stdio_uart/stdio_uart.c.obj
                0x20000630                stdio_uart
 *fill*         0x20000644        0x4 
 .data          0x20000648      0x430 /usr/lib/gcc/arm-none-eabi/7.3.1/../../../arm-none-eabi/lib/thumb/v6-m/libg.a(lib_a-impure.o)
                0x20000648                _impure_ptr
 .data          0x20000a78      0x410 /usr/lib/gcc/arm-none-eabi/7.3.1/../../../arm-none-eabi/lib/thumb/v6-m/libg.a(lib_a-mallocr.o)
                0x20000a78                __malloc_sbrk_base
                0x20000a7c                __malloc_trim_threshold
                0x20000a80                __malloc_av_
 .data          0x20000e88      0x16c /usr/lib/gcc/arm-none-eabi/7.3.1/../../../arm-none-eabi/lib/thumb/v6-m/libg.a(lib_a-locale.o)
                0x20000e88                __global_locale
 .data          0x20000ff4        0x2 /usr/lib/gcc/arm-none-eabi/7.3.1/../../../arm-none-eabi/lib/thumb/v6-m/libg.a(lib_a-lnumeric.o)
                0x20000ff8                . = ALIGN (0x4)
 *fill*         0x20000ff6        0x2 
 *(.after_data.*)
                0x20000ff8                . = ALIGN (0x4)
                0x20000ff8                PROVIDE (__mutex_array_start = .)
 *(SORT_BY_NAME(.mutex_array.*))
 *(.mutex_array)
 .mutex_array   0x20000ff8        0x8 CMakeFiles/seatsensor.dir/home/pi/pico/pico-sdk/src/rp2_common/pico_stdio/stdio.c.obj
                0x20001000                PROVIDE (__mutex_array_end = .)
                0x20001000                . = ALIGN (0x4)
                0x20001000                PROVIDE (__preinit_array_start = .)
 *(SORT_BY_NAME(.preinit_array.*))
 .preinit_array.00001
                0x20001000        0x4 CMakeFiles/seatsensor.dir/home/pi/pico/pico-sdk/src/rp2_common/pico_mem_ops/mem_ops_aeabi.S.obj
 .preinit_array.00010
                0x20001004        0x4 CMakeFiles/seatsensor.dir/home/pi/pico/pico-sdk/src/rp2_common/pico_bit_ops/bit_ops_aeabi.S.obj
 .preinit_array.00020
                0x20001008        0x4 CMakeFiles/seatsensor.dir/home/pi/pico/pico-sdk/src/rp2_common/pico_double/double_aeabi.S.obj
 .preinit_array.00020
                0x2000100c        0x4 CMakeFiles/seatsensor.dir/home/pi/pico/pico-sdk/src/rp2_common/pico_float/float_aeabi.S.obj
 *(.preinit_array)
                0x20001010                PROVIDE (__preinit_array_end = .)
                0x20001010                . = ALIGN (0x4)
                0x20001010                PROVIDE (__init_array_start = .)
 *(SORT_BY_NAME(.init_array.*))
 *(.init_array)
 .init_array    0x20001010        0x4 /usr/lib/gcc/arm-none-eabi/7.3.1/thumb/v6-m/crtbegin.o
 .init_array    0x20001014        0x4 CMakeFiles/seatsensor.dir/home/pi/pico/pico-sdk/src/rp2_common/pico_unique_id/unique_id.c.obj
                0x20001018                PROVIDE (__init_array_end = .)
                0x20001018                . = ALIGN (0x4)
                0x20001018                PROVIDE (__fini_array_start = .)
 *(SORT_BY_NAME(.fini_array.*))
 *(.fini_array)
                0x20001018                PROVIDE (__fini_array_end = .)
 *(.jcr)
                0x20001018                . = ALIGN (0x4)
                0x20001018                __data_end__ = .

.tm_clone_table
                0x20001018        0x0 load address 0x1000da8c
 .tm_clone_table
                0x20001018        0x0 /usr/lib/gcc/arm-none-eabi/7.3.1/thumb/v6-m/crtbegin.o
 .tm_clone_table
                0x20001018        0x0 /usr/lib/gcc/arm-none-eabi/7.3.1/thumb/v6-m/crtend.o

.igot.plt       0x20001018        0x0 load address 0x1000da8c
 .igot.plt      0x20001018        0x0 /usr/lib/gcc/arm-none-eabi/7.3.1/thumb/v6-m/crtbegin.o

.uninitialized_data
                0x20001018        0x0 load address 0x1000da8c
                0x20001018                . = ALIGN (0x4)
 *(.uninitialized_data*)

.scratch_x      0x20040000        0x0 load address 0x1000da8c
                0x20040000                __scratch_x_start__ = .
 *(.scratch_x.*)
                0x20040000                . = ALIGN (0x4)
                0x20040000                __scratch_x_end__ = .
                0x1000da8c                __scratch_x_source__ = LOADADDR (.scratch_x)

.scratch_y      0x20041000        0x0 load address 0x1000da8c
                0x20041000                __scratch_y_start__ = .
 *(.scratch_y.*)
                0x20041000                . = ALIGN (0x4)
                0x20041000                __scratch_y_end__ = .
                0x1000da8c                __scratch_y_source__ = LOADADDR (.scratch_y)

.bss            0x20001018      0x6a0
                0x20001018                . = ALIGN (0x4)
                0x20001018                __bss_start__ = .
 *(SORT_BY_ALIGNMENT(SORT_BY_NAME(.bss*)))
 .bss.default_alarm_pool_entries
                0x20001018      0x100 CMakeFiles/seatsensor.dir/home/pi/pico/pico-sdk/src/common/pico_time/time.c.obj
 .bss           0x20001118       0x1c /usr/lib/gcc/arm-none-eabi/7.3.1/thumb/v6-m/crtbegin.o
 .bss           0x20001134       0x34 /usr/lib/gcc/arm-none-eabi/7.3.1/../../../arm-none-eabi/lib/thumb/v6-m/libg.a(lib_a-mallocr.o)
                0x20001134                __malloc_top_pad
                0x20001138                __malloc_current_mallinfo
                0x20001160                __malloc_max_sbrked_mem
                0x20001164                __malloc_max_total_mem
 .bss.alarm_callbacks
                0x20001168       0x10 CMakeFiles/seatsensor.dir/home/pi/pico/pico-sdk/src/rp2_common/hardware_timer/timer.c.obj
 .bss.boot2_copyout
                0x20001178      0x100 CMakeFiles/seatsensor.dir/home/pi/pico/pico-sdk/src/rp2_common/hardware_flash/flash.c.obj
 .bss.channel   0x20001278        0x4 CMakeFiles/seatsensor.dir/seatsensor.c.obj
                0x20001278                channel
 .bss.configured_freq
                0x2000127c       0x28 CMakeFiles/seatsensor.dir/home/pi/pico/pico-sdk/src/rp2_common/hardware_clocks/clocks.c.obj
 .bss.default_alarm_pool_entry_ids_high
                0x200012a4       0x10 CMakeFiles/seatsensor.dir/home/pi/pico/pico-sdk/src/common/pico_time/time.c.obj
 .bss.default_alarm_pool_heap_nodes
                0x200012b4       0x30 CMakeFiles/seatsensor.dir/home/pi/pico/pico-sdk/src/common/pico_time/time.c.obj
 .bss.drivers   0x200012e4        0x4 CMakeFiles/seatsensor.dir/home/pi/pico/pico-sdk/src/rp2_common/pico_stdio/stdio.c.obj
 .bss.filter    0x200012e8        0x4 CMakeFiles/seatsensor.dir/home/pi/pico/pico-sdk/src/rp2_common/pico_stdio/stdio.c.obj
 .bss.heap_end.5811
                0x200012ec        0x4 CMakeFiles/seatsensor.dir/home/pi/pico/pico-sdk/src/rp2_common/pico_runtime/runtime.c.obj
 .bss.load_value
                0x200012f0        0x4 CMakeFiles/seatsensor.dir/home/pi/pico/pico-sdk/src/rp2_common/hardware_watchdog/watchdog.c.obj
 .bss.pools     0x200012f4       0x10 CMakeFiles/seatsensor.dir/home/pi/pico/pico-sdk/src/common/pico_time/time.c.obj
 .bss.readn     0x20001304        0x4 CMakeFiles/seatsensor.dir/seatsensor.c.obj
                0x20001304                readn
 .bss.retrieved_id
                0x20001308        0x8 CMakeFiles/seatsensor.dir/home/pi/pico/pico-sdk/src/rp2_common/pico_unique_id/unique_id.c.obj
 .bss.sf_clz_func
                0x20001310        0x4 CMakeFiles/seatsensor.dir/home/pi/pico/pico-sdk/src/rp2_common/pico_double/double_init_rom.c.obj
                0x20001310                sf_clz_func
 .bss.sleep_notifier
                0x20001314        0x4 CMakeFiles/seatsensor.dir/home/pi/pico/pico-sdk/src/common/pico_time/time.c.obj
 .bss.target_hi
                0x20001318       0x10 CMakeFiles/seatsensor.dir/home/pi/pico/pico-sdk/src/rp2_common/hardware_timer/timer.c.obj
 .bss.uart_instance
                0x20001328        0x4 CMakeFiles/seatsensor.dir/home/pi/pico/pico-sdk/src/rp2_common/pico_stdio_uart/stdio_uart.c.obj
 .bss.boot2_copyout_valid
                0x2000132c        0x1 CMakeFiles/seatsensor.dir/home/pi/pico/pico-sdk/src/rp2_common/hardware_flash/flash.c.obj
 .bss.claimed   0x2000132d        0x1 CMakeFiles/seatsensor.dir/home/pi/pico/pico-sdk/src/rp2_common/hardware_timer/timer.c.obj
 .bss.irq_hander_chain_free_slot_head
                0x2000132e        0x1 CMakeFiles/seatsensor.dir/home/pi/pico/pico-sdk/src/rp2_common/hardware_irq/irq.c.obj
 .bss.timer_callbacks_pending
                0x2000132f        0x1 CMakeFiles/seatsensor.dir/home/pi/pico/pico-sdk/src/rp2_common/hardware_timer/timer.c.obj
 *(COMMON)
 COMMON         0x20001330       0xb8 CMakeFiles/seatsensor.dir/seatsensor.c.obj
                0x20001330                map
                0x20001350                completeVersion
                0x20001368                reading
                0x200013a8                peaks
 COMMON         0x200013e8       0xc8 CMakeFiles/seatsensor.dir/common.c.obj
                0x200013e8                flash_addr
                0x200013f0                sys
 COMMON         0x200014b0        0x4 CMakeFiles/seatsensor.dir/home/pi/pico/pico-sdk/src/rp2_common/hardware_uart/uart.c.obj
                0x200014b0                uart_char_to_line_feed
 COMMON         0x200014b4      0x100 CMakeFiles/seatsensor.dir/home/pi/pico/pico-sdk/src/rp2_common/pico_double/double_init_rom.c.obj
                0x200014b4                sd_table
 COMMON         0x200015b4      0x100 CMakeFiles/seatsensor.dir/home/pi/pico/pico-sdk/src/rp2_common/pico_float/float_init_rom.c.obj
                0x200015b4                sf_table
 COMMON         0x200016b4        0x4 /usr/lib/gcc/arm-none-eabi/7.3.1/../../../arm-none-eabi/lib/thumb/v6-m/libg.a(lib_a-reent.o)
                0x200016b4                errno
                0x200016b8                . = ALIGN (0x4)
                0x200016b8                __bss_end__ = .

.heap           0x200016b8      0x800
                0x200016b8                __end__ = .
                0x200016b8                end = __end__
 *(.heap*)
 .heap          0x200016b8      0x800 CMakeFiles/seatsensor.dir/home/pi/pico/pico-sdk/src/rp2_common/pico_standard_link/crt0.S.obj
                0x20001eb8                __HeapLimit = .

.stack1_dummy   0x20040000        0x0
 *(.stack1*)

.stack_dummy    0x20041000      0x800
 *(.stack*)
 .stack         0x20041000      0x800 CMakeFiles/seatsensor.dir/home/pi/pico/pico-sdk/src/rp2_common/pico_standard_link/crt0.S.obj

.flash_end      0x1000da8c        0x0
                0x1000da8c                __flash_binary_end = .
                0x20040000                __StackLimit = (ORIGIN (RAM) + LENGTH (RAM))
                0x20041000                __StackOneTop = (ORIGIN (SCRATCH_X) + LENGTH (SCRATCH_X))
                0x20042000                __StackTop = (ORIGIN (SCRATCH_Y) + LENGTH (SCRATCH_Y))
                0x20041000                __StackOneBottom = (__StackOneTop - SIZEOF (.stack1_dummy))
                0x20041800                __StackBottom = (__StackTop - SIZEOF (.stack_dummy))
                0x20042000                PROVIDE (__stack = __StackTop)
                0x00000001                ASSERT ((__StackLimit >= __HeapLimit), region RAM overflowed)
                0x00000001                ASSERT (((__binary_info_header_end - __logical_binary_start) <= 0x100), Binary info must be in first 256 bytes of the binary)
LOAD CMakeFiles/seatsensor.dir/seatsensor.c.obj
LOAD CMakeFiles/seatsensor.dir/common.c.obj
LOAD CMakeFiles/seatsensor.dir/home/pi/pico/pico-sdk/src/rp2_common/hardware_adc/adc.c.obj
LOAD CMakeFiles/seatsensor.dir/home/pi/pico/pico-sdk/src/rp2_common/hardware_claim/claim.c.obj
LOAD CMakeFiles/seatsensor.dir/home/pi/pico/pico-sdk/src/rp2_common/pico_platform/platform.c.obj
LOAD CMakeFiles/seatsensor.dir/home/pi/pico/pico-sdk/src/rp2_common/hardware_sync/sync.c.obj
LOAD CMakeFiles/seatsensor.dir/home/pi/pico/pico-sdk/src/rp2_common/pico_stdlib/stdlib.c.obj
LOAD CMakeFiles/seatsensor.dir/home/pi/pico/pico-sdk/src/rp2_common/hardware_gpio/gpio.c.obj
LOAD CMakeFiles/seatsensor.dir/home/pi/pico/pico-sdk/src/rp2_common/hardware_irq/irq.c.obj
LOAD CMakeFiles/seatsensor.dir/home/pi/pico/pico-sdk/src/rp2_common/hardware_irq/irq_handler_chain.S.obj
LOAD CMakeFiles/seatsensor.dir/home/pi/pico/pico-sdk/src/common/pico_sync/sem.c.obj
LOAD CMakeFiles/seatsensor.dir/home/pi/pico/pico-sdk/src/common/pico_sync/lock_core.c.obj
LOAD CMakeFiles/seatsensor.dir/home/pi/pico/pico-sdk/src/common/pico_time/time.c.obj
LOAD CMakeFiles/seatsensor.dir/home/pi/pico/pico-sdk/src/common/pico_time/timeout_helper.c.obj
LOAD CMakeFiles/seatsensor.dir/home/pi/pico/pico-sdk/src/rp2_common/hardware_timer/timer.c.obj
LOAD CMakeFiles/seatsensor.dir/home/pi/pico/pico-sdk/src/common/pico_util/datetime.c.obj
LOAD CMakeFiles/seatsensor.dir/home/pi/pico/pico-sdk/src/common/pico_util/pheap.c.obj
LOAD CMakeFiles/seatsensor.dir/home/pi/pico/pico-sdk/src/common/pico_util/queue.c.obj
LOAD CMakeFiles/seatsensor.dir/home/pi/pico/pico-sdk/src/common/pico_sync/mutex.c.obj
LOAD CMakeFiles/seatsensor.dir/home/pi/pico/pico-sdk/src/common/pico_sync/critical_section.c.obj
LOAD CMakeFiles/seatsensor.dir/home/pi/pico/pico-sdk/src/rp2_common/hardware_uart/uart.c.obj
LOAD CMakeFiles/seatsensor.dir/home/pi/pico/pico-sdk/src/rp2_common/hardware_divider/divider.S.obj
LOAD CMakeFiles/seatsensor.dir/home/pi/pico/pico-sdk/src/rp2_common/pico_runtime/runtime.c.obj
LOAD CMakeFiles/seatsensor.dir/home/pi/pico/pico-sdk/src/rp2_common/hardware_clocks/clocks.c.obj
LOAD CMakeFiles/seatsensor.dir/home/pi/pico/pico-sdk/src/rp2_common/hardware_pll/pll.c.obj
LOAD CMakeFiles/seatsensor.dir/home/pi/pico/pico-sdk/src/rp2_common/hardware_vreg/vreg.c.obj
LOAD CMakeFiles/seatsensor.dir/home/pi/pico/pico-sdk/src/rp2_common/hardware_watchdog/watchdog.c.obj
LOAD CMakeFiles/seatsensor.dir/home/pi/pico/pico-sdk/src/rp2_common/hardware_xosc/xosc.c.obj
LOAD CMakeFiles/seatsensor.dir/home/pi/pico/pico-sdk/src/rp2_common/pico_printf/printf.c.obj
LOAD CMakeFiles/seatsensor.dir/home/pi/pico/pico-sdk/src/rp2_common/pico_bit_ops/bit_ops_aeabi.S.obj
LOAD CMakeFiles/seatsensor.dir/home/pi/pico/pico-sdk/src/rp2_common/pico_bootrom/bootrom.c.obj
LOAD CMakeFiles/seatsensor.dir/home/pi/pico/pico-sdk/src/rp2_common/pico_divider/divider.S.obj
LOAD CMakeFiles/seatsensor.dir/home/pi/pico/pico-sdk/src/rp2_common/pico_double/double_aeabi.S.obj
LOAD CMakeFiles/seatsensor.dir/home/pi/pico/pico-sdk/src/rp2_common/pico_double/double_init_rom.c.obj
LOAD CMakeFiles/seatsensor.dir/home/pi/pico/pico-sdk/src/rp2_common/pico_double/double_math.c.obj
LOAD CMakeFiles/seatsensor.dir/home/pi/pico/pico-sdk/src/rp2_common/pico_double/double_v1_rom_shim.S.obj
LOAD CMakeFiles/seatsensor.dir/home/pi/pico/pico-sdk/src/rp2_common/pico_int64_ops/pico_int64_ops_aeabi.S.obj
LOAD CMakeFiles/seatsensor.dir/home/pi/pico/pico-sdk/src/rp2_common/pico_float/float_aeabi.S.obj
LOAD CMakeFiles/seatsensor.dir/home/pi/pico/pico-sdk/src/rp2_common/pico_float/float_init_rom.c.obj
LOAD CMakeFiles/seatsensor.dir/home/pi/pico/pico-sdk/src/rp2_common/pico_float/float_math.c.obj
LOAD CMakeFiles/seatsensor.dir/home/pi/pico/pico-sdk/src/rp2_common/pico_float/float_v1_rom_shim.S.obj
LOAD CMakeFiles/seatsensor.dir/home/pi/pico/pico-sdk/src/rp2_common/pico_malloc/pico_malloc.c.obj
LOAD CMakeFiles/seatsensor.dir/home/pi/pico/pico-sdk/src/rp2_common/pico_mem_ops/mem_ops_aeabi.S.obj
LOAD CMakeFiles/seatsensor.dir/home/pi/pico/pico-sdk/src/rp2_common/pico_standard_link/crt0.S.obj
LOAD CMakeFiles/seatsensor.dir/home/pi/pico/pico-sdk/src/rp2_common/pico_standard_link/new_delete.cpp.obj
LOAD CMakeFiles/seatsensor.dir/home/pi/pico/pico-sdk/src/rp2_common/pico_standard_link/binary_info.c.obj
LOAD CMakeFiles/seatsensor.dir/home/pi/pico/pico-sdk/src/rp2_common/pico_stdio/stdio.c.obj
LOAD CMakeFiles/seatsensor.dir/home/pi/pico/pico-sdk/src/rp2_common/pico_stdio_uart/stdio_uart.c.obj
LOAD CMakeFiles/seatsensor.dir/home/pi/pico/pico-sdk/src/rp2_common/pico_stdio_usb/reset_interface.c.obj
LOAD CMakeFiles/seatsensor.dir/home/pi/pico/pico-sdk/src/rp2_common/pico_stdio_usb/stdio_usb.c.obj
LOAD CMakeFiles/seatsensor.dir/home/pi/pico/pico-sdk/src/rp2_common/pico_stdio_usb/stdio_usb_descriptors.c.obj
LOAD CMakeFiles/seatsensor.dir/home/pi/pico/pico-sdk/lib/tinyusb/src/portable/raspberrypi/rp2040/dcd_rp2040.c.obj
LOAD CMakeFiles/seatsensor.dir/home/pi/pico/pico-sdk/lib/tinyusb/src/portable/raspberrypi/rp2040/rp2040_usb.c.obj
LOAD CMakeFiles/seatsensor.dir/home/pi/pico/pico-sdk/lib/tinyusb/src/device/usbd.c.obj
LOAD CMakeFiles/seatsensor.dir/home/pi/pico/pico-sdk/lib/tinyusb/src/device/usbd_control.c.obj
LOAD CMakeFiles/seatsensor.dir/home/pi/pico/pico-sdk/lib/tinyusb/src/class/audio/audio_device.c.obj
LOAD CMakeFiles/seatsensor.dir/home/pi/pico/pico-sdk/lib/tinyusb/src/class/cdc/cdc_device.c.obj
LOAD CMakeFiles/seatsensor.dir/home/pi/pico/pico-sdk/lib/tinyusb/src/class/dfu/dfu_device.c.obj
LOAD CMakeFiles/seatsensor.dir/home/pi/pico/pico-sdk/lib/tinyusb/src/class/dfu/dfu_rt_device.c.obj
LOAD CMakeFiles/seatsensor.dir/home/pi/pico/pico-sdk/lib/tinyusb/src/class/hid/hid_device.c.obj
LOAD CMakeFiles/seatsensor.dir/home/pi/pico/pico-sdk/lib/tinyusb/src/class/midi/midi_device.c.obj
LOAD CMakeFiles/seatsensor.dir/home/pi/pico/pico-sdk/lib/tinyusb/src/class/msc/msc_device.c.obj
LOAD CMakeFiles/seatsensor.dir/home/pi/pico/pico-sdk/lib/tinyusb/src/class/net/ecm_rndis_device.c.obj
LOAD CMakeFiles/seatsensor.dir/home/pi/pico/pico-sdk/lib/tinyusb/src/class/net/ncm_device.c.obj
LOAD CMakeFiles/seatsensor.dir/home/pi/pico/pico-sdk/lib/tinyusb/src/class/usbtmc/usbtmc_device.c.obj
LOAD CMakeFiles/seatsensor.dir/home/pi/pico/pico-sdk/lib/tinyusb/src/class/vendor/vendor_device.c.obj
LOAD CMakeFiles/seatsensor.dir/home/pi/pico/pico-sdk/lib/tinyusb/src/class/video/video_device.c.obj
LOAD CMakeFiles/seatsensor.dir/home/pi/pico/pico-sdk/lib/tinyusb/src/tusb.c.obj
LOAD CMakeFiles/seatsensor.dir/home/pi/pico/pico-sdk/lib/tinyusb/src/common/tusb_fifo.c.obj
LOAD CMakeFiles/seatsensor.dir/home/pi/pico/pico-sdk/src/rp2_common/pico_fix/rp2040_usb_device_enumeration/rp2040_usb_device_enumeration.c.obj
LOAD CMakeFiles/seatsensor.dir/home/pi/pico/pico-sdk/src/rp2_common/pico_unique_id/unique_id.c.obj
LOAD CMakeFiles/seatsensor.dir/home/pi/pico/pico-sdk/src/rp2_common/hardware_flash/flash.c.obj
LOAD /tmp/ccouagso.o
LOAD /usr/lib/gcc/arm-none-eabi/7.3.1/../../../arm-none-eabi/lib/thumb/v6-m/libstdc++.a
LOAD /usr/lib/gcc/arm-none-eabi/7.3.1/../../../arm-none-eabi/lib/thumb/v6-m/libm.a
START GROUP
LOAD /usr/lib/gcc/arm-none-eabi/7.3.1/thumb/v6-m/libgcc.a
LOAD /usr/lib/gcc/arm-none-eabi/7.3.1/../../../arm-none-eabi/lib/thumb/v6-m/libg.a
LOAD /usr/lib/gcc/arm-none-eabi/7.3.1/../../../arm-none-eabi/lib/thumb/v6-m/libc.a
END GROUP
START GROUP
LOAD /usr/lib/gcc/arm-none-eabi/7.3.1/thumb/v6-m/libgcc.a
LOAD /usr/lib/gcc/arm-none-eabi/7.3.1/../../../arm-none-eabi/lib/thumb/v6-m/libc.a
LOAD /usr/lib/gcc/arm-none-eabi/7.3.1/../../../arm-none-eabi/lib/thumb/v6-m/libnosys.a
END GROUP
LOAD /usr/lib/gcc/arm-none-eabi/7.3.1/thumb/v6-m/crtend.o
LOAD /usr/lib/gcc/arm-none-eabi/7.3.1/thumb/v6-m/crtn.o
OUTPUT(seatsensor.elf elf32-littlearm)

.ARM.attributes
                0x00000000       0x28
 .ARM.attributes
                0x00000000       0x1e /usr/lib/gcc/arm-none-eabi/7.3.1/thumb/v6-m/crti.o
 .ARM.attributes
                0x0000001e       0x2c /usr/lib/gcc/arm-none-eabi/7.3.1/thumb/v6-m/crtbegin.o
 .ARM.attributes
                0x0000004a       0x32 CMakeFiles/seatsensor.dir/seatsensor.c.obj
 .ARM.attributes
                0x0000007c       0x32 CMakeFiles/seatsensor.dir/common.c.obj
 .ARM.attributes
                0x000000ae       0x32 CMakeFiles/seatsensor.dir/home/pi/pico/pico-sdk/src/rp2_common/hardware_adc/adc.c.obj
 .ARM.attributes
                0x000000e0       0x32 CMakeFiles/seatsensor.dir/home/pi/pico/pico-sdk/src/rp2_common/hardware_claim/claim.c.obj
 .ARM.attributes