Archive member included to satisfy reference by file (symbol)

/opt/homebrew/Cellar/arm-none-eabi-gcc/10.3-2021.07/gcc/bin/../lib/gcc/arm-none-eabi/10.3.1/thumb/v6-m/nofp/libgcc.a(_dvmd_tls.o)
                              CMakeFiles/seatsensor.dir/Users/ekremkaracan/pico/pico-sdk/src/rp2_common/pico_divider/divider.S.obj (__aeabi_idiv0)
/opt/homebrew/Cellar/arm-none-eabi-gcc/10.3-2021.07/gcc/bin/../lib/gcc/arm-none-eabi/10.3.1/../../../../arm-none-eabi/lib/thumb/v6-m/nofp/libg.a(lib_a-calloc.o)
                              CMakeFiles/seatsensor.dir/Users/ekremkaracan/pico/pico-sdk/src/rp2_common/pico_malloc/pico_malloc.c.obj (calloc)
/opt/homebrew/Cellar/arm-none-eabi-gcc/10.3-2021.07/gcc/bin/../lib/gcc/arm-none-eabi/10.3.1/../../../../arm-none-eabi/lib/thumb/v6-m/nofp/libg.a(lib_a-callocr.o)
                              /opt/homebrew/Cellar/arm-none-eabi-gcc/10.3-2021.07/gcc/bin/../lib/gcc/arm-none-eabi/10.3.1/../../../../arm-none-eabi/lib/thumb/v6-m/nofp/libg.a(lib_a-calloc.o) (_calloc_r)
/opt/homebrew/Cellar/arm-none-eabi-gcc/10.3-2021.07/gcc/bin/../lib/gcc/arm-none-eabi/10.3.1/../../../../arm-none-eabi/lib/thumb/v6-m/nofp/libg.a(lib_a-ctype_.o)
                              CMakeFiles/seatsensor.dir/Users/ekremkaracan/pico/pico-sdk/lib/tinyusb/src/tusb.c.obj (_ctype_)
/opt/homebrew/Cellar/arm-none-eabi-gcc/10.3-2021.07/gcc/bin/../lib/gcc/arm-none-eabi/10.3.1/../../../../arm-none-eabi/lib/thumb/v6-m/nofp/libg.a(lib_a-errno.o)
                              /opt/homebrew/Cellar/arm-none-eabi-gcc/10.3-2021.07/gcc/bin/../lib/gcc/arm-none-eabi/10.3.1/../../../../arm-none-eabi/lib/thumb/v6-m/nofp/libg.a(lib_a-callocr.o) (__errno)
/opt/homebrew/Cellar/arm-none-eabi-gcc/10.3-2021.07/gcc/bin/../lib/gcc/arm-none-eabi/10.3.1/../../../../arm-none-eabi/lib/thumb/v6-m/nofp/libg.a(lib_a-impure.o)
                              /opt/homebrew/Cellar/arm-none-eabi-gcc/10.3-2021.07/gcc/bin/../lib/gcc/arm-none-eabi/10.3.1/../../../../arm-none-eabi/lib/thumb/v6-m/nofp/libg.a(lib_a-calloc.o) (_impure_ptr)
/opt/homebrew/Cellar/arm-none-eabi-gcc/10.3-2021.07/gcc/bin/../lib/gcc/arm-none-eabi/10.3.1/../../../../arm-none-eabi/lib/thumb/v6-m/nofp/libg.a(lib_a-init.o)
                              /opt/homebrew/Cellar/arm-none-eabi-gcc/10.3-2021.07/gcc/bin/../lib/gcc/arm-none-eabi/10.3.1/../../../../arm-none-eabi/lib/thumb/v6-m/nofp/crt0.o (__libc_init_array)
/opt/homebrew/Cellar/arm-none-eabi-gcc/10.3-2021.07/gcc/bin/../lib/gcc/arm-none-eabi/10.3.1/../../../../arm-none-eabi/lib/thumb/v6-m/nofp/libg.a(lib_a-malloc.o)
                              CMakeFiles/seatsensor.dir/Users/ekremkaracan/pico/pico-sdk/src/rp2_common/pico_malloc/pico_malloc.c.obj (malloc)
/opt/homebrew/Cellar/arm-none-eabi-gcc/10.3-2021.07/gcc/bin/../lib/gcc/arm-none-eabi/10.3.1/../../../../arm-none-eabi/lib/thumb/v6-m/nofp/libg.a(lib_a-mallocr.o)
                              /opt/homebrew/Cellar/arm-none-eabi-gcc/10.3-2021.07/gcc/bin/../lib/gcc/arm-none-eabi/10.3.1/../../../../arm-none-eabi/lib/thumb/v6-m/nofp/libg.a(lib_a-callocr.o) (_malloc_r)
/opt/homebrew/Cellar/arm-none-eabi-gcc/10.3-2021.07/gcc/bin/../lib/gcc/arm-none-eabi/10.3.1/../../../../arm-none-eabi/lib/thumb/v6-m/nofp/libg.a(lib_a-memcmp.o)
                              CMakeFiles/seatsensor.dir/common.c.obj (memcmp)
/opt/homebrew/Cellar/arm-none-eabi-gcc/10.3-2021.07/gcc/bin/../lib/gcc/arm-none-eabi/10.3.1/../../../../arm-none-eabi/lib/thumb/v6-m/nofp/libg.a(lib_a-mlock.o)
                              /opt/homebrew/Cellar/arm-none-eabi-gcc/10.3-2021.07/gcc/bin/../lib/gcc/arm-none-eabi/10.3.1/../../../../arm-none-eabi/lib/thumb/v6-m/nofp/libg.a(lib_a-mallocr.o) (__malloc_lock)
/opt/homebrew/Cellar/arm-none-eabi-gcc/10.3-2021.07/gcc/bin/../lib/gcc/arm-none-eabi/10.3.1/../../../../arm-none-eabi/lib/thumb/v6-m/nofp/libg.a(lib_a-realloc.o)
                              CMakeFiles/seatsensor.dir/Users/ekremkaracan/pico/pico-sdk/src/rp2_common/pico_malloc/pico_malloc.c.obj (realloc)
/opt/homebrew/Cellar/arm-none-eabi-gcc/10.3-2021.07/gcc/bin/../lib/gcc/arm-none-eabi/10.3.1/../../../../arm-none-eabi/lib/thumb/v6-m/nofp/libg.a(lib_a-reallocr.o)
                              /opt/homebrew/Cellar/arm-none-eabi-gcc/10.3-2021.07/gcc/bin/../lib/gcc/arm-none-eabi/10.3.1/../../../../arm-none-eabi/lib/thumb/v6-m/nofp/libg.a(lib_a-realloc.o) (_realloc_r)
/opt/homebrew/Cellar/arm-none-eabi-gcc/10.3-2021.07/gcc/bin/../lib/gcc/arm-none-eabi/10.3.1/../../../../arm-none-eabi/lib/thumb/v6-m/nofp/libg.a(lib_a-sbrkr.o)
                              /opt/homebrew/Cellar/arm-none-eabi-gcc/10.3-2021.07/gcc/bin/../lib/gcc/arm-none-eabi/10.3.1/../../../../arm-none-eabi/lib/thumb/v6-m/nofp/libg.a(lib_a-mallocr.o) (_sbrk_r)
/opt/homebrew/Cellar/arm-none-eabi-gcc/10.3-2021.07/gcc/bin/../lib/gcc/arm-none-eabi/10.3.1/../../../../arm-none-eabi/lib/thumb/v6-m/nofp/libg.a(lib_a-sscanf.o)
                              CMakeFiles/seatsensor.dir/seatsensor.c.obj (sscanf)
[...]
Memory Configuration

Name             Origin             Length             Attributes
FLASH            0x0000000010000000 0x0000000000200000 xr
RAM              0x0000000020000000 0x0000000000040000 xrw
SCRATCH_X        0x0000000020040000 0x0000000000001000 xrw
SCRATCH_Y        0x0000000020041000 0x0000000000001000 xrw
*default*        0x0000000000000000 0xffffffffffffffff

Linker script and memory map

LOAD /opt/homebrew/Cellar/arm-none-eabi-gcc/10.3-2021.07/gcc/bin/../lib/gcc/arm-none-eabi/10.3.1/thumb/v6-m/nofp/crti.o
LOAD /opt/homebrew/Cellar/arm-none-eabi-gcc/10.3-2021.07/gcc/bin/../lib/gcc/arm-none-eabi/10.3.1/thumb/v6-m/nofp/crtbegin.o
LOAD /opt/homebrew/Cellar/arm-none-eabi-gcc/10.3-2021.07/gcc/bin/../lib/gcc/arm-none-eabi/10.3.1/../../../../arm-none-eabi/lib/thumb/v6-m/nofp/crt0.o

.flash_begin    0x0000000010000000        0x0
                0x0000000010000000                __flash_binary_start = .

.boot2          0x0000000010000000      0x100
                0x0000000010000000                __boot2_start__ = .
 *(.boot2)
 .boot2         0x0000000010000000      0x100 /var/folders/pb/m72n444s4_1_v73vzcg9lqlh0000gp/T//ccQ9ORls.o
                0x0000000010000100                __boot2_end__ = .
                0x0000000000000001                ASSERT (((__boot2_end__ - __boot2_start__) == 0x100), ERROR: Pico second stage bootloader must be 256 bytes in size)

.text           0x0000000010000100     0xd038
                0x0000000010000100                __logical_binary_start = .
 *(.vectors)
 .vectors       0x0000000010000100       0xd4 CMakeFiles/seatsensor.dir/Users/ekremkaracan/pico/pico-sdk/src/rp2_common/pico_standard_link/crt0.S.obj
                0x0000000010000100                __VECTOR_TABLE
                0x0000000010000100                __vectors
                0x00000000100001c0                __default_isrs_start
                0x00000000100001c0                isr_invalid
                0x00000000100001c2                isr_nmi
                0x00000000100001c4                isr_hardfault
                0x00000000100001c6                isr_svcall
                0x00000000100001c8                isr_pendsv
                0x00000000100001ca                isr_systick
                0x00000000100001cc                isr_irq28
                0x00000000100001cc                isr_irq19
                0x00000000100001cc                isr_irq0
                0x00000000100001cc                isr_irq6
                0x00000000100001cc                isr_irq22
                0x00000000100001cc                isr_irq17
                0x00000000100001cc                isr_irq14
                0x00000000100001cc                isr_irq2
                0x00000000100001cc                isr_irq10
                0x00000000100001cc                isr_irq8
                0x00000000100001cc                isr_irq24
                0x00000000100001cc                isr_irq1
                0x00000000100001cc                isr_irq7
                0x00000000100001cc                isr_irq21
                0x00000000100001cc                isr_irq20
                0x00000000100001cc                isr_irq15
                0x00000000100001cc                isr_irq25
                0x00000000100001cc                isr_irq4
                0x00000000100001cc                isr_irq16
                0x00000000100001cc                isr_irq29
                0x00000000100001cc                isr_irq26
                0x00000000100001cc                __default_isrs_end
                0x00000000100001cc                isr_irq3
                0x00000000100001cc                isr_irq9
                0x00000000100001cc                __unhandled_user_irq
                0x00000000100001cc                isr_irq13
                0x00000000100001cc                isr_irq27
                0x00000000100001cc                isr_irq31
                0x00000000100001cc                isr_irq5
                0x00000000100001cc                isr_irq11
                0x00000000100001cc                isr_irq23
                0x00000000100001cc                isr_irq18
                0x00000000100001cc                isr_irq30
                0x00000000100001cc                isr_irq12
                0x00000000100001d2                unhandled_user_irq_num_in_r0
 *(.binary_info_header)
 .binary_info_header
                0x00000000100001d4       0x14 CMakeFiles/seatsensor.dir/Users/ekremkaracan/pico/pico-sdk/src/rp2_common/pico_standard_link/crt0.S.obj
                0x00000000100001e8                __binary_info_header_end = .
 *(.reset)
 .reset         0x00000000100001e8       0xa8 CMakeFiles/seatsensor.dir/Users/ekremkaracan/pico/pico-sdk/src/rp2_common/pico_standard_link/crt0.S.obj
                0x00000000100001e8                _entry_point
                0x0000000010000266                __get_current_exception
 .reset         0x0000000010000290       0x30 CMakeFiles/seatsensor.dir/Users/ekremkaracan/pico/pico-sdk/src/rp2_common/pico_standard_link/binary_info.c.obj
 *(.init)
 .init          0x00000000100002c0        0x4 /opt/homebrew/Cellar/arm-none-eabi-gcc/10.3-2021.07/gcc/bin/../lib/gcc/arm-none-eabi/10.3.1/thumb/v6-m/nofp/crti.o
                0x00000000100002c0                _init
 *(EXCLUDE_FILE(*libm.a: *libc.a:*lib_a-mem*.o *libgcc.a:) .text*)
 .text          0x00000000100002c4       0x48 /opt/homebrew/Cellar/arm-none-eabi-gcc/10.3-2021.07/gcc/bin/../lib/gcc/arm-none-eabi/10.3.1/thumb/v6-m/nofp/crtbegin.o
 .text.System   0x000000001000030c      0x124 CMakeFiles/seatsensor.dir/seatsensor.c.obj
                0x000000001000030c                System
 .text.main     0x0000000010000430       0x1c CMakeFiles/seatsensor.dir/seatsensor.c.obj
                0x0000000010000430                main
 .text.GetBoardID
                0x000000001000044c       0x30 CMakeFiles/seatsensor.dir/common.c.obj
                0x000000001000044c                GetBoardID
 .text.SaveConfig
                0x000000001000047c       0x48 CMakeFiles/seatsensor.dir/common.c.obj
                0x000000001000047c                SaveConfig
 .text.UpdateConfig
                0x00000000100004c4       0x28 CMakeFiles/seatsensor.dir/common.c.obj
                0x00000000100004c4                UpdateConfig
 .text.initSys  0x00000000100004ec       0xe4 CMakeFiles/seatsensor.dir/common.c.obj
                0x00000000100004ec                initSys
 .text.resetPico
                0x00000000100005d0        0xe CMakeFiles/seatsensor.dir/common.c.obj
                0x00000000100005d0                resetPico
 *fill*         0x00000000100005de        0x2 
 .text.LoopButton
                0x00000000100005e0      0x124 CMakeFiles/seatsensor.dir/common.c.obj
                0x00000000100005e0                LoopButton
 .text.input_loop
                0x0000000010000704      0x11c CMakeFiles/seatsensor.dir/common.c.obj
                0x0000000010000704                input_loop
 .text.loopSys  0x0000000010000820       0x44 CMakeFiles/seatsensor.dir/common.c.obj
                0x0000000010000820                loopSys
 .text.hw_claim_lock
                0x0000000010000864       0x18 CMakeFiles/seatsensor.dir/Users/ekremkaracan/pico/pico-sdk/src/rp2_common/hardware_claim/claim.c.obj
                0x0000000010000864                hw_claim_lock
 .text.hw_claim_unlock
                0x000000001000087c       0x14 CMakeFiles/seatsensor.dir/Users/ekremkaracan/pico/pico-sdk/src/rp2_common/hardware_claim/claim.c.obj
                0x000000001000087c                hw_claim_unlock
 .text.hw_claim_or_assert
                0x0000000010000890       0x32 CMakeFiles/seatsensor.dir/Users/ekremkaracan/pico/pico-sdk/src/rp2_common/hardware_claim/claim.c.obj
                0x0000000010000890                hw_claim_or_assert
 .text.hw_claim_unused_from_range
                0x00000000100008c2       0x50 CMakeFiles/seatsensor.dir/Users/ekremkaracan/pico/pico-sdk/src/rp2_common/hardware_claim/claim.c.obj
                0x00000000100008c2                hw_claim_unused_from_range
 *fill*         0x0000000010000912        0x2 
 .text.running_on_fpga
                0x0000000010000914       0x14 CMakeFiles/seatsensor.dir/Users/ekremkaracan/pico/pico-sdk/src/rp2_common/pico_platform/platform.c.obj
                0x0000000010000914                running_on_fpga
 .text.spin_locks_reset
                0x0000000010000928       0x20 CMakeFiles/seatsensor.dir/Users/ekremkaracan/pico/pico-sdk/src/rp2_common/hardware_sync/sync.c.obj
                0x0000000010000928                spin_locks_reset
 .text.next_striped_spin_lock_num
                0x0000000010000948       0x1c CMakeFiles/seatsensor.dir/Users/ekremkaracan/pico/pico-sdk/src/rp2_common/hardware_sync/sync.c.obj
                0x0000000010000948                next_striped_spin_lock_num
 .text.spin_lock_claim_unused
                0x0000000010000964       0x20 CMakeFiles/seatsensor.dir/Users/ekremkaracan/pico/pico-sdk/src/rp2_common/hardware_sync/sync.c.obj
                0x0000000010000964                spin_lock_claim_unused
 .text.gpio_set_function
                0x0000000010000984       0x30 CMakeFiles/seatsensor.dir/Users/ekremkaracan/pico/pico-sdk/src/rp2_common/hardware_gpio/gpio.c.obj
                0x0000000010000984                gpio_set_function
 .text.gpio_init
                0x00000000100009b4       0x16 CMakeFiles/seatsensor.dir/Users/ekremkaracan/pico/pico-sdk/src/rp2_common/hardware_gpio/gpio.c.obj
                0x00000000100009b4                gpio_init
 *fill*         0x00000000100009ca        0x2 
 .text.set_raw_irq_handler_and_unlock
                0x00000000100009cc       0x28 CMakeFiles/seatsensor.dir/Users/ekremkaracan/pico/pico-sdk/src/rp2_common/hardware_irq/irq.c.obj
 .text.make_branch
                0x00000000100009f4       0x48 CMakeFiles/seatsensor.dir/Users/ekremkaracan/pico/pico-sdk/src/rp2_common/hardware_irq/irq.c.obj
 .text.insert_branch_and_link
                0x0000000010000a3c       0x40 CMakeFiles/seatsensor.dir/Users/ekremkaracan/pico/pico-sdk/src/rp2_common/hardware_irq/irq.c.obj
 .text.irq_is_enabled
                0x0000000010000a7c       0x18 CMakeFiles/seatsensor.dir/Users/ekremkaracan/pico/pico-sdk/src/rp2_common/hardware_irq/irq.c.obj
                0x0000000010000a7c                irq_is_enabled
 .text.irq_set_mask_enabled
                0x0000000010000a94       0x20 CMakeFiles/seatsensor.dir/Users/ekremkaracan/pico/pico-sdk/src/rp2_common/hardware_irq/irq.c.obj
                0x0000000010000a94                irq_set_mask_enabled
 .text.irq_set_enabled
                0x0000000010000ab4        0xe CMakeFiles/seatsensor.dir/Users/ekremkaracan/pico/pico-sdk/src/rp2_common/hardware_irq/irq.c.obj
                0x0000000010000ab4                irq_set_enabled
 *fill*         0x0000000010000ac2        0x2 
 .text.irq_set_pending
                0x0000000010000ac4       0x10 CMakeFiles/seatsensor.dir/Users/ekremkaracan/pico/pico-sdk/src/rp2_common/hardware_irq/irq.c.obj
                0x0000000010000ac4                irq_set_pending
 .text.irq_get_vtable_handler
                0x0000000010000ad4       0x10 CMakeFiles/seatsensor.dir/Users/ekremkaracan/pico/pico-sdk/src/rp2_common/hardware_irq/irq.c.obj
                0x0000000010000ad4                irq_get_vtable_handler
 .text.irq_has_shared_handler
                0x0000000010000ae4       0x24 CMakeFiles/seatsensor.dir/Users/ekremkaracan/pico/pico-sdk/src/rp2_common/hardware_irq/irq.c.obj
                0x0000000010000ae4                irq_has_shared_handler
 .text.irq_set_exclusive_handler
                0x0000000010000b08       0x54 CMakeFiles/seatsensor.dir/Users/ekremkaracan/pico/pico-sdk/src/rp2_common/hardware_irq/irq.c.obj
                0x0000000010000b08                irq_set_exclusive_handler
 .text.irq_add_shared_handler
                0x0000000010000b5c      0x230 CMakeFiles/seatsensor.dir/Users/ekremkaracan/pico/pico-sdk/src/rp2_common/hardware_irq/irq.c.obj
                0x0000000010000b5c                irq_add_shared_handler
 .text.irq_remove_handler
                0x0000000010000d8c      0x1a8 CMakeFiles/seatsensor.dir/Users/ekremkaracan/pico/pico-sdk/src/rp2_common/hardware_irq/irq.c.obj
                0x0000000010000d8c                irq_remove_handler
 .text.irq_add_tail_to_free_list
                0x0000000010000f34       0xf0 CMakeFiles/seatsensor.dir/Users/ekremkaracan/pico/pico-sdk/src/rp2_common/hardware_irq/irq.c.obj
                0x0000000010000f34                irq_add_tail_to_free_list
 .text.irq_init_priorities
                0x0000000010001024       0x1c CMakeFiles/seatsensor.dir/Users/ekremkaracan/pico/pico-sdk/src/rp2_common/hardware_irq/irq.c.obj
                0x0000000010001024                irq_init_priorities
 .text.user_irq_claim_unused
                0x0000000010001040       0x30 CMakeFiles/seatsensor.dir/Users/ekremkaracan/pico/pico-sdk/src/rp2_common/hardware_irq/irq.c.obj
                0x0000000010001040                user_irq_claim_unused
 .text.lock_init
                0x0000000010001070       0x10 CMakeFiles/seatsensor.dir/Users/ekremkaracan/pico/pico-sdk/src/common/pico_sync/lock_core.c.obj
                0x0000000010001070                lock_init
 .text.alarm_pool_post_alloc_init
                0x0000000010001080       0x40 CMakeFiles/seatsensor.dir/Users/ekremkaracan/pico/pico-sdk/src/common/pico_time/time.c.obj
 .text.sleep_until_callback
                0x00000000100010c0       0x30 CMakeFiles/seatsensor.dir/Users/ekremkaracan/pico/pico-sdk/src/common/pico_time/time.c.obj
 .text.timer_pool_entry_comparator
                0x00000000100010f0       0x7c CMakeFiles/seatsensor.dir/Users/ekremkaracan/pico/pico-sdk/src/common/pico_time/time.c.obj
                0x00000000100010f0                timer_pool_entry_comparator
 .text.ph_add_child_node
                0x000000001000116c       0xa4 CMakeFiles/seatsensor.dir/Users/ekremkaracan/pico/pico-sdk/src/common/pico_time/time.c.obj
 .text.ph_merge_nodes
                0x0000000010001210       0x3e CMakeFiles/seatsensor.dir/Users/ekremkaracan/pico/pico-sdk/src/common/pico_time/time.c.obj
 *fill*         0x000000001000124e        0x2 
 .text.add_alarm_under_lock
                0x0000000010001250      0x174 CMakeFiles/seatsensor.dir/Users/ekremkaracan/pico/pico-sdk/src/common/pico_time/time.c.obj
 .text.alarm_pool_alarm_callback
                0x00000000100013c4      0x328 CMakeFiles/seatsensor.dir/Users/ekremkaracan/pico/pico-sdk/src/common/pico_time/time.c.obj
 .text.alarm_pool_init_default
                0x00000000100016ec       0x38 CMakeFiles/seatsensor.dir/Users/ekremkaracan/pico/pico-sdk/src/common/pico_time/time.c.obj
                0x00000000100016ec                alarm_pool_init_default
 .text.alarm_pool_get_default
                0x0000000010001724       0x2c CMakeFiles/seatsensor.dir/Users/ekremkaracan/pico/pico-sdk/src/common/pico_time/time.c.obj
                0x0000000010001724                alarm_pool_get_default
 .text.alarm_pool_add_alarm_at
                0x0000000010001750      0x170 CMakeFiles/seatsensor.dir/Users/ekremkaracan/pico/pico-sdk/src/common/pico_time/time.c.obj
                0x0000000010001750                alarm_pool_add_alarm_at
 .text.alarm_pool_cancel_alarm
                0x00000000100018c0       0xf0 CMakeFiles/seatsensor.dir/Users/ekremkaracan/pico/pico-sdk/src/common/pico_time/time.c.obj
                0x00000000100018c0                alarm_pool_cancel_alarm
 .text.sleep_until
                0x00000000100019b0       0xfc CMakeFiles/seatsensor.dir/Users/ekremkaracan/pico/pico-sdk/src/common/pico_time/time.c.obj
                0x00000000100019b0                sleep_until
 .text.sleep_us
                0x0000000010001aac       0x58 CMakeFiles/seatsensor.dir/Users/ekremkaracan/pico/pico-sdk/src/common/pico_time/time.c.obj
                0x0000000010001aac                sleep_us
 .text.sleep_ms
                0x0000000010001b04       0x14 CMakeFiles/seatsensor.dir/Users/ekremkaracan/pico/pico-sdk/src/common/pico_time/time.c.obj
                0x0000000010001b04                sleep_ms
 .text.best_effort_wfe_or_timeout
                0x0000000010001b18       0x80 CMakeFiles/seatsensor.dir/Users/ekremkaracan/pico/pico-sdk/src/common/pico_time/time.c.obj
                0x0000000010001b18                best_effort_wfe_or_timeout
 .text.hardware_alarm_irq_handler
                0x0000000010001b98       0x8c CMakeFiles/seatsensor.dir/Users/ekremkaracan/pico/pico-sdk/src/rp2_common/hardware_timer/timer.c.obj
 .text.hardware_alarm_claim
                0x0000000010001c24       0x18 CMakeFiles/seatsensor.dir/Users/ekremkaracan/pico/pico-sdk/src/rp2_common/hardware_timer/timer.c.obj
                0x0000000010001c24                hardware_alarm_claim
 .text.time_us_64
                0x0000000010001c3c       0x18 CMakeFiles/seatsensor.dir/Users/ekremkaracan/pico/pico-sdk/src/rp2_common/hardware_timer/timer.c.obj
                0x0000000010001c3c                time_us_64
 .text.busy_wait_until
                0x0000000010001c54       0x28 CMakeFiles/seatsensor.dir/Users/ekremkaracan/pico/pico-sdk/src/rp2_common/hardware_timer/timer.c.obj
                0x0000000010001c54                busy_wait_until
 .text.busy_wait_us
                0x0000000010001c7c       0x48 CMakeFiles/seatsensor.dir/Users/ekremkaracan/pico/pico-sdk/src/rp2_common/hardware_timer/timer.c.obj
                0x0000000010001c7c                busy_wait_us
 .text.hardware_alarm_set_callback
                0x0000000010001cc4       0x90 CMakeFiles/seatsensor.dir/Users/ekremkaracan/pico/pico-sdk/src/rp2_common/hardware_timer/timer.c.obj
                0x0000000010001cc4                hardware_alarm_set_callback
 .text.hardware_alarm_set_target
                0x0000000010001d54       0xe8 CMakeFiles/seatsensor.dir/Users/ekremkaracan/pico/pico-sdk/src/rp2_common/hardware_timer/timer.c.obj
                0x0000000010001d54                hardware_alarm_set_target
 .text.hardware_alarm_cancel
                0x0000000010001e3c       0x40 CMakeFiles/seatsensor.dir/Users/ekremkaracan/pico/pico-sdk/src/rp2_common/hardware_timer/timer.c.obj
                0x0000000010001e3c                hardware_alarm_cancel
 .text.ph_add_child_node
                0x0000000010001e7c       0xa4 CMakeFiles/seatsensor.dir/Users/ekremkaracan/pico/pico-sdk/src/common/pico_util/pheap.c.obj
 .text.ph_merge_nodes
                0x0000000010001f20       0x3e CMakeFiles/seatsensor.dir/Users/ekremkaracan/pico/pico-sdk/src/common/pico_util/pheap.c.obj
 *fill*         0x0000000010001f5e        0x2 
 .text.ph_clear
                0x0000000010001f60       0x70 CMakeFiles/seatsensor.dir/Users/ekremkaracan/pico/pico-sdk/src/common/pico_util/pheap.c.obj
                0x0000000010001f60                ph_clear
 .text.ph_post_alloc_init
                0x0000000010001fd0        0xe CMakeFiles/seatsensor.dir/Users/ekremkaracan/pico/pico-sdk/src/common/pico_util/pheap.c.obj
                0x0000000010001fd0                ph_post_alloc_init
 *fill*         0x0000000010001fde        0x2 
 .text.ph_merge_two_pass
                0x0000000010001fe0       0xa8 CMakeFiles/seatsensor.dir/Users/ekremkaracan/pico/pico-sdk/src/common/pico_util/pheap.c.obj
                0x0000000010001fe0                ph_merge_two_pass
 .text.ph_remove_any_head
                0x0000000010002088      0x108 CMakeFiles/seatsensor.dir/Users/ekremkaracan/pico/pico-sdk/src/common/pico_util/pheap.c.obj
 .text.ph_remove_head
                0x0000000010002190       0x14 CMakeFiles/seatsensor.dir/Users/ekremkaracan/pico/pico-sdk/src/common/pico_util/pheap.c.obj
                0x0000000010002190                ph_remove_head
 .text.ph_remove_and_free_node
                0x00000000100021a4       0xf8 CMakeFiles/seatsensor.dir/Users/ekremkaracan/pico/pico-sdk/src/common/pico_util/pheap.c.obj
                0x00000000100021a4                ph_remove_and_free_node
 .text.mutex_init
                0x000000001000229c       0x1a CMakeFiles/seatsensor.dir/Users/ekremkaracan/pico/pico-sdk/src/common/pico_sync/mutex.c.obj
                0x000000001000229c                mutex_init
 .text.recursive_mutex_init
                0x00000000100022b6       0x1e CMakeFiles/seatsensor.dir/Users/ekremkaracan/pico/pico-sdk/src/common/pico_sync/mutex.c.obj
                0x00000000100022b6                recursive_mutex_init
 .text.critical_section_init_with_lock_num
                0x00000000100022d4       0x14 CMakeFiles/seatsensor.dir/Users/ekremkaracan/pico/pico-sdk/src/common/pico_sync/critical_section.c.obj
                0x00000000100022d4                critical_section_init_with_lock_num
 .text.critical_section_init
                0x00000000100022e8       0x14 CMakeFiles/seatsensor.dir/Users/ekremkaracan/pico/pico-sdk/src/common/pico_sync/critical_section.c.obj
                0x00000000100022e8                critical_section_init
 .text.uart_set_baudrate
                0x00000000100022fc       0x5c CMakeFiles/seatsensor.dir/Users/ekremkaracan/pico/pico-sdk/src/rp2_common/hardware_uart/uart.c.obj
                0x00000000100022fc                uart_set_baudrate
 .text.uart_set_translate_crlf
                0x0000000010002358       0x28 CMakeFiles/seatsensor.dir/Users/ekremkaracan/pico/pico-sdk/src/rp2_common/hardware_uart/uart.c.obj
                0x0000000010002358                uart_set_translate_crlf
 .text.uart_init
                0x0000000010002380       0x80 CMakeFiles/seatsensor.dir/Users/ekremkaracan/pico/pico-sdk/src/rp2_common/hardware_uart/uart.c.obj
                0x0000000010002380                uart_init
 .text._exit    0x0000000010002400        0x4 CMakeFiles/seatsensor.dir/Users/ekremkaracan/pico/pico-sdk/src/rp2_common/pico_runtime/runtime.c.obj
                0x0000000010002400                _exit
 .text._sbrk    0x0000000010002404       0x38 CMakeFiles/seatsensor.dir/Users/ekremkaracan/pico/pico-sdk/src/rp2_common/pico_runtime/runtime.c.obj
                0x0000000010002404                _sbrk
 .text.exit     0x000000001000243c        0x6 CMakeFiles/seatsensor.dir/Users/ekremkaracan/pico/pico-sdk/src/rp2_common/pico_runtime/runtime.c.obj
                0x000000001000243c                exit
 *fill*         0x0000000010002442        0x2 
 .text.__assert_func
                0x0000000010002444       0x3c CMakeFiles/seatsensor.dir/Users/ekremkaracan/pico/pico-sdk/src/rp2_common/pico_runtime/runtime.c.obj
                0x0000000010002444                __assert_func
 .text.runtime_init
                0x0000000010002480       0xf8 CMakeFiles/seatsensor.dir/Users/ekremkaracan/pico/pico-sdk/src/rp2_common/pico_runtime/runtime.c.obj
                0x0000000010002480                runtime_init
 .text.panic    0x0000000010002578       0x30 CMakeFiles/seatsensor.dir/Users/ekremkaracan/pico/pico-sdk/src/rp2_common/pico_runtime/runtime.c.obj
                0x0000000010002578                panic
 .text.clock_configure
                0x00000000100025a8      0x104 CMakeFiles/seatsensor.dir/Users/ekremkaracan/pico/pico-sdk/src/rp2_common/hardware_clocks/clocks.c.obj
                0x00000000100025a8                clock_configure
 .text.clocks_init
                0x00000000100026ac      0x100 CMakeFiles/seatsensor.dir/Users/ekremkaracan/pico/pico-sdk/src/rp2_common/hardware_clocks/clocks.c.obj
                0x00000000100026ac                clocks_init
 .text.clock_get_hz
                0x00000000100027ac        0xc CMakeFiles/seatsensor.dir/Users/ekremkaracan/pico/pico-sdk/src/rp2_common/hardware_clocks/clocks.c.obj
                0x00000000100027ac                clock_get_hz
 .text.pll_init
                0x00000000100027b8      0x140 CMakeFiles/seatsensor.dir/Users/ekremkaracan/pico/pico-sdk/src/rp2_common/hardware_pll/pll.c.obj
                0x00000000100027b8                pll_init
 .text.watchdog_start_tick
                0x00000000100028f8       0x10 CMakeFiles/seatsensor.dir/Users/ekremkaracan/pico/pico-sdk/src/rp2_common/hardware_watchdog/watchdog.c.obj
                0x00000000100028f8                watchdog_start_tick
 .text.watchdog_update
                0x0000000010002908       0x14 CMakeFiles/seatsensor.dir/Users/ekremkaracan/pico/pico-sdk/src/rp2_common/hardware_watchdog/watchdog.c.obj
                0x0000000010002908                watchdog_update
 .text._watchdog_enable
                0x000000001000291c       0x78 CMakeFiles/seatsensor.dir/Users/ekremkaracan/pico/pico-sdk/src/rp2_common/hardware_watchdog/watchdog.c.obj
                0x000000001000291c                _watchdog_enable
 .text.watchdog_reboot
                0x0000000010002994       0x48 CMakeFiles/seatsensor.dir/Users/ekremkaracan/pico/pico-sdk/src/rp2_common/hardware_watchdog/watchdog.c.obj
                0x0000000010002994                watchdog_reboot
 .text.xosc_init
                0x00000000100029dc       0x28 CMakeFiles/seatsensor.dir/Users/ekremkaracan/pico/pico-sdk/src/rp2_common/hardware_xosc/xosc.c.obj
                0x00000000100029dc                xosc_init
 .text._out_buffer
                0x0000000010002a04        0x8 CMakeFiles/seatsensor.dir/Users/ekremkaracan/pico/pico-sdk/src/rp2_common/pico_printf/printf.c.obj
 .text._out_null
                0x0000000010002a0c        0x2 CMakeFiles/seatsensor.dir/Users/ekremkaracan/pico/pico-sdk/src/rp2_common/pico_printf/printf.c.obj
 .text._out_fct
                0x0000000010002a0e        0xe CMakeFiles/seatsensor.dir/Users/ekremkaracan/pico/pico-sdk/src/rp2_common/pico_printf/printf.c.obj
 .text._atoi    0x0000000010002a1c       0x24 CMakeFiles/seatsensor.dir/Users/ekremkaracan/pico/pico-sdk/src/rp2_common/pico_printf/printf.c.obj
 .text._out_rev
                0x0000000010002a40       0xae CMakeFiles/seatsensor.dir/Users/ekremkaracan/pico/pico-sdk/src/rp2_common/pico_printf/printf.c.obj
 .text._ntoa_format
                0x0000000010002aee      0x112 CMakeFiles/seatsensor.dir/Users/ekremkaracan/pico/pico-sdk/src/rp2_common/pico_printf/printf.c.obj
 .text._ntoa_long
                0x0000000010002c00       0xbc CMakeFiles/seatsensor.dir/Users/ekremkaracan/pico/pico-sdk/src/rp2_common/pico_printf/printf.c.obj
 .text._ntoa_long_long
                0x0000000010002cbc       0xe2 CMakeFiles/seatsensor.dir/Users/ekremkaracan/pico/pico-sdk/src/rp2_common/pico_printf/printf.c.obj
 *fill*         0x0000000010002d9e        0x2 
 .text._etoa    0x0000000010002da0      0x414 CMakeFiles/seatsensor.dir/Users/ekremkaracan/pico/pico-sdk/src/rp2_common/pico_printf/printf.c.obj
 .text._ftoa    0x00000000100031b4      0x354 CMakeFiles/seatsensor.dir/Users/ekremkaracan/pico/pico-sdk/src/rp2_common/pico_printf/printf.c.obj
 .text._vsnprintf
                0x0000000010003508      0x624 CMakeFiles/seatsensor.dir/Users/ekremkaracan/pico/pico-sdk/src/rp2_common/pico_printf/printf.c.obj
 .text.__wrap_sprintf
                0x0000000010003b2c       0x28 CMakeFiles/seatsensor.dir/Users/ekremkaracan/pico/pico-sdk/src/rp2_common/pico_printf/printf.c.obj
                0x0000000010003b2c                __wrap_sprintf
 .text.vfctprintf
                0x0000000010003b54       0x20 CMakeFiles/seatsensor.dir/Users/ekremkaracan/pico/pico-sdk/src/rp2_common/pico_printf/printf.c.obj
                0x0000000010003b54                vfctprintf
 .text          0x0000000010003b74       0x10 CMakeFiles/seatsensor.dir/Users/ekremkaracan/pico/pico-sdk/src/rp2_common/pico_bit_ops/bit_ops_aeabi.S.obj
 .text.rom_func_lookup
                0x0000000010003b84       0x10 CMakeFiles/seatsensor.dir/Users/ekremkaracan/pico/pico-sdk/src/rp2_common/pico_bootrom/bootrom.c.obj
                0x0000000010003b84                rom_func_lookup
 .text.rom_data_lookup
                0x0000000010003b94       0x10 CMakeFiles/seatsensor.dir/Users/ekremkaracan/pico/pico-sdk/src/rp2_common/pico_bootrom/bootrom.c.obj
                0x0000000010003b94                rom_data_lookup
 .text.rom_funcs_lookup
                0x0000000010003ba4       0x36 CMakeFiles/seatsensor.dir/Users/ekremkaracan/pico/pico-sdk/src/rp2_common/pico_bootrom/bootrom.c.obj
                0x0000000010003ba4                rom_funcs_lookup
 *fill*         0x0000000010003bda        0x2 
 .text.__wrap___aeabi_idiv
                0x0000000010003bdc       0x50 CMakeFiles/seatsensor.dir/Users/ekremkaracan/pico/pico-sdk/src/rp2_common/pico_divider/divider.S.obj
                0x0000000010003bdc                __wrap___aeabi_idivmod
                0x0000000010003bdc                divmod_s32s32
                0x0000000010003bdc                div_s32s32
                0x0000000010003bdc                __wrap___aeabi_idiv
                0x0000000010003be4                divmod_s32s32_unsafe
                0x0000000010003c10                divmod_s32s32_savestate
 .text.__wrap___aeabi_uidiv
                0x0000000010003c2c       0x4c CMakeFiles/seatsensor.dir/Users/ekremkaracan/pico/pico-sdk/src/rp2_common/pico_divider/divider.S.obj
                0x0000000010003c2c                __wrap___aeabi_uidiv
                0x0000000010003c2c                __wrap___aeabi_uidivmod
                0x0000000010003c2c                div_u32u32
                0x0000000010003c2c                divmod_u32u32
                0x0000000010003c34                divmod_u32u32_unsafe
                0x0000000010003c5c                divmod_u32u32_savestate
 .text.__wrap___aeabi_ldiv
                0x0000000010003c78      0x434 CMakeFiles/seatsensor.dir/Users/ekremkaracan/pico/pico-sdk/src/rp2_common/pico_divider/divider.S.obj
                0x0000000010003c78                __wrap___aeabi_ldivmod
                0x0000000010003c78                div_s64s64
                0x0000000010003c78                divmod_s64s64
                0x0000000010003cb0                divmod_u64u64
                0x0000000010003cb0                div_u64u64
                0x0000000010003cb0                __wrap___aeabi_uldivmod
                0x0000000010003cc0                divmod_u64u64_savestate
                0x0000000010003ce8                divmod_s64s64_unsafe
                0x0000000010003d70                divmod_u64u64_unsafe
 .text.__wrap___aeabi_darithmetic
                0x00000000100040ac       0x80 CMakeFiles/seatsensor.dir/Users/ekremkaracan/pico/pico-sdk/src/rp2_common/pico_double/double_aeabi.S.obj
                0x00000000100040ac                __wrap___aeabi_drsub
                0x00000000100040b2                __wrap___aeabi_dsub
                0x00000000100040c4                __wrap___aeabi_dadd
                0x00000000100040d6                __wrap___aeabi_ddiv
                0x0000000010004112                __wrap___aeabi_dmul
 .text.__wrap___aeabi_cdcmple
                0x000000001000412c       0x6c CMakeFiles/seatsensor.dir/Users/ekremkaracan/pico/pico-sdk/src/rp2_common/pico_double/double_aeabi.S.obj
                0x000000001000412c                __wrap___aeabi_cdrcmple
                0x000000001000413c                __wrap___aeabi_cdcmple
                0x000000001000413c                __wrap___aeabi_cdcmpeq
 .text.__wrap___aeabi_dcmpeq
                0x0000000010004198       0x10 CMakeFiles/seatsensor.dir/Users/ekremkaracan/pico/pico-sdk/src/rp2_common/pico_double/double_aeabi.S.obj
                0x0000000010004198                __wrap___aeabi_dcmpeq
 .text.__wrap___aeabi_dcmplt
                0x00000000100041a8        0xc CMakeFiles/seatsensor.dir/Users/ekremkaracan/pico/pico-sdk/src/rp2_common/pico_double/double_aeabi.S.obj
                0x00000000100041a8                __wrap___aeabi_dcmplt
 .text.__wrap___aeabi_dcmple
                0x00000000100041b4       0x10 CMakeFiles/seatsensor.dir/Users/ekremkaracan/pico/pico-sdk/src/rp2_common/pico_double/double_aeabi.S.obj
                0x00000000100041b4                __wrap___aeabi_dcmple
 .text.__wrap___aeabi_dcmpge
                0x00000000100041c4       0x10 CMakeFiles/seatsensor.dir/Users/ekremkaracan/pico/pico-sdk/src/rp2_common/pico_double/double_aeabi.S.obj
                0x00000000100041c4                __wrap___aeabi_dcmpge
 .text.__wrap___aeabi_dcmpgt
                0x00000000100041d4        0xa CMakeFiles/seatsensor.dir/Users/ekremkaracan/pico/pico-sdk/src/rp2_common/pico_double/double_aeabi.S.obj
                0x00000000100041d4                __wrap___aeabi_dcmpgt
 .text.__wrap___aeabi_dcmpun
                0x00000000100041de       0x1c CMakeFiles/seatsensor.dir/Users/ekremkaracan/pico/pico-sdk/src/rp2_common/pico_double/double_aeabi.S.obj
                0x00000000100041de                __wrap___aeabi_dcmpun
 *fill*         0x00000000100041fa        0x2 
 .text.__wrap___aeabi_i2d
                0x00000000100041fc       0x38 CMakeFiles/seatsensor.dir/Users/ekremkaracan/pico/pico-sdk/src/rp2_common/pico_double/double_aeabi.S.obj
                0x00000000100041fc                __wrap___aeabi_ui2d
                0x0000000010004204                __wrap___aeabi_i2d
 .text.__wrap___aeabi_d2iz
                0x0000000010004234       0x48 CMakeFiles/seatsensor.dir/Users/ekremkaracan/pico/pico-sdk/src/rp2_common/pico_double/double_aeabi.S.obj
                0x0000000010004234                __wrap___aeabi_d2iz
                0x0000000010004234                double2int_z
 .text.__wrap___aeabi_d2uiz
                0x000000001000427c       0x18 CMakeFiles/seatsensor.dir/Users/ekremkaracan/pico/pico-sdk/src/rp2_common/pico_double/double_aeabi.S.obj
                0x000000001000427c                double2uint
                0x000000001000427c                __wrap___aeabi_d2uiz
 .text.__wrap___aeabi_l2d
                0x0000000010004294       0x18 CMakeFiles/seatsensor.dir/Users/ekremkaracan/pico/pico-sdk/src/rp2_common/pico_double/double_aeabi.S.obj
                0x0000000010004294                __wrap___aeabi_l2d
 .text.__wrap___aeabi_d2lz
                0x00000000100042ac       0x26 CMakeFiles/seatsensor.dir/Users/ekremkaracan/pico/pico-sdk/src/rp2_common/pico_double/double_aeabi.S.obj
                0x00000000100042ac                __wrap___aeabi_d2lz
                0x00000000100042ac                double2int64_z
 *fill*         0x00000000100042d2        0x2 
 .text.double2int64
                0x00000000100042d4       0x18 CMakeFiles/seatsensor.dir/Users/ekremkaracan/pico/pico-sdk/src/rp2_common/pico_double/double_aeabi.S.obj
                0x00000000100042d4                double2int64
 .text.double2ufix64
                0x00000000100042ec       0x18 CMakeFiles/seatsensor.dir/Users/ekremkaracan/pico/pico-sdk/src/rp2_common/pico_double/double_aeabi.S.obj
                0x00000000100042ec                double2ufix64
 .text.__wrap___aeabi_d2f
                0x0000000010004304       0x18 CMakeFiles/seatsensor.dir/Users/ekremkaracan/pico/pico-sdk/src/rp2_common/pico_double/double_aeabi.S.obj
                0x0000000010004304                __wrap___aeabi_d2f
 .text.__aeabi_double_init
                0x000000001000431c       0xc8 CMakeFiles/seatsensor.dir/Users/ekremkaracan/pico/pico-sdk/src/rp2_common/pico_double/double_init_rom.c.obj
                0x000000001000431c                __aeabi_double_init
 .text.double_table_shim_on_use_helper
                0x00000000100043e4       0x34 CMakeFiles/seatsensor.dir/Users/ekremkaracan/pico/pico-sdk/src/rp2_common/pico_double/double_v1_rom_shim.S.obj
                0x00000000100043e4                double_table_shim_on_use_helper
 .text.__wrap___aeabi_dsub
                0x0000000010004418       0x10 CMakeFiles/seatsensor.dir/Users/ekremkaracan/pico/pico-sdk/src/rp2_common/pico_double/double_v1_rom_shim.S.obj
                0x0000000010004418                drsub_shim
                0x000000001000441e                dsub_shim
 .text.dadd_shim
                0x0000000010004428      0x15c CMakeFiles/seatsensor.dir/Users/ekremkaracan/pico/pico-sdk/src/rp2_common/pico_double/double_v1_rom_shim.S.obj
                0x0000000010004428                dadd_shim
 .text.dmul_shim
                0x0000000010004584      0x15c CMakeFiles/seatsensor.dir/Users/ekremkaracan/pico/pico-sdk/src/rp2_common/pico_double/double_v1_rom_shim.S.obj
                0x0000000010004584                dmul_shim
 .text.ddiv_shim
                0x00000000100046e0      0x1b0 CMakeFiles/seatsensor.dir/Users/ekremkaracan/pico/pico-sdk/src/rp2_common/pico_double/double_v1_rom_shim.S.obj
                0x00000000100046e0                ddiv_shim
 .text.double2uint_shim
                0x0000000010004890        0xe CMakeFiles/seatsensor.dir/Users/ekremkaracan/pico/pico-sdk/src/rp2_common/pico_double/double_v1_rom_shim.S.obj
                0x0000000010004890                double2uint_shim
                0x0000000010004892                double2ufix_shim
 .text.double2int64_shim
                0x000000001000489e       0x1a CMakeFiles/seatsensor.dir/Users/ekremkaracan/pico/pico-sdk/src/rp2_common/pico_double/double_v1_rom_shim.S.obj
                0x000000001000489e                double2int64_shim
                0x00000000100048a0                double2fix64_shim
 .text.double2uint64_shim
                0x00000000100048b8       0x70 CMakeFiles/seatsensor.dir/Users/ekremkaracan/pico/pico-sdk/src/rp2_common/pico_double/double_v1_rom_shim.S.obj
                0x00000000100048b8                double2uint64_shim
                0x00000000100048ba                double2ufix64_shim
                0x00000000100048da                d2fix_a
 .text.double2float_shim
                0x0000000010004928       0x5c CMakeFiles/seatsensor.dir/Users/ekremkaracan/pico/pico-sdk/src/rp2_common/pico_double/double_v1_rom_shim.S.obj
                0x0000000010004928                double2float_shim
 .text.x2double_shims
                0x0000000010004984       0x90 CMakeFiles/seatsensor.dir/Users/ekremkaracan/pico/pico-sdk/src/rp2_common/pico_double/double_v1_rom_shim.S.obj
                0x0000000010004984                uint2double_shim
                0x0000000010004986                ufix2double_shim
                0x000000001000498c                int2double_shim
                0x000000001000498e                fix2double_shim
                0x0000000010004994                uint642double_shim
                0x0000000010004996                ufix642double_shim
                0x000000001000499c                int642double_shim
                0x000000001000499e                fix642double_shim
 .text.dunpacks
                0x0000000010004a14       0x3c CMakeFiles/seatsensor.dir/Users/ekremkaracan/pico/pico-sdk/src/rp2_common/pico_double/double_v1_rom_shim.S.obj
                0x0000000010004a14                dunpacks
 .text.__aeabi_lmul
                0x0000000010004a50       0x32 CMakeFiles/seatsensor.dir/Users/ekremkaracan/pico/pico-sdk/src/rp2_common/pico_int64_ops/pico_int64_ops_aeabi.S.obj
                0x0000000010004a50                __wrap___aeabi_lmul
 *fill*         0x0000000010004a82        0x2 
 .text.__aeabi_float_init
                0x0000000010004a84       0xfc CMakeFiles/seatsensor.dir/Users/ekremkaracan/pico/pico-sdk/src/rp2_common/pico_float/float_init_rom.c.obj
                0x0000000010004a84                __aeabi_float_init
 .text.float_table_shim_on_use_helper
                0x0000000010004b80       0x34 CMakeFiles/seatsensor.dir/Users/ekremkaracan/pico/pico-sdk/src/rp2_common/pico_float/float_v1_rom_shim.S.obj
                0x0000000010004b80                float_table_shim_on_use_helper
 .text.__wrap_malloc
                0x0000000010004bb4       0x24 CMakeFiles/seatsensor.dir/Users/ekremkaracan/pico/pico-sdk/src/rp2_common/pico_malloc/pico_malloc.c.obj
                0x0000000010004bb4                __wrap_malloc
 .text.__wrap_realloc
                0x0000000010004bd8       0x24 CMakeFiles/seatsensor.dir/Users/ekremkaracan/pico/pico-sdk/src/rp2_common/pico_malloc/pico_malloc.c.obj
                0x0000000010004bd8                __wrap_realloc
 .text.__wrap_free
                0x0000000010004bfc        0x8 CMakeFiles/seatsensor.dir/Users/ekremkaracan/pico/pico-sdk/src/rp2_common/pico_malloc/pico_malloc.c.obj
                0x0000000010004bfc                __wrap_free
 .text          0x0000000010004c04       0x10 CMakeFiles/seatsensor.dir/Users/ekremkaracan/pico/pico-sdk/src/rp2_common/pico_mem_ops/mem_ops_aeabi.S.obj
                0x0000000010004c04                __aeabi_mem_init
 .text.memset   0x0000000010004c14        0xc CMakeFiles/seatsensor.dir/Users/ekremkaracan/pico/pico-sdk/src/rp2_common/pico_mem_ops/mem_ops_aeabi.S.obj
                0x0000000010004c14                __wrap_memset
 .text.memcpy   0x0000000010004c20        0xc CMakeFiles/seatsensor.dir/Users/ekremkaracan/pico/pico-sdk/src/rp2_common/pico_mem_ops/mem_ops_aeabi.S.obj
                0x0000000010004c20                __wrap___aeabi_memcpy
                0x0000000010004c20                __wrap_memcpy
 .text.stdio_out_chars_no_crlf
                0x0000000010004c2c        0xe CMakeFiles/seatsensor.dir/Users/ekremkaracan/pico/pico-sdk/src/rp2_common/pico_stdio/stdio.c.obj
 *fill*         0x0000000010004c3a        0x2 
 .text.stdio_out_chars_crlf
                0x0000000010004c3c       0x80 CMakeFiles/seatsensor.dir/Users/ekremkaracan/pico/pico-sdk/src/rp2_common/pico_stdio/stdio.c.obj
 .text.stdio_stack_buffer_flush
                0x0000000010004cbc       0x44 CMakeFiles/seatsensor.dir/Users/ekremkaracan/pico/pico-sdk/src/rp2_common/pico_stdio/stdio.c.obj
 .text.stdio_buffered_printer
                0x0000000010004d00       0x20 CMakeFiles/seatsensor.dir/Users/ekremkaracan/pico/pico-sdk/src/rp2_common/pico_stdio/stdio.c.obj
 .text.stdio_get_until
                0x0000000010004d20       0x80 CMakeFiles/seatsensor.dir/Users/ekremkaracan/pico/pico-sdk/src/rp2_common/pico_stdio/stdio.c.obj
 .text.stdout_serialize_begin
                0x0000000010004da0       0x30 CMakeFiles/seatsensor.dir/Users/ekremkaracan/pico/pico-sdk/src/rp2_common/pico_stdio/stdio.c.obj
                0x0000000010004da0                stdout_serialize_begin
 .text.stdout_serialize_end
                0x0000000010004dd0       0x10 CMakeFiles/seatsensor.dir/Users/ekremkaracan/pico/pico-sdk/src/rp2_common/pico_stdio/stdio.c.obj
                0x0000000010004dd0                stdout_serialize_end
 .text.stdio_put_string
                0x0000000010004de0       0x98 CMakeFiles/seatsensor.dir/Users/ekremkaracan/pico/pico-sdk/src/rp2_common/pico_stdio/stdio.c.obj
 .text.__wrap_putchar
                0x0000000010004e78       0x1c CMakeFiles/seatsensor.dir/Users/ekremkaracan/pico/pico-sdk/src/rp2_common/pico_stdio/stdio.c.obj
                0x0000000010004e78                __wrap_putchar
 .text.stdio_set_driver_enabled
                0x0000000010004e94       0x2c CMakeFiles/seatsensor.dir/Users/ekremkaracan/pico/pico-sdk/src/rp2_common/pico_stdio/stdio.c.obj
                0x0000000010004e94                stdio_set_driver_enabled
 .text.stdio_flush
                0x0000000010004ec0       0x20 CMakeFiles/seatsensor.dir/Users/ekremkaracan/pico/pico-sdk/src/rp2_common/pico_stdio/stdio.c.obj
                0x0000000010004ec0                stdio_flush
 .text.__wrap_puts
                0x0000000010004ee0       0x1e CMakeFiles/seatsensor.dir/Users/ekremkaracan/pico/pico-sdk/src/rp2_common/pico_stdio/stdio.c.obj
                0x0000000010004ee0                __wrap_puts
 *fill*         0x0000000010004efe        0x2 
 .text.__wrap_vprintf
                0x0000000010004f00       0x44 CMakeFiles/seatsensor.dir/Users/ekremkaracan/pico/pico-sdk/src/rp2_common/pico_stdio/stdio.c.obj
                0x0000000010004f00                __wrap_vprintf
 .text.__wrap_printf
                0x0000000010004f44       0x18 CMakeFiles/seatsensor.dir/Users/ekremkaracan/pico/pico-sdk/src/rp2_common/pico_stdio/stdio.c.obj
                0x0000000010004f44                __wrap_printf
 .text.stdio_init_all
                0x0000000010004f5c        0xc CMakeFiles/seatsensor.dir/Users/ekremkaracan/pico/pico-sdk/src/rp2_common/pico_stdio/stdio.c.obj
                0x0000000010004f5c                stdio_init_all
 .text.getchar_timeout_us
                0x0000000010004f68       0x80 CMakeFiles/seatsensor.dir/Users/ekremkaracan/pico/pico-sdk/src/rp2_common/pico_stdio/stdio.c.obj
                0x0000000010004f68                getchar_timeout_us
 .text.stdio_uart_out_chars
                0x0000000010004fe8       0x74 CMakeFiles/seatsensor.dir/Users/ekremkaracan/pico/pico-sdk/src/rp2_common/pico_stdio_uart/stdio_uart.c.obj
 .text.stdio_uart_in_chars
                0x000000001000505c       0x58 CMakeFiles/seatsensor.dir/Users/ekremkaracan/pico/pico-sdk/src/rp2_common/pico_stdio_uart/stdio_uart.c.obj
                0x000000001000505c                stdio_uart_in_chars
 .text.stdio_uart_init_full
                0x00000000100050b4       0x3c CMakeFiles/seatsensor.dir/Users/ekremkaracan/pico/pico-sdk/src/rp2_common/pico_stdio_uart/stdio_uart.c.obj
                0x00000000100050b4                stdio_uart_init_full
 .text.stdio_uart_init
                0x00000000100050f0       0x28 CMakeFiles/seatsensor.dir/Users/ekremkaracan/pico/pico-sdk/src/rp2_common/pico_stdio_uart/stdio_uart.c.obj
                0x00000000100050f0                stdio_uart_init
 .text.resetd_init
                0x0000000010005118        0x2 CMakeFiles/seatsensor.dir/Users/ekremkaracan/pico/pico-sdk/src/rp2_common/pico_stdio_usb/reset_interface.c.obj
 *fill*         0x000000001000511a        0x2 
 .text.resetd_reset
                0x000000001000511c        0xc CMakeFiles/seatsensor.dir/Users/ekremkaracan/pico/pico-sdk/src/rp2_common/pico_stdio_usb/reset_interface.c.obj
 .text.resetd_open
                0x0000000010005128       0x34 CMakeFiles/seatsensor.dir/Users/ekremkaracan/pico/pico-sdk/src/rp2_common/pico_stdio_usb/reset_interface.c.obj
 .text.resetd_xfer_cb
                0x000000001000515c        0x4 CMakeFiles/seatsensor.dir/Users/ekremkaracan/pico/pico-sdk/src/rp2_common/pico_stdio_usb/reset_interface.c.obj
 .text.reset_usb_boot
                0x0000000010005160       0x18 CMakeFiles/seatsensor.dir/Users/ekremkaracan/pico/pico-sdk/src/rp2_common/pico_stdio_usb/reset_interface.c.obj
 .text.resetd_control_xfer_cb
                0x0000000010005178       0x5c CMakeFiles/seatsensor.dir/Users/ekremkaracan/pico/pico-sdk/src/rp2_common/pico_stdio_usb/reset_interface.c.obj
 .text.usbd_app_driver_get_cb
                0x00000000100051d4        0xc CMakeFiles/seatsensor.dir/Users/ekremkaracan/pico/pico-sdk/src/rp2_common/pico_stdio_usb/reset_interface.c.obj
                0x00000000100051d4                usbd_app_driver_get_cb
 .text.tud_cdc_line_coding_cb
                0x00000000100051e0       0x28 CMakeFiles/seatsensor.dir/Users/ekremkaracan/pico/pico-sdk/src/rp2_common/pico_stdio_usb/reset_interface.c.obj
                0x00000000100051e0                tud_cdc_line_coding_cb
 .text.stdio_usb_in_chars
                0x0000000010005208       0x70 CMakeFiles/seatsensor.dir/Users/ekremkaracan/pico/pico-sdk/src/rp2_common/pico_stdio_usb/stdio_usb.c.obj
                0x0000000010005208                stdio_usb_in_chars
 .text.low_priority_worker_irq
                0x0000000010005278       0x20 CMakeFiles/seatsensor.dir/Users/ekremkaracan/pico/pico-sdk/src/rp2_common/pico_stdio_usb/stdio_usb.c.obj
 .text.stdio_usb_out_chars
                0x0000000010005298       0xd4 CMakeFiles/seatsensor.dir/Users/ekremkaracan/pico/pico-sdk/src/rp2_common/pico_stdio_usb/stdio_usb.c.obj
 .text.timer_task
                0x000000001000536c       0x40 CMakeFiles/seatsensor.dir/Users/ekremkaracan/pico/pico-sdk/src/rp2_common/pico_stdio_usb/stdio_usb.c.obj
 .text.usb_irq  0x00000000100053ac       0x10 CMakeFiles/seatsensor.dir/Users/ekremkaracan/pico/pico-sdk/src/rp2_common/pico_stdio_usb/stdio_usb.c.obj
 .text.stdio_usb_init
                0x00000000100053bc       0xec CMakeFiles/seatsensor.dir/Users/ekremkaracan/pico/pico-sdk/src/rp2_common/pico_stdio_usb/stdio_usb.c.obj
                0x00000000100053bc                stdio_usb_init
 .text.tud_descriptor_device_cb
                0x00000000100054a8        0x8 CMakeFiles/seatsensor.dir/Users/ekremkaracan/pico/pico-sdk/src/rp2_common/pico_stdio_usb/stdio_usb_descriptors.c.obj
                0x00000000100054a8                tud_descriptor_device_cb
 .text.tud_descriptor_configuration_cb
                0x00000000100054b0        0x8 CMakeFiles/seatsensor.dir/Users/ekremkaracan/pico/pico-sdk/src/rp2_common/pico_stdio_usb/stdio_usb_descriptors.c.obj
                0x00000000100054b0                tud_descriptor_configuration_cb
 .text.tud_descriptor_string_cb
                0x00000000100054b8       0x6c CMakeFiles/seatsensor.dir/Users/ekremkaracan/pico/pico-sdk/src/rp2_common/pico_stdio_usb/stdio_usb_descriptors.c.obj
                0x00000000100054b8                tud_descriptor_string_cb
 .text.hw_endpoint_get_by_addr
                0x0000000010005524       0x18 CMakeFiles/seatsensor.dir/Users/ekremkaracan/pico/pico-sdk/lib/tinyusb/src/portable/raspberrypi/rp2040/dcd_rp2040.c.obj
 .text.reset_ep0_pid
                0x000000001000553c       0x28 CMakeFiles/seatsensor.dir/Users/ekremkaracan/pico/pico-sdk/lib/tinyusb/src/portable/raspberrypi/rp2040/dcd_rp2040.c.obj
 .text._hw_endpoint_alloc
                0x0000000010005564       0x70 CMakeFiles/seatsensor.dir/Users/ekremkaracan/pico/pico-sdk/lib/tinyusb/src/portable/raspberrypi/rp2040/dcd_rp2040.c.obj
 .text.hw_endpoint_init
                0x00000000100055d4       0x88 CMakeFiles/seatsensor.dir/Users/ekremkaracan/pico/pico-sdk/lib/tinyusb/src/portable/raspberrypi/rp2040/dcd_rp2040.c.obj
 .text.reset_non_control_endpoints
                0x000000001000565c       0x40 CMakeFiles/seatsensor.dir/Users/ekremkaracan/pico/pico-sdk/lib/tinyusb/src/portable/raspberrypi/rp2040/dcd_rp2040.c.obj
 .text.hw_handle_buff_status
                0x000000001000569c       0x8c CMakeFiles/seatsensor.dir/Users/ekremkaracan/pico/pico-sdk/lib/tinyusb/src/portable/raspberrypi/rp2040/dcd_rp2040.c.obj
 .text.dcd_rp2040_irq
                0x0000000010005728       0xc0 CMakeFiles/seatsensor.dir/Users/ekremkaracan/pico/pico-sdk/lib/tinyusb/src/portable/raspberrypi/rp2040/dcd_rp2040.c.obj
 .text.hw_endpoint_xfer
                0x00000000100057e8       0x14 CMakeFiles/seatsensor.dir/Users/ekremkaracan/pico/pico-sdk/lib/tinyusb/src/portable/raspberrypi/rp2040/dcd_rp2040.c.obj
 .text.dcd_int_enable
                0x00000000100057fc       0x2c CMakeFiles/seatsensor.dir/Users/ekremkaracan/pico/pico-sdk/lib/tinyusb/src/portable/raspberrypi/rp2040/dcd_rp2040.c.obj
                0x00000000100057fc                dcd_int_enable
 .text.dcd_set_address
                0x0000000010005828       0x2c CMakeFiles/seatsensor.dir/Users/ekremkaracan/pico/pico-sdk/lib/tinyusb/src/portable/raspberrypi/rp2040/dcd_rp2040.c.obj
                0x0000000010005828                dcd_set_address
 .text.dcd_connect
                0x0000000010005854       0x10 CMakeFiles/seatsensor.dir/Users/ekremkaracan/pico/pico-sdk/lib/tinyusb/src/portable/raspberrypi/rp2040/dcd_rp2040.c.obj
                0x0000000010005854                dcd_connect
 .text.dcd_init
                0x0000000010005864       0x7c CMakeFiles/seatsensor.dir/Users/ekremkaracan/pico/pico-sdk/lib/tinyusb/src/portable/raspberrypi/rp2040/dcd_rp2040.c.obj
                0x0000000010005864                dcd_init
 .text.dcd_edpt0_status_complete
                0x00000000100058e0       0x1c CMakeFiles/seatsensor.dir/Users/ekremkaracan/pico/pico-sdk/lib/tinyusb/src/portable/raspberrypi/rp2040/dcd_rp2040.c.obj
                0x00000000100058e0                dcd_edpt0_status_complete
 .text.dcd_edpt_open
                0x00000000100058fc       0x40 CMakeFiles/seatsensor.dir/Users/ekremkaracan/pico/pico-sdk/lib/tinyusb/src/portable/raspberrypi/rp2040/dcd_rp2040.c.obj
                0x00000000100058fc                dcd_edpt_open
 .text.dcd_edpt_close_all
                0x000000001000593c        0x8 CMakeFiles/seatsensor.dir/Users/ekremkaracan/pico/pico-sdk/lib/tinyusb/src/portable/raspberrypi/rp2040/dcd_rp2040.c.obj
                0x000000001000593c                dcd_edpt_close_all
 .text.dcd_edpt_xfer
                0x0000000010005944       0x30 CMakeFiles/seatsensor.dir/Users/ekremkaracan/pico/pico-sdk/lib/tinyusb/src/portable/raspberrypi/rp2040/dcd_rp2040.c.obj
                0x0000000010005944                dcd_edpt_xfer
 .text.dcd_edpt_stall
                0x0000000010005974       0x2c CMakeFiles/seatsensor.dir/Users/ekremkaracan/pico/pico-sdk/lib/tinyusb/src/portable/raspberrypi/rp2040/dcd_rp2040.c.obj
                0x0000000010005974                dcd_edpt_stall
 .text.dcd_edpt_clear_stall
                0x00000000100059a0       0x20 CMakeFiles/seatsensor.dir/Users/ekremkaracan/pico/pico-sdk/lib/tinyusb/src/portable/raspberrypi/rp2040/dcd_rp2040.c.obj
                0x00000000100059a0                dcd_edpt_clear_stall
 .text.prepare_ep_buffer
                0x00000000100059c0       0x70 CMakeFiles/seatsensor.dir/Users/ekremkaracan/pico/pico-sdk/lib/tinyusb/src/portable/raspberrypi/rp2040/rp2040_usb.c.obj
 .text.sync_ep_buffer
                0x0000000010005a30       0x7c CMakeFiles/seatsensor.dir/Users/ekremkaracan/pico/pico-sdk/lib/tinyusb/src/portable/raspberrypi/rp2040/rp2040_usb.c.obj
 .text._hw_endpoint_xfer_sync
                0x0000000010005aac       0x28 CMakeFiles/seatsensor.dir/Users/ekremkaracan/pico/pico-sdk/lib/tinyusb/src/portable/raspberrypi/rp2040/rp2040_usb.c.obj
 .text.rp2040_usb_init
                0x0000000010005ad4       0x4c CMakeFiles/seatsensor.dir/Users/ekremkaracan/pico/pico-sdk/lib/tinyusb/src/portable/raspberrypi/rp2040/rp2040_usb.c.obj
                0x0000000010005ad4                rp2040_usb_init
 .text.hw_endpoint_reset_transfer
                0x0000000010005b20        0xc CMakeFiles/seatsensor.dir/Users/ekremkaracan/pico/pico-sdk/lib/tinyusb/src/portable/raspberrypi/rp2040/rp2040_usb.c.obj
                0x0000000010005b20                hw_endpoint_reset_transfer
 .text._hw_endpoint_buffer_control_update32
                0x0000000010005b2c       0x58 CMakeFiles/seatsensor.dir/Users/ekremkaracan/pico/pico-sdk/lib/tinyusb/src/portable/raspberrypi/rp2040/rp2040_usb.c.obj
                0x0000000010005b2c                _hw_endpoint_buffer_control_update32
 .text._hw_endpoint_start_next_buffer
                0x0000000010005b84       0x74 CMakeFiles/seatsensor.dir/Users/ekremkaracan/pico/pico-sdk/lib/tinyusb/src/portable/raspberrypi/rp2040/rp2040_usb.c.obj
 .text.hw_endpoint_xfer_start
                0x0000000010005bf8       0x48 CMakeFiles/seatsensor.dir/Users/ekremkaracan/pico/pico-sdk/lib/tinyusb/src/portable/raspberrypi/rp2040/rp2040_usb.c.obj
                0x0000000010005bf8                hw_endpoint_xfer_start
 .text.hw_endpoint_xfer_continue
                0x0000000010005c40       0x38 CMakeFiles/seatsensor.dir/Users/ekremkaracan/pico/pico-sdk/lib/tinyusb/src/portable/raspberrypi/rp2040/rp2040_usb.c.obj
                0x0000000010005c40                hw_endpoint_xfer_continue
 .text.configuration_reset
                0x0000000010005c78       0x84 CMakeFiles/seatsensor.dir/Users/ekremkaracan/pico/pico-sdk/lib/tinyusb/src/device/usbd.c.obj
 .text.usbd_reset
                0x0000000010005cfc        0xc CMakeFiles/seatsensor.dir/Users/ekremkaracan/pico/pico-sdk/lib/tinyusb/src/device/usbd.c.obj
 .text.invoke_class_control
                0x0000000010005d08       0x1a CMakeFiles/seatsensor.dir/Users/ekremkaracan/pico/pico-sdk/lib/tinyusb/src/device/usbd.c.obj
 *fill*         0x0000000010005d22        0x2 
 .text.process_set_config
                0x0000000010005d24      0x1b0 CMakeFiles/seatsensor.dir/Users/ekremkaracan/pico/pico-sdk/lib/tinyusb/src/device/usbd.c.obj
 .text.process_get_descriptor
                0x0000000010005ed4       0xec CMakeFiles/seatsensor.dir/Users/ekremkaracan/pico/pico-sdk/lib/tinyusb/src/device/usbd.c.obj
 .text.tud_mounted
                0x0000000010005fc0       0x10 CMakeFiles/seatsensor.dir/Users/ekremkaracan/pico/pico-sdk/lib/tinyusb/src/device/usbd.c.obj
                0x0000000010005fc0                tud_mounted
 .text.tud_suspended
                0x0000000010005fd0       0x10 CMakeFiles/seatsensor.dir/Users/ekremkaracan/pico/pico-sdk/lib/tinyusb/src/device/usbd.c.obj
                0x0000000010005fd0                tud_suspended
 .text.tud_inited
                0x0000000010005fe0        0xc CMakeFiles/seatsensor.dir/Users/ekremkaracan/pico/pico-sdk/lib/tinyusb/src/device/usbd.c.obj
                0x0000000010005fe0                tud_inited
 .text.tud_init
                0x0000000010005fec       0xcc CMakeFiles/seatsensor.dir/Users/ekremkaracan/pico/pico-sdk/lib/tinyusb/src/device/usbd.c.obj
                0x0000000010005fec                tud_init
 .text.dcd_event_handler
                0x00000000100060b8      0x1e0 CMakeFiles/seatsensor.dir/Users/ekremkaracan/pico/pico-sdk/lib/tinyusb/src/device/usbd.c.obj
                0x00000000100060b8                dcd_event_handler
 .text.dcd_event_bus_signal
                0x0000000010006298       0x26 CMakeFiles/seatsensor.dir/Users/ekremkaracan/pico/pico-sdk/lib/tinyusb/src/device/usbd.c.obj
                0x0000000010006298                dcd_event_bus_signal
 .text.dcd_event_bus_reset
                0x00000000100062be       0x2a CMakeFiles/seatsensor.dir/Users/ekremkaracan/pico/pico-sdk/lib/tinyusb/src/device/usbd.c.obj
                0x00000000100062be                dcd_event_bus_reset
 .text.dcd_event_setup_received
                0x00000000100062e8       0x34 CMakeFiles/seatsensor.dir/Users/ekremkaracan/pico/pico-sdk/lib/tinyusb/src/device/usbd.c.obj
                0x00000000100062e8                dcd_event_setup_received
 .text.dcd_event_xfer_complete
                0x000000001000631c       0x44 CMakeFiles/seatsensor.dir/Users/ekremkaracan/pico/pico-sdk/lib/tinyusb/src/device/usbd.c.obj
                0x000000001000631c                dcd_event_xfer_complete
 .text.usbd_edpt_open
                0x0000000010006360       0x58 CMakeFiles/seatsensor.dir/Users/ekremkaracan/pico/pico-sdk/lib/tinyusb/src/device/usbd.c.obj
                0x0000000010006360                usbd_edpt_open
 .text.usbd_open_edpt_pair
                0x00000000100063b8       0x8c CMakeFiles/seatsensor.dir/Users/ekremkaracan/pico/pico-sdk/lib/tinyusb/src/device/usbd.c.obj
                0x00000000100063b8                usbd_open_edpt_pair
 .text.usbd_edpt_claim
                0x0000000010006444       0x8c CMakeFiles/seatsensor.dir/Users/ekremkaracan/pico/pico-sdk/lib/tinyusb/src/device/usbd.c.obj
                0x0000000010006444                usbd_edpt_claim
 .text.usbd_edpt_release
                0x00000000100064d0       0x68 CMakeFiles/seatsensor.dir/Users/ekremkaracan/pico/pico-sdk/lib/tinyusb/src/device/usbd.c.obj
                0x00000000100064d0                usbd_edpt_release
 .text.usbd_edpt_xfer
                0x0000000010006538       0x80 CMakeFiles/seatsensor.dir/Users/ekremkaracan/pico/pico-sdk/lib/tinyusb/src/device/usbd.c.obj
                0x0000000010006538                usbd_edpt_xfer
 .text.usbd_edpt_stall
                0x00000000100065b8       0x40 CMakeFiles/seatsensor.dir/Users/ekremkaracan/pico/pico-sdk/lib/tinyusb/src/device/usbd.c.obj
                0x00000000100065b8                usbd_edpt_stall
 .text.usbd_edpt_clear_stall
                0x00000000100065f8       0x40 CMakeFiles/seatsensor.dir/Users/ekremkaracan/pico/pico-sdk/lib/tinyusb/src/device/usbd.c.obj
                0x00000000100065f8                usbd_edpt_clear_stall
 .text.usbd_edpt_stalled
                0x0000000010006638       0x1c CMakeFiles/seatsensor.dir/Users/ekremkaracan/pico/pico-sdk/lib/tinyusb/src/device/usbd.c.obj
                0x0000000010006638                usbd_edpt_stalled
 .text.process_control_request
                0x0000000010006654      0x3b8 CMakeFiles/seatsensor.dir/Users/ekremkaracan/pico/pico-sdk/lib/tinyusb/src/device/usbd.c.obj
 .text.tud_task
                0x0000000010006a0c      0x218 CMakeFiles/seatsensor.dir/Users/ekremkaracan/pico/pico-sdk/lib/tinyusb/src/device/usbd.c.obj
                0x0000000010006a0c                tud_task
 .text._data_stage_xact
                0x0000000010006c24       0x58 CMakeFiles/seatsensor.dir/Users/ekremkaracan/pico/pico-sdk/lib/tinyusb/src/device/usbd_control.c.obj
 .text.tud_control_status
                0x0000000010006c7c       0x38 CMakeFiles/seatsensor.dir/Users/ekremkaracan/pico/pico-sdk/lib/tinyusb/src/device/usbd_control.c.obj
                0x0000000010006c7c                tud_control_status
 .text.tud_control_xfer
                0x0000000010006cb4       0xa8 CMakeFiles/seatsensor.dir/Users/ekremkaracan/pico/pico-sdk/lib/tinyusb/src/device/usbd_control.c.obj
                0x0000000010006cb4                tud_control_xfer
 .text.usbd_control_reset
                0x0000000010006d5c       0x14 CMakeFiles/seatsensor.dir/Users/ekremkaracan/pico/pico-sdk/lib/tinyusb/src/device/usbd_control.c.obj
                0x0000000010006d5c                usbd_control_reset
 .text.usbd_control_set_complete_callback
                0x0000000010006d70        0xc CMakeFiles/seatsensor.dir/Users/ekremkaracan/pico/pico-sdk/lib/tinyusb/src/device/usbd_control.c.obj
                0x0000000010006d70                usbd_control_set_complete_callback
 .text.usbd_control_set_request
                0x0000000010006d7c       0x1c CMakeFiles/seatsensor.dir/Users/ekremkaracan/pico/pico-sdk/lib/tinyusb/src/device/usbd_control.c.obj
                0x0000000010006d7c                usbd_control_set_request
 .text.usbd_control_xfer_cb
                0x0000000010006d98       0xfc CMakeFiles/seatsensor.dir/Users/ekremkaracan/pico/pico-sdk/lib/tinyusb/src/device/usbd_control.c.obj
                0x0000000010006d98                usbd_control_xfer_cb
 .text._prep_out_transaction
                0x0000000010006e94       0x46 CMakeFiles/seatsensor.dir/Users/ekremkaracan/pico/pico-sdk/lib/tinyusb/src/class/cdc/cdc_device.c.obj
 *fill*         0x0000000010006eda        0x2 
 .text.tud_cdc_n_connected
                0x0000000010006edc       0x44 CMakeFiles/seatsensor.dir/Users/ekremkaracan/pico/pico-sdk/lib/tinyusb/src/class/cdc/cdc_device.c.obj
                0x0000000010006edc                tud_cdc_n_connected
 .text.tud_cdc_n_available
                0x0000000010006f20       0x18 CMakeFiles/seatsensor.dir/Users/ekremkaracan/pico/pico-sdk/lib/tinyusb/src/class/cdc/cdc_device.c.obj
                0x0000000010006f20                tud_cdc_n_available
 .text.tud_cdc_n_read
                0x0000000010006f38       0x28 CMakeFiles/seatsensor.dir/Users/ekremkaracan/pico/pico-sdk/lib/tinyusb/src/class/cdc/cdc_device.c.obj
                0x0000000010006f38                tud_cdc_n_read
 .text.tud_cdc_n_write_flush
                0x0000000010006f60       0xcc CMakeFiles/seatsensor.dir/Users/ekremkaracan/pico/pico-sdk/lib/tinyusb/src/class/cdc/cdc_device.c.obj
                0x0000000010006f60                tud_cdc_n_write_flush
 .text.tud_cdc_n_write
                0x000000001000702c       0x38 CMakeFiles/seatsensor.dir/Users/ekremkaracan/pico/pico-sdk/lib/tinyusb/src/class/cdc/cdc_device.c.obj
                0x000000001000702c                tud_cdc_n_write
 .text.tud_cdc_n_write_available
                0x0000000010007064       0x1c CMakeFiles/seatsensor.dir/Users/ekremkaracan/pico/pico-sdk/lib/tinyusb/src/class/cdc/cdc_device.c.obj
                0x0000000010007064                tud_cdc_n_write_available
 .text.cdcd_init
                0x0000000010007080       0xbc CMakeFiles/seatsensor.dir/Users/ekremkaracan/pico/pico-sdk/lib/tinyusb/src/class/cdc/cdc_device.c.obj
                0x0000000010007080                cdcd_init
 .text.cdcd_reset
                0x000000001000713c       0x44 CMakeFiles/seatsensor.dir/Users/ekremkaracan/pico/pico-sdk/lib/tinyusb/src/class/cdc/cdc_device.c.obj
                0x000000001000713c                cdcd_reset
 .text.cdcd_open
                0x0000000010007180       0xf8 CMakeFiles/seatsensor.dir/Users/ekremkaracan/pico/pico-sdk/lib/tinyusb/src/class/cdc/cdc_device.c.obj
                0x0000000010007180                cdcd_open
 .text.cdcd_control_xfer_cb
                0x0000000010007278      0x134 CMakeFiles/seatsensor.dir/Users/ekremkaracan/pico/pico-sdk/lib/tinyusb/src/class/cdc/cdc_device.c.obj
                0x0000000010007278                cdcd_control_xfer_cb
 .text.cdcd_xfer_cb
                0x00000000100073ac      0x144 CMakeFiles/seatsensor.dir/Users/ekremkaracan/pico/pico-sdk/lib/tinyusb/src/class/cdc/cdc_device.c.obj
                0x00000000100073ac                cdcd_xfer_cb
 .text.tusb_init
                0x00000000100074f0       0x24 CMakeFiles/seatsensor.dir/Users/ekremkaracan/pico/pico-sdk/lib/tinyusb/src/tusb.c.obj
                0x00000000100074f0                tusb_init
 .text.tusb_inited
                0x0000000010007514        0xe CMakeFiles/seatsensor.dir/Users/ekremkaracan/pico/pico-sdk/lib/tinyusb/src/tusb.c.obj
                0x0000000010007514                tusb_inited
 *fill*         0x0000000010007522        0x2 
 .text.tu_edpt_validate
                0x0000000010007524       0xa8 CMakeFiles/seatsensor.dir/Users/ekremkaracan/pico/pico-sdk/lib/tinyusb/src/tusb.c.obj
                0x0000000010007524                tu_edpt_validate
 .text.tu_edpt_bind_driver
                0x00000000100075cc       0x2a CMakeFiles/seatsensor.dir/Users/ekremkaracan/pico/pico-sdk/lib/tinyusb/src/tusb.c.obj
                0x00000000100075cc                tu_edpt_bind_driver
 .text.advance_pointer
                0x00000000100075f6       0x18 CMakeFiles/seatsensor.dir/Users/ekremkaracan/pico/pico-sdk/lib/tinyusb/src/common/tusb_fifo.c.obj
 .text.backward_pointer
                0x000000001000760e       0x1e CMakeFiles/seatsensor.dir/Users/ekremkaracan/pico/pico-sdk/lib/tinyusb/src/common/tusb_fifo.c.obj
 .text.get_relative_pointer
                0x000000001000762c       0x10 CMakeFiles/seatsensor.dir/Users/ekremkaracan/pico/pico-sdk/lib/tinyusb/src/common/tusb_fifo.c.obj
 .text._tu_fifo_peek
                0x000000001000763c       0x50 CMakeFiles/seatsensor.dir/Users/ekremkaracan/pico/pico-sdk/lib/tinyusb/src/common/tusb_fifo.c.obj
 .text._ff_pull_const_addr
                0x000000001000768c       0x4c CMakeFiles/seatsensor.dir/Users/ekremkaracan/pico/pico-sdk/lib/tinyusb/src/common/tusb_fifo.c.obj
 .text._ff_pull_n
                0x00000000100076d8      0x10c CMakeFiles/seatsensor.dir/Users/ekremkaracan/pico/pico-sdk/lib/tinyusb/src/common/tusb_fifo.c.obj
 .text._tu_fifo_peek_n
                0x00000000100077e4       0x5e CMakeFiles/seatsensor.dir/Users/ekremkaracan/pico/pico-sdk/lib/tinyusb/src/common/tusb_fifo.c.obj
 .text._tu_fifo_read_n
                0x0000000010007842       0x4e CMakeFiles/seatsensor.dir/Users/ekremkaracan/pico/pico-sdk/lib/tinyusb/src/common/tusb_fifo.c.obj
 .text._ff_push_const_addr
                0x0000000010007890       0x40 CMakeFiles/seatsensor.dir/Users/ekremkaracan/pico/pico-sdk/lib/tinyusb/src/common/tusb_fifo.c.obj
 .text._ff_push_n
                0x00000000100078d0      0x108 CMakeFiles/seatsensor.dir/Users/ekremkaracan/pico/pico-sdk/lib/tinyusb/src/common/tusb_fifo.c.obj
 .text._tu_fifo_write_n
                0x00000000100079d8       0x9e CMakeFiles/seatsensor.dir/Users/ekremkaracan/pico/pico-sdk/lib/tinyusb/src/common/tusb_fifo.c.obj
 .text.tu_fifo_config
                0x0000000010007a76       0x72 CMakeFiles/seatsensor.dir/Users/ekremkaracan/pico/pico-sdk/lib/tinyusb/src/common/tusb_fifo.c.obj
                0x0000000010007a76                tu_fifo_config
 .text.tu_fifo_count
                0x0000000010007ae8       0x26 CMakeFiles/seatsensor.dir/Users/ekremkaracan/pico/pico-sdk/lib/tinyusb/src/common/tusb_fifo.c.obj
                0x0000000010007ae8                tu_fifo_count
 .text.tu_fifo_empty
                0x0000000010007b0e       0x10 CMakeFiles/seatsensor.dir/Users/ekremkaracan/pico/pico-sdk/lib/tinyusb/src/common/tusb_fifo.c.obj
                0x0000000010007b0e                tu_fifo_empty
 .text.tu_fifo_remaining
                0x0000000010007b1e       0x20 CMakeFiles/seatsensor.dir/Users/ekremkaracan/pico/pico-sdk/lib/tinyusb/src/common/tusb_fifo.c.obj
                0x0000000010007b1e                tu_fifo_remaining
 .text.tu_fifo_read
                0x0000000010007b3e       0x42 CMakeFiles/seatsensor.dir/Users/ekremkaracan/pico/pico-sdk/lib/tinyusb/src/common/tusb_fifo.c.obj
                0x0000000010007b3e                tu_fifo_read
 .text.tu_fifo_read_n
                0x0000000010007b80        0xa CMakeFiles/seatsensor.dir/Users/ekremkaracan/pico/pico-sdk/lib/tinyusb/src/common/tusb_fifo.c.obj
                0x0000000010007b80                tu_fifo_read_n
 .text.tu_fifo_write
                0x0000000010007b8a       0x6c CMakeFiles/seatsensor.dir/Users/ekremkaracan/pico/pico-sdk/lib/tinyusb/src/common/tusb_fifo.c.obj
                0x0000000010007b8a                tu_fifo_write
 .text.tu_fifo_write_n
                0x0000000010007bf6        0xa CMakeFiles/seatsensor.dir/Users/ekremkaracan/pico/pico-sdk/lib/tinyusb/src/common/tusb_fifo.c.obj
                0x0000000010007bf6                tu_fifo_write_n
 .text.tu_fifo_clear
                0x0000000010007c00       0x4c CMakeFiles/seatsensor.dir/Users/ekremkaracan/pico/pico-sdk/lib/tinyusb/src/common/tusb_fifo.c.obj
                0x0000000010007c00                tu_fifo_clear
 .text.tu_fifo_set_overwritable
                0x0000000010007c4c       0x3c CMakeFiles/seatsensor.dir/Users/ekremkaracan/pico/pico-sdk/lib/tinyusb/src/common/tusb_fifo.c.obj
                0x0000000010007c4c                tu_fifo_set_overwritable
 .text._retrieve_unique_id_on_boot
                0x0000000010007c88       0x10 CMakeFiles/seatsensor.dir/Users/ekremkaracan/pico/pico-sdk/src/rp2_common/pico_unique_id/unique_id.c.obj
 .text.pico_get_unique_board_id
                0x0000000010007c98       0x10 CMakeFiles/seatsensor.dir/Users/ekremkaracan/pico/pico-sdk/src/rp2_common/pico_unique_id/unique_id.c.obj
                0x0000000010007c98                pico_get_unique_board_id
 .text.pico_get_unique_board_id_string
                0x0000000010007ca8       0x60 CMakeFiles/seatsensor.dir/Users/ekremkaracan/pico/pico-sdk/src/rp2_common/pico_unique_id/unique_id.c.obj
                0x0000000010007ca8                pico_get_unique_board_id_string
 .text.flash_get_unique_id
                0x0000000010007d08       0x46 CMakeFiles/seatsensor.dir/Users/ekremkaracan/pico/pico-sdk/src/rp2_common/hardware_flash/flash.c.obj
                0x0000000010007d08                flash_get_unique_id
 *fill*         0x0000000010007d4e        0x2 
 .text._calloc_r
                0x0000000010007d50       0x9c /opt/homebrew/Cellar/arm-none-eabi-gcc/10.3-2021.07/gcc/bin/../lib/gcc/arm-none-eabi/10.3.1/../../../../arm-none-eabi/lib/thumb/v6-m/nofp/libg.a(lib_a-callocr.o)
                0x0000000010007d50                _calloc_r
 .text.__errno  0x0000000010007dec        0xc /opt/homebrew/Cellar/arm-none-eabi-gcc/10.3-2021.07/gcc/bin/../lib/gcc/arm-none-eabi/10.3.1/../../../../arm-none-eabi/lib/thumb/v6-m/nofp/libg.a(lib_a-errno.o)
                0x0000000010007dec                __errno
 .text.malloc   0x0000000010007df8       0x14 /opt/homebrew/Cellar/arm-none-eabi-gcc/10.3-2021.07/gcc/bin/../lib/gcc/arm-none-eabi/10.3.1/../../../../arm-none-eabi/lib/thumb/v6-m/nofp/libg.a(lib_a-malloc.o)
                0x0000000010007df8                malloc
 .text.free     0x0000000010007e0c       0x14 /opt/homebrew/Cellar/arm-none-eabi-gcc/10.3-2021.07/gcc/bin/../lib/gcc/arm-none-eabi/10.3.1/../../../../arm-none-eabi/lib/thumb/v6-m/nofp/libg.a(lib_a-malloc.o)
                0x0000000010007e0c                free
 .text._malloc_r
                0x0000000010007e20      0x584 /opt/homebrew/Cellar/arm-none-eabi-gcc/10.3-2021.07/gcc/bin/../lib/gcc/arm-none-eabi/10.3.1/../../../../arm-none-eabi/lib/thumb/v6-m/nofp/libg.a(lib_a-mallocr.o)
                0x0000000010007e20                _malloc_r
 .text.memcmp   0x00000000100083a4       0x48 /opt/homebrew/Cellar/arm-none-eabi-gcc/10.3-2021.07/gcc/bin/../lib/gcc/arm-none-eabi/10.3.1/../../../../arm-none-eabi/lib/thumb/v6-m/nofp/libg.a(lib_a-memcmp.o)
                0x00000000100083a4                memcmp
 .text.__malloc_lock
                0x00000000100083ec       0x10 /opt/homebrew/Cellar/arm-none-eabi-gcc/10.3-2021.07/gcc/bin/../lib/gcc/arm-none-eabi/10.3.1/../../../../arm-none-eabi/lib/thumb/v6-m/nofp/libg.a(lib_a-mlock.o)
                0x00000000100083ec                __malloc_lock
 .text.__malloc_unlock
                0x00000000100083fc       0x10 /opt/homebrew/Cellar/arm-none-eabi-gcc/10.3-2021.07/gcc/bin/../lib/gcc/arm-none-eabi/10.3.1/../../../../arm-none-eabi/lib/thumb/v6-m/nofp/libg.a(lib_a-mlock.o)
                0x00000000100083fc                __malloc_unlock
 .text.realloc  0x000000001000840c       0x18 /opt/homebrew/Cellar/arm-none-eabi-gcc/10.3-2021.07/gcc/bin/../lib/gcc/arm-none-eabi/10.3.1/../../../../arm-none-eabi/lib/thumb/v6-m/nofp/libg.a(lib_a-realloc.o)
                0x000000001000840c                realloc
 .text._realloc_r
                0x0000000010008424      0x354 /opt/homebrew/Cellar/arm-none-eabi-gcc/10.3-2021.07/gcc/bin/../lib/gcc/arm-none-eabi/10.3.1/../../../../arm-none-eabi/lib/thumb/v6-m/nofp/libg.a(lib_a-reallocr.o)
                0x0000000010008424                _realloc_r
 .text._sbrk_r  0x0000000010008778       0x24 /opt/homebrew/Cellar/arm-none-eabi-gcc/10.3-2021.07/gcc/bin/../lib/gcc/arm-none-eabi/10.3.1/../../../../arm-none-eabi/lib/thumb/v6-m/nofp/libg.a(lib_a-sbrkr.o)
                0x0000000010008778                _sbrk_r
 .text.sscanf   0x000000001000879c       0x50 /opt/homebrew/Cellar/arm-none-eabi-gcc/10.3-2021.07/gcc/bin/../lib/gcc/arm-none-eabi/10.3.1/../../../../arm-none-eabi/lib/thumb/v6-m/nofp/libg.a(lib_a-sscanf.o)
                0x000000001000879c                sscanf
 .text.__seofread
                0x00000000100087ec        0x4 /opt/homebrew/Cellar/arm-none-eabi-gcc/10.3-2021.07/gcc/bin/../lib/gcc/arm-none-eabi/10.3.1/../../../../arm-none-eabi/lib/thumb/v6-m/nofp/libg.a(lib_a-stdio.o)
                0x00000000100087ec                __seofread
 .text.strcasecmp
                0x00000000100087f0       0x44 /opt/homebrew/Cellar/arm-none-eabi-gcc/10.3-2021.07/gcc/bin/../lib/gcc/arm-none-eabi/10.3.1/../../../../arm-none-eabi/lib/thumb/v6-m/nofp/libg.a(lib_a-strcasecmp.o)
                0x00000000100087f0                strcasecmp
 .text          0x0000000010008834       0x88 /opt/homebrew/Cellar/arm-none-eabi-gcc/10.3-2021.07/gcc/bin/../lib/gcc/arm-none-eabi/10.3.1/../../../../arm-none-eabi/lib/thumb/v6-m/nofp/libg.a(lib_a-strcmp.o)
                0x0000000010008834                strcmp
 .text.strcpy   0x00000000100088bc       0x10 /opt/homebrew/Cellar/arm-none-eabi-gcc/10.3-2021.07/gcc/bin/../lib/gcc/arm-none-eabi/10.3.1/../../../../arm-none-eabi/lib/thumb/v6-m/nofp/libg.a(lib_a-strcpy.o)
                0x00000000100088bc                strcpy
 .text.strlen   0x00000000100088cc       0x5c /opt/homebrew/Cellar/arm-none-eabi-gcc/10.3-2021.07/gcc/bin/../lib/gcc/arm-none-eabi/10.3.1/../../../../arm-none-eabi/lib/thumb/v6-m/nofp/libg.a(lib_a-strlen-stub.o)
                0x00000000100088cc                strlen
 .text.__ssvfscanf_r
                0x0000000010008928     0x17a0 /opt/homebrew/Cellar/arm-none-eabi-gcc/10.3-2021.07/gcc/bin/../lib/gcc/arm-none-eabi/10.3.1/../../../../arm-none-eabi/lib/thumb/v6-m/nofp/libg.a(lib_a-svfscanf.o)
                0x0000000010008928                __ssvfscanf_r
 .text._malloc_trim_r
                0x000000001000a0c8       0x9c /opt/homebrew/Cellar/arm-none-eabi-gcc/10.3-2021.07/gcc/bin/../lib/gcc/arm-none-eabi/10.3.1/../../../../arm-none-eabi/lib/thumb/v6-m/nofp/libg.a(lib_a-freer.o)
                0x000000001000a0c8                _malloc_trim_r
 .text._free_r  0x000000001000a164      0x1c4 /opt/homebrew/Cellar/arm-none-eabi-gcc/10.3-2021.07/gcc/bin/../lib/gcc/arm-none-eabi/10.3.1/../../../../arm-none-eabi/lib/thumb/v6-m/nofp/libg.a(lib_a-freer.o)
                0x000000001000a164                _free_r
 .text.iswspace
                0x000000001000a328        0xc /opt/homebrew/Cellar/arm-none-eabi-gcc/10.3-2021.07/gcc/bin/../lib/gcc/arm-none-eabi/10.3.1/../../../../arm-none-eabi/lib/thumb/v6-m/nofp/libg.a(lib_a-iswspace.o)
                0x000000001000a328                iswspace
 .text.iswspace_l
                0x000000001000a334       0x18 /opt/homebrew/Cellar/arm-none-eabi-gcc/10.3-2021.07/gcc/bin/../lib/gcc/arm-none-eabi/10.3.1/../../../../arm-none-eabi/lib/thumb/v6-m/nofp/libg.a(lib_a-iswspace_l.o)
                0x000000001000a334                iswspace_l
 .text.__locale_mb_cur_max
                0x000000001000a34c       0x10 /opt/homebrew/Cellar/arm-none-eabi-gcc/10.3-2021.07/gcc/bin/../lib/gcc/arm-none-eabi/10.3.1/../../../../arm-none-eabi/lib/thumb/v6-m/nofp/libg.a(lib_a-locale.o)
                0x000000001000a34c                __locale_mb_cur_max
 .text._localeconv_r
                0x000000001000a35c        0x8 /opt/homebrew/Cellar/arm-none-eabi-gcc/10.3-2021.07/gcc/bin/../lib/gcc/arm-none-eabi/10.3.1/../../../../arm-none-eabi/lib/thumb/v6-m/nofp/libg.a(lib_a-localeconv.o)
                0x000000001000a35c                _localeconv_r
 .text.__retarget_lock_acquire_recursive
                0x000000001000a364        0x4 /opt/homebrew/Cellar/arm-none-eabi-gcc/10.3-2021.07/gcc/bin/../lib/gcc/arm-none-eabi/10.3.1/../../../../arm-none-eabi/lib/thumb/v6-m/nofp/libg.a(lib_a-lock.o)
                0x000000001000a364                __retarget_lock_acquire_recursive
 .text.__retarget_lock_release_recursive
                0x000000001000a368        0x4 /opt/homebrew/Cellar/arm-none-eabi-gcc/10.3-2021.07/gcc/bin/../lib/gcc/arm-none-eabi/10.3.1/../../../../arm-none-eabi/lib/thumb/v6-m/nofp/libg.a(lib_a-lock.o)
                0x000000001000a368                __retarget_lock_release_recursive
 .text._mbrtowc_r
                0x000000001000a36c       0x4c /opt/homebrew/Cellar/arm-none-eabi-gcc/10.3-2021.07/gcc/bin/../lib/gcc/arm-none-eabi/10.3.1/../../../../arm-none-eabi/lib/thumb/v6-m/nofp/libg.a(lib_a-mbrtowc.o)
                0x000000001000a36c                _mbrtowc_r
 .text.__ascii_mbtowc
                0x000000001000a3b8       0x2c /opt/homebrew/Cellar/arm-none-eabi-gcc/10.3-2021.07/gcc/bin/../lib/gcc/arm-none-eabi/10.3.1/../../../../arm-none-eabi/lib/thumb/v6-m/nofp/libg.a(lib_a-mbtowc_r.o)
                0x000000001000a3b8                __ascii_mbtowc
 .text.memmove  0x000000001000a3e4       0xac /opt/homebrew/Cellar/arm-none-eabi-gcc/10.3-2021.07/gcc/bin/../lib/gcc/arm-none-eabi/10.3.1/../../../../arm-none-eabi/lib/thumb/v6-m/nofp/libg.a(lib_a-memmove.o)
                0x000000001000a3e4                memmove
 .text.__sccl   0x000000001000a490       0x80 /opt/homebrew/Cellar/arm-none-eabi-gcc/10.3-2021.07/gcc/bin/../lib/gcc/arm-none-eabi/10.3.1/../../../../arm-none-eabi/lib/thumb/v6-m/nofp/libg.a(lib_a-sccl.o)
                0x000000001000a490                __sccl
 .text.nanf     0x000000001000a510        0x8 /opt/homebrew/Cellar/arm-none-eabi-gcc/10.3-2021.07/gcc/bin/../lib/gcc/arm-none-eabi/10.3.1/../../../../arm-none-eabi/lib/thumb/v6-m/nofp/libg.a(lib_a-sf_nan.o)
                0x000000001000a510                nanf
 .text._strtod_l
                0x000000001000a518      0xf78 /opt/homebrew/Cellar/arm-none-eabi-gcc/10.3-2021.07/gcc/bin/../lib/gcc/arm-none-eabi/10.3.1/../../../../arm-none-eabi/lib/thumb/v6-m/nofp/libg.a(lib_a-strtod.o)
                0x000000001000a518                _strtod_l
 .text._strtod_r
                0x000000001000b490       0x10 /opt/homebrew/Cellar/arm-none-eabi-gcc/10.3-2021.07/gcc/bin/../lib/gcc/arm-none-eabi/10.3.1/../../../../arm-none-eabi/lib/thumb/v6-m/nofp/libg.a(lib_a-strtod.o)
                0x000000001000b490                _strtod_r
 .text._strtol_l.part.0
                0x000000001000b4a0      0x144 /opt/homebrew/Cellar/arm-none-eabi-gcc/10.3-2021.07/gcc/bin/../lib/gcc/arm-none-eabi/10.3.1/../../../../arm-none-eabi/lib/thumb/v6-m/nofp/libg.a(lib_a-strtol.o)
 .text._strtol_r
                0x000000001000b5e4       0x1c /opt/homebrew/Cellar/arm-none-eabi-gcc/10.3-2021.07/gcc/bin/../lib/gcc/arm-none-eabi/10.3.1/../../../../arm-none-eabi/lib/thumb/v6-m/nofp/libg.a(lib_a-strtol.o)
                0x000000001000b5e4                _strtol_r
 .text._strtoll_l.constprop.0
                0x000000001000b600      0x198 /opt/homebrew/Cellar/arm-none-eabi-gcc/10.3-2021.07/gcc/bin/../lib/gcc/arm-none-eabi/10.3.1/../../../../arm-none-eabi/lib/thumb/v6-m/nofp/libg.a(lib_a-strtoll.o)
 .text._strtoll_r
                0x000000001000b798        0x8 /opt/homebrew/Cellar/arm-none-eabi-gcc/10.3-2021.07/gcc/bin/../lib/gcc/arm-none-eabi/10.3.1/../../../../arm-none-eabi/lib/thumb/v6-m/nofp/libg.a(lib_a-strtoll.o)
                0x000000001000b798                _strtoll_r
 .text._strtoul_l.constprop.0
                0x000000001000b7a0      0x148 /opt/homebrew/Cellar/arm-none-eabi-gcc/10.3-2021.07/gcc/bin/../lib/gcc/arm-none-eabi/10.3.1/../../../../arm-none-eabi/lib/thumb/v6-m/nofp/libg.a(lib_a-strtoul.o)
 .text._strtoul_r
                0x000000001000b8e8        0x8 /opt/homebrew/Cellar/arm-none-eabi-gcc/10.3-2021.07/gcc/bin/../lib/gcc/arm-none-eabi/10.3.1/../../../../arm-none-eabi/lib/thumb/v6-m/nofp/libg.a(lib_a-strtoul.o)
                0x000000001000b8e8                _strtoul_r
 .text._strtoull_l.constprop.0
                0x000000001000b8f0      0x1bc /opt/homebrew/Cellar/arm-none-eabi-gcc/10.3-2021.07/gcc/bin/../lib/gcc/arm-none-eabi/10.3.1/../../../../arm-none-eabi/lib/thumb/v6-m/nofp/libg.a(lib_a-strtoull.o)
 .text._strtoull_r
                0x000000001000baac        0x8 /opt/homebrew/Cellar/arm-none-eabi-gcc/10.3-2021.07/gcc/bin/../lib/gcc/arm-none-eabi/10.3.1/../../../../arm-none-eabi/lib/thumb/v6-m/nofp/libg.a(lib_a-strtoull.o)
                0x000000001000baac                _strtoull_r
 .text._sungetc_r
                0x000000001000bab4       0x84 /opt/homebrew/Cellar/arm-none-eabi-gcc/10.3-2021.07/gcc/bin/../lib/gcc/arm-none-eabi/10.3.1/../../../../arm-none-eabi/lib/thumb/v6-m/nofp/libg.a(lib_a-svfiscanf.o)
                0x000000001000bab4                _sungetc_r
 .text.__ssrefill_r
                0x000000001000bb38       0x40 /opt/homebrew/Cellar/arm-none-eabi-gcc/10.3-2021.07/gcc/bin/../lib/gcc/arm-none-eabi/10.3.1/../../../../arm-none-eabi/lib/thumb/v6-m/nofp/libg.a(lib_a-svfiscanf.o)
                0x000000001000bb38                __ssrefill_r
 .text._sfread_r
                0x000000001000bb78       0xc4 /opt/homebrew/Cellar/arm-none-eabi-gcc/10.3-2021.07/gcc/bin/../lib/gcc/arm-none-eabi/10.3.1/../../../../arm-none-eabi/lib/thumb/v6-m/nofp/libg.a(lib_a-svfiscanf.o)
                0x000000001000bb78                _sfread_r
 .text.__submore
                0x000000001000bc3c       0x84 /opt/homebrew/Cellar/arm-none-eabi-gcc/10.3-2021.07/gcc/bin/../lib/gcc/arm-none-eabi/10.3.1/../../../../arm-none-eabi/lib/thumb/v6-m/nofp/libg.a(lib_a-ungetc.o)
                0x000000001000bc3c                __submore
 .text.__ascii_wctomb
                0x000000001000bcc0       0x1c /opt/homebrew/Cellar/arm-none-eabi-gcc/10.3-2021.07/gcc/bin/../lib/gcc/arm-none-eabi/10.3.1/../../../../arm-none-eabi/lib/thumb/v6-m/nofp/libg.a(lib_a-wctomb_r.o)
                0x000000001000bcc0                __ascii_wctomb
 .text.rshift   0x000000001000bcdc       0xa4 /opt/homebrew/Cellar/arm-none-eabi-gcc/10.3-2021.07/gcc/bin/../lib/gcc/arm-none-eabi/10.3.1/../../../../arm-none-eabi/lib/thumb/v6-m/nofp/libg.a(lib_a-gdtoa-gethex.o)
 .text.__gethex
                0x000000001000bd80      0x5cc /opt/homebrew/Cellar/arm-none-eabi-gcc/10.3-2021.07/gcc/bin/../lib/gcc/arm-none-eabi/10.3.1/../../../../arm-none-eabi/lib/thumb/v6-m/nofp/libg.a(lib_a-gdtoa-gethex.o)
                0x000000001000bd80                __gethex
 .text.__match  0x000000001000c34c       0x2c /opt/homebrew/Cellar/arm-none-eabi-gcc/10.3-2021.07/gcc/bin/../lib/gcc/arm-none-eabi/10.3.1/../../../../arm-none-eabi/lib/thumb/v6-m/nofp/libg.a(lib_a-gdtoa-hexnan.o)
                0x000000001000c34c                __match
 .text.__hexnan
                0x000000001000c378      0x1d0 /opt/homebrew/Cellar/arm-none-eabi-gcc/10.3-2021.07/gcc/bin/../lib/gcc/arm-none-eabi/10.3.1/../../../../arm-none-eabi/lib/thumb/v6-m/nofp/libg.a(lib_a-gdtoa-hexnan.o)
                0x000000001000c378                __hexnan
 .text._Balloc  0x000000001000c548       0x50 /opt/homebrew/Cellar/arm-none-eabi-gcc/10.3-2021.07/gcc/bin/../lib/gcc/arm-none-eabi/10.3.1/../../../../arm-none-eabi/lib/thumb/v6-m/nofp/libg.a(lib_a-mprec.o)
                0x000000001000c548                _Balloc
 .text._Bfree   0x000000001000c598       0x14 /opt/homebrew/Cellar/arm-none-eabi-gcc/10.3-2021.07/gcc/bin/../lib/gcc/arm-none-eabi/10.3.1/../../../../arm-none-eabi/lib/thumb/v6-m/nofp/libg.a(lib_a-mprec.o)
                0x000000001000c598                _Bfree
 .text.__multadd
                0x000000001000c5ac       0xa8 /opt/homebrew/Cellar/arm-none-eabi-gcc/10.3-2021.07/gcc/bin/../lib/gcc/arm-none-eabi/10.3.1/../../../../arm-none-eabi/lib/thumb/v6-m/nofp/libg.a(lib_a-mprec.o)
                0x000000001000c5ac                __multadd
 .text.__s2b    0x000000001000c654       0xb0 /opt/homebrew/Cellar/arm-none-eabi-gcc/10.3-2021.07/gcc/bin/../lib/gcc/arm-none-eabi/10.3.1/../../../../arm-none-eabi/lib/thumb/v6-m/nofp/libg.a(lib_a-mprec.o)
                0x000000001000c654                __s2b
 .text.__hi0bits
                0x000000001000c704       0x38 /opt/homebrew/Cellar/arm-none-eabi-gcc/10.3-2021.07/gcc/bin/../lib/gcc/arm-none-eabi/10.3.1/../../../../arm-none-eabi/lib/thumb/v6-m/nofp/libg.a(lib_a-mprec.o)
                0x000000001000c704                __hi0bits
 .text.__lo0bits
                0x000000001000c73c       0x5c /opt/homebrew/Cellar/arm-none-eabi-gcc/10.3-2021.07/gcc/bin/../lib/gcc/arm-none-eabi/10.3.1/../../../../arm-none-eabi/lib/thumb/v6-m/nofp/libg.a(lib_a-mprec.o)
                0x000000001000c73c                __lo0bits
 .text.__i2b    0x000000001000c798       0x60 /opt/homebrew/Cellar/arm-none-eabi-gcc/10.3-2021.07/gcc/bin/../lib/gcc/arm-none-eabi/10.3.1/../../../../arm-none-eabi/lib/thumb/v6-m/nofp/libg.a(lib_a-mprec.o)
                0x000000001000c798                __i2b
 .text.__multiply
                0x000000001000c7f8      0x1a4 /opt/homebrew/Cellar/arm-none-eabi-gcc/10.3-2021.07/gcc/bin/../lib/gcc/arm-none-eabi/10.3.1/../../../../arm-none-eabi/lib/thumb/v6-m/nofp/libg.a(lib_a-mprec.o)
                0x000000001000c7f8                __multiply
 .text.__pow5mult
                0x000000001000c99c       0xd8 /opt/homebrew/Cellar/arm-none-eabi-gcc/10.3-2021.07/gcc/bin/../lib/gcc/arm-none-eabi/10.3.1/../../../../arm-none-eabi/lib/thumb/v6-m/nofp/libg.a(lib_a-mprec.o)
                0x000000001000c99c                __pow5mult
 .text.__lshift
                0x000000001000ca74       0xfc /opt/homebrew/Cellar/arm-none-eabi-gcc/10.3-2021.07/gcc/bin/../lib/gcc/arm-none-eabi/10.3.1/../../../../arm-none-eabi/lib/thumb/v6-m/nofp/libg.a(lib_a-mprec.o)
                0x000000001000ca74                __lshift
 .text.__mcmp   0x000000001000cb70       0x34 /opt/homebrew/Cellar/arm-none-eabi-gcc/10.3-2021.07/gcc/bin/../lib/gcc/arm-none-eabi/10.3.1/../../../../arm-none-eabi/lib/thumb/v6-m/nofp/libg.a(lib_a-mprec.o)
                0x000000001000cb70                __mcmp
 .text.__mdiff  0x000000001000cba4      0x18c /opt/homebrew/Cellar/arm-none-eabi-gcc/10.3-2021.07/gcc/bin/../lib/gcc/arm-none-eabi/10.3.1/../../../../arm-none-eabi/lib/thumb/v6-m/nofp/libg.a(lib_a-mprec.o)
                0x000000001000cba4                __mdiff
 .text.__ulp    0x000000001000cd30       0x48 /opt/homebrew/Cellar/arm-none-eabi-gcc/10.3-2021.07/gcc/bin/../lib/gcc/arm-none-eabi/10.3.1/../../../../arm-none-eabi/lib/thumb/v6-m/nofp/libg.a(lib_a-mprec.o)
                0x000000001000cd30                __ulp
 .text.__b2d    0x000000001000cd78       0xc8 /opt/homebrew/Cellar/arm-none-eabi-gcc/10.3-2021.07/gcc/bin/../lib/gcc/arm-none-eabi/10.3.1/../../../../arm-none-eabi/lib/thumb/v6-m/nofp/libg.a(lib_a-mprec.o)
                0x000000001000cd78                __b2d
 .text.__d2b    0x000000001000ce40       0xd8 /opt/homebrew/Cellar/arm-none-eabi-gcc/10.3-2021.07/gcc/bin/../lib/gcc/arm-none-eabi/10.3.1/../../../../arm-none-eabi/lib/thumb/v6-m/nofp/libg.a(lib_a-mprec.o)
                0x000000001000ce40                __d2b
 .text.__ratio  0x000000001000cf18       0x68 /opt/homebrew/Cellar/arm-none-eabi-gcc/10.3-2021.07/gcc/bin/../lib/gcc/arm-none-eabi/10.3.1/../../../../arm-none-eabi/lib/thumb/v6-m/nofp/libg.a(lib_a-mprec.o)
                0x000000001000cf18                __ratio
 .text.__copybits
                0x000000001000cf80       0x40 /opt/homebrew/Cellar/arm-none-eabi-gcc/10.3-2021.07/gcc/bin/../lib/gcc/arm-none-eabi/10.3.1/../../../../arm-none-eabi/lib/thumb/v6-m/nofp/libg.a(lib_a-mprec.o)
                0x000000001000cf80                __copybits
 .text.__any_on
                0x000000001000cfc0       0x50 /opt/homebrew/Cellar/arm-none-eabi-gcc/10.3-2021.07/gcc/bin/../lib/gcc/arm-none-eabi/10.3.1/../../../../arm-none-eabi/lib/thumb/v6-m/nofp/libg.a(lib_a-mprec.o)
                0x000000001000cfc0                __any_on
 .text.nan      0x000000001000d010        0xc /opt/homebrew/Cellar/arm-none-eabi-gcc/10.3-2021.07/gcc/bin/../lib/gcc/arm-none-eabi/10.3.1/../../../../arm-none-eabi/lib/thumb/v6-m/nofp/libg.a(lib_a-s_nan.o)
                0x000000001000d010                nan
 .text.strncmp  0x000000001000d01c       0x74 /opt/homebrew/Cellar/arm-none-eabi-gcc/10.3-2021.07/gcc/bin/../lib/gcc/arm-none-eabi/10.3.1/../../../../arm-none-eabi/lib/thumb/v6-m/nofp/libg.a(lib_a-strncmp.o)
                0x000000001000d01c                strncmp
 *(.fini)
 .fini          0x000000001000d090        0x4 /opt/homebrew/Cellar/arm-none-eabi-gcc/10.3-2021.07/gcc/bin/../lib/gcc/arm-none-eabi/10.3.1/thumb/v6-m/nofp/crti.o
                0x000000001000d090                _fini
 *fill*         0x000000001000d094        0x4 
 .fini.__stub   0x000000001000d098       0xa0 linker stubs
 *crtbegin.o(.ctors)
 *crtbegin?.o(.ctors)
 *(EXCLUDE_FILE(*crtend.o *crtend?.o) .ctors)
 *(SORT_BY_NAME(.ctors.*))
 *(.ctors)
 *crtbegin.o(.dtors)
 *crtbegin?.o(.dtors)
 *(EXCLUDE_FILE(*crtend.o *crtend?.o) .dtors)
 *(SORT_BY_NAME(.dtors.*))
 *(.dtors)
 *(.eh_frame*)
 .eh_frame      0x000000001000d138        0x0 /opt/homebrew/Cellar/arm-none-eabi-gcc/10.3-2021.07/gcc/bin/../lib/gcc/arm-none-eabi/10.3.1/thumb/v6-m/nofp/crtbegin.o
                0x000000001000d138                . = ALIGN (0x4)

.glue_7         0x000000001000d138        0x0
 .glue_7        0x000000001000d138        0x0 linker stubs

.glue_7t        0x000000001000d138        0x0
 .glue_7t       0x000000001000d138        0x0 linker stubs

.vfp11_veneer   0x000000001000d138        0x0
 .vfp11_veneer  0x000000001000d138        0x0 linker stubs

.v4_bx          0x000000001000d138        0x0
 .v4_bx         0x000000001000d138        0x0 linker stubs

.iplt           0x000000001000d138        0x0
 .iplt          0x000000001000d138        0x0 /opt/homebrew/Cellar/arm-none-eabi-gcc/10.3-2021.07/gcc/bin/../lib/gcc/arm-none-eabi/10.3.1/thumb/v6-m/nofp/crtbegin.o

.rodata         0x000000001000d138     0x2274
 *(EXCLUDE_FILE(*libm.a: *libc.a:*lib_a-mem*.o *libgcc.a:) .rodata*)
 .rodata.System.str1.4
                0x000000001000d138       0xf3 CMakeFiles/seatsensor.dir/seatsensor.c.obj
 *fill*         0x000000001000d22b        0x1 
 .rodata.System
                0x000000001000d22c       0x1c CMakeFiles/seatsensor.dir/seatsensor.c.obj
 .rodata.GetBoardID.str1.4
                0x000000001000d248        0x5 CMakeFiles/seatsensor.dir/common.c.obj
 *fill*         0x000000001000d24d        0x3 
 .rodata.input_loop.str1.4
                0x000000001000d250        0x8 CMakeFiles/seatsensor.dir/common.c.obj
 .rodata.spin_lock_claim_unused.str1.4
                0x000000001000d258       0x1b CMakeFiles/seatsensor.dir/Users/ekremkaracan/pico/pico-sdk/src/rp2_common/hardware_sync/sync.c.obj
 *fill*         0x000000001000d273        0x1 
 .rodata.make_branch.str1.4
                0x000000001000d274       0x74 CMakeFiles/seatsensor.dir/Users/ekremkaracan/pico/pico-sdk/src/rp2_common/hardware_irq/irq.c.obj
 .rodata.insert_branch_and_link.str1.4
                0x000000001000d2e8       0x10 CMakeFiles/seatsensor.dir/Users/ekremkaracan/pico/pico-sdk/src/rp2_common/hardware_irq/irq.c.obj
 .rodata.irq_set_exclusive_handler.str1.4
                0x000000001000d2f8       0x36 CMakeFiles/seatsensor.dir/Users/ekremkaracan/pico/pico-sdk/src/rp2_common/hardware_irq/irq.c.obj
 *fill*         0x000000001000d32e        0x2 
 .rodata.irq_add_shared_handler.str1.4
                0x000000001000d330       0xd9 CMakeFiles/seatsensor.dir/Users/ekremkaracan/pico/pico-sdk/src/rp2_common/hardware_irq/irq.c.obj
 *fill*         0x000000001000d409        0x3 
 .rodata.irq_remove_handler.str1.4
                0x000000001000d40c       0x2a CMakeFiles/seatsensor.dir/Users/ekremkaracan/pico/pico-sdk/src/rp2_common/hardware_irq/irq.c.obj
 *fill*         0x000000001000d436        0x2 
 .rodata.irq_add_tail_to_free_list.str1.4
                0x000000001000d438       0x3a CMakeFiles/seatsensor.dir/Users/ekremkaracan/pico/pico-sdk/src/rp2_common/hardware_irq/irq.c.obj
 *fill*         0x000000001000d472        0x2 
 .rodata.user_irq_claim_unused.str1.4
                0x000000001000d474       0x1b CMakeFiles/seatsensor.dir/Users/ekremkaracan/pico/pico-sdk/src/rp2_common/hardware_irq/irq.c.obj
 *fill*         0x000000001000d48f        0x1 
 .rodata.__func__.0
                0x000000001000d490       0x1a CMakeFiles/seatsensor.dir/Users/ekremkaracan/pico/pico-sdk/src/rp2_common/hardware_irq/irq.c.obj
 *fill*         0x000000001000d4aa        0x2 
 .rodata.__func__.1
                0x000000001000d4ac       0x17 CMakeFiles/seatsensor.dir/Users/ekremkaracan/pico/pico-sdk/src/rp2_common/hardware_irq/irq.c.obj
 *fill*         0x000000001000d4c3        0x1 
 .rodata.__func__.2
                0x000000001000d4c4       0x13 CMakeFiles/seatsensor.dir/Users/ekremkaracan/pico/pico-sdk/src/rp2_common/hardware_irq/irq.c.obj
 *fill*         0x000000001000d4d7        0x1 
 .rodata.__func__.3